../IoTVisionLibrary/Src/74HC595.c:11:16:HC595_AssignPin	24	static
../IoTVisionLibrary/Src/74HC595.c:58:20:ByteSlitting	32	static
../IoTVisionLibrary/Src/74HC595.c:84:16:HC595_ShiftOut	24	static
../IoTVisionLibrary/Src/74HC595.c:115:6:HC595_ReturnValueToString	24	static
../IoTVisionLibrary/Src/74HC595.c:125:6:HC595_SetBitOutput	16	static
../IoTVisionLibrary/Src/74HC595.c:130:6:HC595_ClearBitOutput	16	static
../IoTVisionLibrary/Src/74HC595.c:135:6:HC595_SetByteOutput	16	static
../IoTVisionLibrary/Src/74HC595.c:140:6:HC595_ClearByteOutput	16	static
../IoTVisionLibrary/Src/74HC595.c:145:16:HC595_SetTarget	16	static
../IoTVisionLibrary/Src/74HC595.c:152:6:HC595_TestOutput	16	static
../IoTVisionLibrary/Src/74HC595.c:170:6:HC595_TestPin	16	static
../IoTVisionLibrary/Src/74HC595.c:179:6:HC595_EnableOutput	8	static
../IoTVisionLibrary/Src/74HC595.c:184:6:HC595_DisableOutput	8	static
