../Core/Src/main.c:65:6:CAN_FILTER0_CONFIG	48	static
../Core/Src/main.c:82:6:CAN_FILTER1_CONFIG	48	static
../Core/Src/main.c:99:6:CAN_FILTER2_CONFIG	48	static
../Core/Src/main.c:116:6:HAL_CAN_RxFifo0MsgPendingCallback	16	static
../Core/Src/main.c:125:6:HAL_CAN_RxFifo1MsgPendingCallback	16	static,ignoring_inline_asm
../Core/Src/main.c:134:5:main	8	static
../Core/Src/main.c:182:6:SystemClock_Config	72	static
../Core/Src/main.c:222:13:MX_CAN_Init	8	static
../Core/Src/main.c:259:13:MX_GPIO_Init	40	static
../Core/Src/main.c:292:6:Error_Handler	4	static,ignoring_inline_asm
