../Core/Src/main.c:186:6:PIDBLDC	16	static
../Core/Src/main.c:196:6:PIDDCSpeed	16	static
../Core/Src/main.c:207:6:PIDDCPos	24	static
../Core/Src/main.c:229:6:SetAndResetU2parameter	16	static
../Core/Src/main.c:255:6:HomeFinding	8	static
../Core/Src/main.c:317:6:MergeByteToFloat	24	static
../Core/Src/main.c:333:6:HAL_UART_RxCpltCallback	16	static
../Core/Src/main.c:344:5:main	168	static
../Core/Src/main.c:444:6:SystemClock_Config	72	static
../Core/Src/main.c:484:13:MX_TIM2_Init	48	static
../Core/Src/main.c:541:13:MX_TIM3_Init	56	static
../Core/Src/main.c:590:13:MX_TIM4_Init	56	static
../Core/Src/main.c:639:13:MX_USART1_UART_Init	8	static
../Core/Src/main.c:672:13:MX_GPIO_Init	40	static
../Core/Src/main.c:715:6:StartCalPIDDC	16	static
../Core/Src/main.c:744:6:StartCalPIDBLDC	16	static
../Core/Src/main.c:776:6:StartLogicControl	16	static
../Core/Src/main.c:806:6:HAL_TIM_PeriodElapsedCallback	16	static
../Core/Src/main.c:823:6:Error_Handler	4	static,ignoring_inline_asm
