../Core/Src/main.c:189:6:PIDBLDC	16	static
../Core/Src/main.c:199:6:PIDDCSpeed	16	static
../Core/Src/main.c:210:6:PIDDCPos	24	static
../Core/Src/main.c:232:6:SetAndResetU2parameter	16	static
../Core/Src/main.c:258:6:HomeFinding	8	static
../Core/Src/main.c:321:6:SolveMainTask	24	static
../Core/Src/main.c:364:6:HAL_UARTEx_RxEventCallback	16	static
../Core/Src/main.c:385:5:main	168	static
../Core/Src/main.c:487:6:SystemClock_Config	72	static
../Core/Src/main.c:527:13:MX_TIM2_Init	48	static
../Core/Src/main.c:584:13:MX_TIM3_Init	56	static
../Core/Src/main.c:633:13:MX_TIM4_Init	56	static
../Core/Src/main.c:682:13:MX_USART1_UART_Init	8	static
../Core/Src/main.c:713:13:MX_DMA_Init	16	static
../Core/Src/main.c:731:13:MX_GPIO_Init	40	static
../Core/Src/main.c:774:6:StartCalPIDDC	16	static
../Core/Src/main.c:804:6:StartCalPIDBLDC	16	static
../Core/Src/main.c:837:6:StartLogicControl	16	static
../Core/Src/main.c:867:6:HAL_TIM_PeriodElapsedCallback	16	static
../Core/Src/main.c:884:6:Error_Handler	4	static,ignoring_inline_asm
