D:/Robocon-2024/Main_F407/CAN/Src/CAN_FuncHandle.c:15:6:canfunc_HandleRxEvent	24	static
D:/Robocon-2024/Main_F407/CAN/Src/CAN_FuncHandle.c:29:6:canfunc_RTR_SpeedAngle	32	static
D:/Robocon-2024/Main_F407/CAN/Src/CAN_FuncHandle.c:36:6:canfunc_RTR_PID	104	static
D:/Robocon-2024/Main_F407/CAN/Src/CAN_FuncHandle.c:42:6:canfunc_GetBoolValue	16	static
D:/Robocon-2024/Main_F407/CAN/Src/CAN_FuncHandle.c:50:6:canfunc_SetBoolValue	24	static
D:/Robocon-2024/Main_F407/CAN/Src/CAN_FuncHandle.c:62:10:canfunc_MotorGetEncoderPulseBLDC	16	static
D:/Robocon-2024/Main_F407/CAN/Src/CAN_FuncHandle.c:69:6:canfunc_MotorPutSpeedAndAngle	16	static
D:/Robocon-2024/Main_F407/CAN/Src/CAN_FuncHandle.c:75:23:canfunc_MotorGetSpeedAndAngle	24	static
D:/Robocon-2024/Main_F407/CAN/Src/CAN_FuncHandle.c:90:19:canfunc_PutAndSendParamPID	40	static
D:/Robocon-2024/Main_F407/CAN/Src/CAN_FuncHandle.c:116:6:canfunc_Convert_CAN_PID_to_PID_Param	8	static
D:/Robocon-2024/Main_F407/CAN/Src/CAN_FuncHandle.c:125:10:canfunc_GetTypePID	40	static
D:/Robocon-2024/Main_F407/CAN/Src/CAN_FuncHandle.c:131:6:canfunc_GetPID	32	static
