../Core/Src/main.c:90:6:ControlDriver	48	static
../Core/Src/main.c:126:6:SolveMainTask	24	static
../Core/Src/main.c:207:6:GetDataCompass	16	static
../Core/Src/main.c:223:6:Receive	24	static
../Core/Src/main.c:234:6:HAL_UARTEx_RxEventCallback	16	static
../Core/Src/main.c:244:6:HAL_UART_RxCpltCallback	32	static
../Core/Src/main.c:355:8:quadrantCheck	16	static
../Core/Src/main.c:390:6:SwerveInit	16	static
../Core/Src/main.c:408:7:modulo360	24	static
../Core/Src/main.c:417:7:modulo180	24	static
../Core/Src/main.c:426:6:OptimizeAngle	24	static
../Core/Src/main.c:494:6:InverseKine	48	static
../Core/Src/main.c:675:6:HAL_GPIO_EXTI_Callback	16	static
../Core/Src/main.c:687:6:OdoCountLogic	16	static
../Core/Src/main.c:747:8:PointDistances	32	static
../Core/Src/main.c:755:5:sgn	16	static
../Core/Src/main.c:762:8:min	32	static
../Core/Src/main.c:773:8:max	32	static
../Core/Src/main.c:784:8:absDouble	24	static
../Core/Src/main.c:792:6:PurePursuilt	56	static
../Core/Src/main.c:907:6:SteadyStateCheck	8	static
../Core/Src/main.c:926:6:ResetCheckPara	4	static
../Core/Src/main.c:935:6:PIDPathFollow	24	static
../Core/Src/main.c:959:6:TrajectoryCtr1	40	static
../Core/Src/main.c:1005:5:main	104	static
../Core/Src/main.c:1123:6:SystemClock_Config	88	static
../Core/Src/main.c:1169:13:MX_TIM2_Init	32	static
../Core/Src/main.c:1214:13:MX_UART4_Init	8	static
../Core/Src/main.c:1247:13:MX_USART1_UART_Init	8	static
../Core/Src/main.c:1280:13:MX_USART2_UART_Init	8	static
../Core/Src/main.c:1313:13:MX_USART3_UART_Init	8	static
../Core/Src/main.c:1344:13:MX_DMA_Init	16	static
../Core/Src/main.c:1362:13:MX_GPIO_Init	48	static
../Core/Src/main.c:1402:6:PathTracking	16	static
../Core/Src/main.c:1437:6:StartTask02	32	static
../Core/Src/main.c:1460:6:KinematicCal	16	static
../Core/Src/main.c:1483:6:HAL_TIM_PeriodElapsedCallback	16	static
../Core/Src/main.c:1500:6:Error_Handler	4	static,ignoring_inline_asm
