../Core/Src/main.c:65:6:ControlDriver	48	static
../Core/Src/main.c:101:6:SolveMainTask	24	static
../Core/Src/main.c:177:6:HAL_UART_RxCpltCallback	32	static
../Core/Src/main.c:248:8:quadrantCheck	16	static
../Core/Src/main.c:261:6:InverseKinematic	40	static
../Core/Src/main.c:339:6:InverseKine	40	static
../Core/Src/main.c:428:5:main	16	static
../Core/Src/main.c:533:6:SystemClock_Config	88	static
../Core/Src/main.c:575:13:MX_UART4_Init	8	static
../Core/Src/main.c:608:13:MX_USART1_UART_Init	8	static
../Core/Src/main.c:641:13:MX_USART3_UART_Init	8	static
../Core/Src/main.c:674:13:MX_GPIO_Init	40	static
../Core/Src/main.c:709:6:Error_Handler	4	static,ignoring_inline_asm
