../Core/Src/main.c:66:6:ControlDriver	48	static
../Core/Src/main.c:102:6:SolveMainTask	24	static
../Core/Src/main.c:178:6:HAL_UART_RxCpltCallback	32	static
../Core/Src/main.c:248:8:quadrantCheck	16	static
../Core/Src/main.c:275:6:SwerveInit	16	static
../Core/Src/main.c:287:7:modulo360	24	static
../Core/Src/main.c:293:5:signum	16	static
../Core/Src/main.c:303:6:OptimizeAngle	24	static
../Core/Src/main.c:356:6:InverseKine	40	static
../Core/Src/main.c:401:5:main	16	static
../Core/Src/main.c:476:6:SystemClock_Config	88	static
../Core/Src/main.c:518:13:MX_UART4_Init	8	static
../Core/Src/main.c:551:13:MX_USART1_UART_Init	8	static
../Core/Src/main.c:584:13:MX_USART3_UART_Init	8	static
../Core/Src/main.c:617:13:MX_GPIO_Init	40	static
../Core/Src/main.c:652:6:Error_Handler	4	static,ignoring_inline_asm
