../Core/Src/main.c:75:6:ControlDriver	48	static
../Core/Src/main.c:111:6:SolveMainTask	24	static
../Core/Src/main.c:192:6:GetDataCompass	16	static
../Core/Src/main.c:206:6:HAL_UART_RxCpltCallback	32	static
../Core/Src/main.c:286:8:quadrantCheck	16	static
../Core/Src/main.c:313:6:SwerveInit	16	static
../Core/Src/main.c:325:7:modulo360	24	static
../Core/Src/main.c:331:5:signum	16	static
../Core/Src/main.c:341:6:OptimizeAngle	24	static
../Core/Src/main.c:393:6:InverseKine	40	static
../Core/Src/main.c:435:5:main	16	static
../Core/Src/main.c:509:6:SystemClock_Config	88	static
../Core/Src/main.c:555:13:MX_UART4_Init	8	static
../Core/Src/main.c:588:13:MX_USART1_UART_Init	8	static
../Core/Src/main.c:621:13:MX_USART2_UART_Init	8	static
../Core/Src/main.c:654:13:MX_USART3_UART_Init	8	static
../Core/Src/main.c:687:13:MX_GPIO_Init	48	static
../Core/Src/main.c:723:6:Error_Handler	4	static,ignoring_inline_asm
