../Core/Src/main.c:90:6:ControlDriver	48	static
../Core/Src/main.c:126:6:SolveMainTask	24	static
../Core/Src/main.c:223:6:Receive	24	static
../Core/Src/main.c:234:6:HAL_UARTEx_RxEventCallback	16	static
../Core/Src/main.c:244:6:HAL_UART_RxCpltCallback	32	static
../Core/Src/main.c:355:8:quadrantCheck	16	static
../Core/Src/main.c:390:6:SwerveInit	16	static
../Core/Src/main.c:408:7:modulo360	24	static
../Core/Src/main.c:417:7:modulo180	24	static
../Core/Src/main.c:426:6:OptimizeAngle	24	static
../Core/Src/main.c:497:6:FieldOrientedCotrol	40	static
../Core/Src/main.c:502:6:InverseKine	48	static
../Core/Src/main.c:683:6:HAL_GPIO_EXTI_Callback	16	static
../Core/Src/main.c:697:6:OdoCountLogic	16	static
../Core/Src/main.c:757:8:PointDistances	32	static
../Core/Src/main.c:765:5:sgn	16	static
../Core/Src/main.c:772:8:min	32	static
../Core/Src/main.c:783:8:max	32	static
../Core/Src/main.c:794:8:absDouble	24	static
../Core/Src/main.c:807:6:PurePursuilt	56	static
../Core/Src/main.c:931:6:SteadyStateCheck	8	static
../Core/Src/main.c:950:6:ResetCheckPara	4	static
../Core/Src/main.c:959:6:PIDPathFollow	24	static
../Core/Src/main.c:983:6:TrajectoryCtr1	40	static
../Core/Src/main.c:1032:5:main	104	static
../Core/Src/main.c:1149:6:SystemClock_Config	88	static
../Core/Src/main.c:1195:13:MX_TIM2_Init	32	static
../Core/Src/main.c:1240:13:MX_UART4_Init	8	static
../Core/Src/main.c:1273:13:MX_USART1_UART_Init	8	static
../Core/Src/main.c:1306:13:MX_USART2_UART_Init	8	static
../Core/Src/main.c:1339:13:MX_USART3_UART_Init	8	static
../Core/Src/main.c:1370:13:MX_DMA_Init	16	static
../Core/Src/main.c:1388:13:MX_GPIO_Init	48	static
../Core/Src/main.c:1428:6:PathTracking	24	static
../Core/Src/main.c:1455:6:StartTask02	16	static
../Core/Src/main.c:1479:6:KinematicCal	16	static
../Core/Src/main.c:1502:6:HAL_TIM_PeriodElapsedCallback	16	static
../Core/Src/main.c:1519:6:Error_Handler	4	static,ignoring_inline_asm
