../Core/Src/main.c:90:6:ControlDriver	48	static
../Core/Src/main.c:126:6:SolveMainTask	24	static
../Core/Src/main.c:223:6:Receive	24	static
../Core/Src/main.c:234:6:HAL_UARTEx_RxEventCallback	16	static
../Core/Src/main.c:244:6:HAL_UART_RxCpltCallback	32	static
../Core/Src/main.c:355:8:quadrantCheck	16	static
../Core/Src/main.c:390:6:SwerveInit	16	static
../Core/Src/main.c:408:7:modulo360	24	static
../Core/Src/main.c:417:7:modulo180	24	static
../Core/Src/main.c:426:6:OptimizeAngle	24	static
../Core/Src/main.c:497:8:max	32	static
../Core/Src/main.c:508:6:ocelotMode	32	static
../Core/Src/main.c:538:6:InverseKine	48	static
../Core/Src/main.c:712:6:OcelotKinematic	40	static
../Core/Src/main.c:789:6:HAL_GPIO_EXTI_Callback	16	static
../Core/Src/main.c:803:6:OdoCountLogic	16	static
../Core/Src/main.c:863:8:PointDistances	32	static
../Core/Src/main.c:871:5:sgn	16	static
../Core/Src/main.c:878:8:min	32	static
../Core/Src/main.c:891:8:absDouble	24	static
../Core/Src/main.c:904:6:PurePursuilt	56	static
../Core/Src/main.c:1028:6:SteadyStateCheck	8	static
../Core/Src/main.c:1047:6:ResetCheckPara	4	static
../Core/Src/main.c:1056:6:PIDPathFollow	24	static
../Core/Src/main.c:1080:6:TrajectoryCtr1	40	static
../Core/Src/main.c:1129:5:main	104	static
../Core/Src/main.c:1226:6:SystemClock_Config	88	static
../Core/Src/main.c:1272:13:MX_TIM2_Init	32	static
../Core/Src/main.c:1317:13:MX_UART4_Init	8	static
../Core/Src/main.c:1350:13:MX_USART1_UART_Init	8	static
../Core/Src/main.c:1383:13:MX_USART2_UART_Init	8	static
../Core/Src/main.c:1416:13:MX_USART3_UART_Init	8	static
../Core/Src/main.c:1447:13:MX_DMA_Init	16	static
../Core/Src/main.c:1465:13:MX_GPIO_Init	48	static
../Core/Src/main.c:1506:6:PathTracking	24	static
../Core/Src/main.c:1533:6:StartTask02	16	static
../Core/Src/main.c:1552:6:KinematicCal	16	static
../Core/Src/main.c:1575:6:HAL_TIM_PeriodElapsedCallback	16	static
../Core/Src/main.c:1592:6:Error_Handler	4	static,ignoring_inline_asm
