../Core/Src/main.c:79:6:ControlDriver	48	static
../Core/Src/main.c:115:6:SolveMainTask	24	static
../Core/Src/main.c:196:6:GetDataCompass	16	static
../Core/Src/main.c:210:6:HAL_UART_RxCpltCallback	32	static
../Core/Src/main.c:290:8:quadrantCheck	16	static
../Core/Src/main.c:318:6:SwerveInit	16	static
../Core/Src/main.c:331:7:modulo360	24	static
../Core/Src/main.c:336:7:modulo180	24	static
../Core/Src/main.c:342:5:signum	16	static
../Core/Src/main.c:356:6:OptimizeAngle	24	static
../Core/Src/main.c:415:6:InverseKine	40	static
../Core/Src/main.c:462:6:PositionCal	40	static
../Core/Src/main.c:490:6:HAL_GPIO_EXTI_Callback	16	static
../Core/Src/main.c:505:5:main	16	static
../Core/Src/main.c:618:6:SystemClock_Config	88	static
../Core/Src/main.c:664:13:MX_TIM2_Init	32	static
../Core/Src/main.c:709:13:MX_UART4_Init	8	static
../Core/Src/main.c:742:13:MX_USART1_UART_Init	8	static
../Core/Src/main.c:775:13:MX_USART2_UART_Init	8	static
../Core/Src/main.c:808:13:MX_USART3_UART_Init	8	static
../Core/Src/main.c:841:13:MX_GPIO_Init	48	static
../Core/Src/main.c:881:6:HAL_TIM_PeriodElapsedCallback	16	static
../Core/Src/main.c:898:6:Error_Handler	4	static,ignoring_inline_asm
