../Core/Src/main.c:79:6:ControlDriver	48	static
../Core/Src/main.c:115:6:SolveMainTask	24	static
../Core/Src/main.c:196:6:GetDataCompass	16	static
../Core/Src/main.c:210:6:HAL_UART_RxCpltCallback	32	static
../Core/Src/main.c:299:8:quadrantCheck	16	static
../Core/Src/main.c:334:6:SwerveInit	16	static
../Core/Src/main.c:352:7:modulo360	24	static
../Core/Src/main.c:361:7:modulo180	24	static
../Core/Src/main.c:370:6:OptimizeAngle	24	static
../Core/Src/main.c:438:6:InverseKine	48	static
../Core/Src/main.c:619:6:HAL_GPIO_EXTI_Callback	16	static
../Core/Src/main.c:631:6:OdoCountLogic	16	static
../Core/Src/main.c:691:8:PointDistances	32	static
../Core/Src/main.c:699:5:sgn	16	static
../Core/Src/main.c:706:8:min	32	static
../Core/Src/main.c:717:8:max	32	static
../Core/Src/main.c:728:8:absDouble	24	static
../Core/Src/main.c:734:6:PurePursuilt	56	static
../Core/Src/main.c:847:6:SteadyStateCheck	8	static
../Core/Src/main.c:866:6:ResetCheckPara	4	static
../Core/Src/main.c:875:6:PIDPathFollow	40	static
../Core/Src/main.c:902:6:TrajectoryCtr1	40	static
../Core/Src/main.c:948:5:main	8	static
../Core/Src/main.c:1027:6:SystemClock_Config	88	static
../Core/Src/main.c:1073:13:MX_TIM2_Init	32	static
../Core/Src/main.c:1118:13:MX_UART4_Init	8	static
../Core/Src/main.c:1151:13:MX_USART1_UART_Init	8	static
../Core/Src/main.c:1184:13:MX_USART2_UART_Init	8	static
../Core/Src/main.c:1217:13:MX_USART3_UART_Init	8	static
../Core/Src/main.c:1250:13:MX_GPIO_Init	48	static
../Core/Src/main.c:1291:6:HAL_TIM_PeriodElapsedCallback	16	static
../Core/Src/main.c:1308:6:Error_Handler	4	static,ignoring_inline_asm
