../Core/Src/main.c:90:6:ControlDriver	48	static
../Core/Src/main.c:126:6:SolveMainTask	24	static
../Core/Src/main.c:207:6:GetDataCompass	16	static
../Core/Src/main.c:223:6:Receive	24	static
../Core/Src/main.c:234:6:HAL_UARTEx_RxEventCallback	16	static
../Core/Src/main.c:248:6:HAL_UART_RxCpltCallback	32	static
../Core/Src/main.c:359:8:quadrantCheck	16	static
../Core/Src/main.c:394:6:SwerveInit	16	static
../Core/Src/main.c:412:7:modulo360	24	static
../Core/Src/main.c:421:7:modulo180	24	static
../Core/Src/main.c:430:6:OptimizeAngle	24	static
../Core/Src/main.c:498:6:InverseKine	48	static
../Core/Src/main.c:679:6:HAL_GPIO_EXTI_Callback	16	static
../Core/Src/main.c:691:6:OdoCountLogic	16	static
../Core/Src/main.c:751:8:PointDistances	32	static
../Core/Src/main.c:759:5:sgn	16	static
../Core/Src/main.c:766:8:min	32	static
../Core/Src/main.c:777:8:max	32	static
../Core/Src/main.c:788:8:absDouble	24	static
../Core/Src/main.c:794:6:PurePursuilt	56	static
../Core/Src/main.c:907:6:SteadyStateCheck	8	static
../Core/Src/main.c:926:6:ResetCheckPara	4	static
../Core/Src/main.c:935:6:PIDPathFollow	24	static
../Core/Src/main.c:959:6:TrajectoryCtr1	40	static
../Core/Src/main.c:1005:5:main	104	static
../Core/Src/main.c:1123:6:SystemClock_Config	88	static
../Core/Src/main.c:1169:13:MX_TIM2_Init	32	static
../Core/Src/main.c:1214:13:MX_UART4_Init	8	static
../Core/Src/main.c:1247:13:MX_USART1_UART_Init	8	static
../Core/Src/main.c:1280:13:MX_USART2_UART_Init	8	static
../Core/Src/main.c:1313:13:MX_USART3_UART_Init	8	static
../Core/Src/main.c:1344:13:MX_DMA_Init	16	static
../Core/Src/main.c:1362:13:MX_GPIO_Init	48	static
../Core/Src/main.c:1402:6:PathTracking	16	static
../Core/Src/main.c:1437:6:StartTask02	16	static
../Core/Src/main.c:1458:6:KinematicCal	32	static
../Core/Src/main.c:1482:6:HAL_TIM_PeriodElapsedCallback	16	static
../Core/Src/main.c:1499:6:Error_Handler	4	static,ignoring_inline_asm
