../Core/Src/main.c:87:6:ControlDriver	48	static
../Core/Src/main.c:123:6:SolveMainTask	24	static
../Core/Src/main.c:204:6:GetDataCompass	16	static
../Core/Src/main.c:220:6:HAL_UART_RxCpltCallback	40	static
../Core/Src/main.c:331:8:quadrantCheck	16	static
../Core/Src/main.c:366:6:SwerveInit	16	static
../Core/Src/main.c:384:7:modulo360	24	static
../Core/Src/main.c:393:7:modulo180	24	static
../Core/Src/main.c:402:6:OptimizeAngle	24	static
../Core/Src/main.c:470:6:InverseKine	48	static
../Core/Src/main.c:651:6:HAL_GPIO_EXTI_Callback	16	static
../Core/Src/main.c:663:6:OdoCountLogic	16	static
../Core/Src/main.c:723:8:PointDistances	32	static
../Core/Src/main.c:731:5:sgn	16	static
../Core/Src/main.c:738:8:min	32	static
../Core/Src/main.c:749:8:max	32	static
../Core/Src/main.c:760:8:absDouble	24	static
../Core/Src/main.c:766:6:PurePursuilt	56	static
../Core/Src/main.c:879:6:SteadyStateCheck	8	static
../Core/Src/main.c:898:6:ResetCheckPara	4	static
../Core/Src/main.c:907:6:PIDPathFollow	24	static
../Core/Src/main.c:931:6:TrajectoryCtr1	40	static
../Core/Src/main.c:977:5:main	104	static
../Core/Src/main.c:1091:6:SystemClock_Config	88	static
../Core/Src/main.c:1137:13:MX_TIM2_Init	32	static
../Core/Src/main.c:1182:13:MX_UART4_Init	8	static
../Core/Src/main.c:1215:13:MX_USART1_UART_Init	8	static
../Core/Src/main.c:1248:13:MX_USART2_UART_Init	8	static
../Core/Src/main.c:1281:13:MX_USART3_UART_Init	8	static
../Core/Src/main.c:1314:13:MX_GPIO_Init	48	static
../Core/Src/main.c:1354:6:PathTracking	16	static
../Core/Src/main.c:1389:6:StartTask02	16	static
../Core/Src/main.c:1410:6:KinematicCal	32	static
../Core/Src/main.c:1434:6:HAL_TIM_PeriodElapsedCallback	16	static
../Core/Src/main.c:1451:6:Error_Handler	4	static,ignoring_inline_asm
