../Core/Src/main.c:90:6:ControlDriver	48	static
../Core/Src/main.c:126:6:SolveMainTask	24	static
../Core/Src/main.c:223:6:Receive	24	static
../Core/Src/main.c:234:6:HAL_UARTEx_RxEventCallback	16	static
../Core/Src/main.c:244:6:HAL_UART_RxCpltCallback	32	static
../Core/Src/main.c:355:8:quadrantCheck	16	static
../Core/Src/main.c:390:6:SwerveInit	16	static
../Core/Src/main.c:408:7:modulo360	24	static
../Core/Src/main.c:417:7:modulo180	24	static
../Core/Src/main.c:426:6:OptimizeAngle	24	static
../Core/Src/main.c:494:6:InverseKine	48	static
../Core/Src/main.c:675:6:HAL_GPIO_EXTI_Callback	16	static
../Core/Src/main.c:689:6:OdoCountLogic	16	static
../Core/Src/main.c:749:8:PointDistances	32	static
../Core/Src/main.c:757:5:sgn	16	static
../Core/Src/main.c:764:8:min	32	static
../Core/Src/main.c:775:8:max	32	static
../Core/Src/main.c:786:8:absDouble	24	static
../Core/Src/main.c:794:6:PurePursuilt	56	static
../Core/Src/main.c:909:6:SteadyStateCheck	8	static
../Core/Src/main.c:928:6:ResetCheckPara	4	static
../Core/Src/main.c:937:6:PIDPathFollow	24	static
../Core/Src/main.c:961:6:TrajectoryCtr1	40	static
../Core/Src/main.c:1010:5:main	104	static
../Core/Src/main.c:1127:6:SystemClock_Config	88	static
../Core/Src/main.c:1173:13:MX_TIM2_Init	32	static
../Core/Src/main.c:1218:13:MX_UART4_Init	8	static
../Core/Src/main.c:1251:13:MX_USART1_UART_Init	8	static
../Core/Src/main.c:1284:13:MX_USART2_UART_Init	8	static
../Core/Src/main.c:1317:13:MX_USART3_UART_Init	8	static
../Core/Src/main.c:1348:13:MX_DMA_Init	16	static
../Core/Src/main.c:1366:13:MX_GPIO_Init	48	static
../Core/Src/main.c:1406:6:PathTracking	24	static
../Core/Src/main.c:1452:6:StartTask02	32	static
../Core/Src/main.c:1476:6:KinematicCal	16	static
../Core/Src/main.c:1499:6:HAL_TIM_PeriodElapsedCallback	16	static
../Core/Src/main.c:1516:6:Error_Handler	4	static,ignoring_inline_asm
