../Core/Src/main.c:66:6:ControlDriver	48	static
../Core/Src/main.c:102:6:SolveMainTask	24	static
../Core/Src/main.c:178:6:HAL_UART_RxCpltCallback	32	static
../Core/Src/main.c:248:8:quadrantCheck	16	static
../Core/Src/main.c:278:6:SwerveInit	16	static
../Core/Src/main.c:293:7:modulo360	24	static
../Core/Src/main.c:299:5:signum	16	static
../Core/Src/main.c:309:6:OptimizeAngle	24	static
../Core/Src/main.c:362:6:InverseKine	40	static
../Core/Src/main.c:407:5:main	16	static
../Core/Src/main.c:482:6:SystemClock_Config	88	static
../Core/Src/main.c:524:13:MX_UART4_Init	8	static
../Core/Src/main.c:557:13:MX_USART1_UART_Init	8	static
../Core/Src/main.c:590:13:MX_USART3_UART_Init	8	static
../Core/Src/main.c:623:13:MX_GPIO_Init	40	static
../Core/Src/main.c:658:6:Error_Handler	4	static,ignoring_inline_asm
