../Core/Src/main.c:66:6:ControlDriver	48	static
../Core/Src/main.c:102:6:SolveMainTask	24	static
../Core/Src/main.c:178:6:HAL_UART_RxCpltCallback	32	static
../Core/Src/main.c:249:8:quadrantCheck	16	static
../Core/Src/main.c:277:6:OptimizeAngle	16	static
../Core/Src/main.c:315:6:InverseKine	40	static
../Core/Src/main.c:418:5:main	16	static
../Core/Src/main.c:523:6:SystemClock_Config	88	static
../Core/Src/main.c:565:13:MX_UART4_Init	8	static
../Core/Src/main.c:598:13:MX_USART1_UART_Init	8	static
../Core/Src/main.c:631:13:MX_USART3_UART_Init	8	static
../Core/Src/main.c:664:13:MX_GPIO_Init	40	static
../Core/Src/main.c:699:6:Error_Handler	4	static,ignoring_inline_asm
