../Core/Src/main.c:79:6:ControlDriver	48	static
../Core/Src/main.c:115:6:SolveMainTask	24	static
../Core/Src/main.c:196:6:GetDataCompass	16	static
../Core/Src/main.c:210:6:HAL_UART_RxCpltCallback	32	static
../Core/Src/main.c:290:8:quadrantCheck	16	static
../Core/Src/main.c:324:6:SwerveInit	16	static
../Core/Src/main.c:340:7:modulo360	24	static
../Core/Src/main.c:345:7:modulo180	24	static
../Core/Src/main.c:351:5:signum	16	static
../Core/Src/main.c:364:6:OptimizeAngle	24	static
../Core/Src/main.c:425:6:InverseKine	48	static
../Core/Src/main.c:607:6:PositionCal	40	static
../Core/Src/main.c:635:6:HAL_GPIO_EXTI_Callback	16	static
../Core/Src/main.c:652:6:TrajectoryCtr1	40	static
../Core/Src/main.c:691:6:TrajectoryCtr2	40	static
../Core/Src/main.c:706:5:main	48	static
../Core/Src/main.c:885:6:SystemClock_Config	88	static
../Core/Src/main.c:931:13:MX_TIM2_Init	32	static
../Core/Src/main.c:976:13:MX_UART4_Init	8	static
../Core/Src/main.c:1009:13:MX_USART1_UART_Init	8	static
../Core/Src/main.c:1042:13:MX_USART2_UART_Init	8	static
../Core/Src/main.c:1075:13:MX_USART3_UART_Init	8	static
../Core/Src/main.c:1108:13:MX_GPIO_Init	48	static
../Core/Src/main.c:1148:6:HAL_TIM_PeriodElapsedCallback	16	static
../Core/Src/main.c:1165:6:Error_Handler	4	static,ignoring_inline_asm
