../Core/Src/main.c:87:6:ControlDriver	48	static
../Core/Src/main.c:123:6:SolveMainTask	24	static
../Core/Src/main.c:204:6:GetDataCompass	16	static
../Core/Src/main.c:218:6:HAL_UART_RxCpltCallback	32	static
../Core/Src/main.c:307:8:quadrantCheck	16	static
../Core/Src/main.c:342:6:SwerveInit	16	static
../Core/Src/main.c:360:7:modulo360	24	static
../Core/Src/main.c:369:7:modulo180	24	static
../Core/Src/main.c:378:6:OptimizeAngle	24	static
../Core/Src/main.c:446:6:InverseKine	48	static
../Core/Src/main.c:627:6:HAL_GPIO_EXTI_Callback	16	static
../Core/Src/main.c:639:6:OdoCountLogic	16	static
../Core/Src/main.c:699:8:PointDistances	32	static
../Core/Src/main.c:707:5:sgn	16	static
../Core/Src/main.c:714:8:min	32	static
../Core/Src/main.c:725:8:max	32	static
../Core/Src/main.c:736:8:absDouble	24	static
../Core/Src/main.c:742:6:PurePursuilt	56	static
../Core/Src/main.c:855:6:SteadyStateCheck	8	static
../Core/Src/main.c:874:6:ResetCheckPara	4	static
../Core/Src/main.c:883:6:PIDPathFollow	24	static
../Core/Src/main.c:907:6:TrajectoryCtr1	40	static
../Core/Src/main.c:953:5:main	104	static
../Core/Src/main.c:1067:6:SystemClock_Config	88	static
../Core/Src/main.c:1113:13:MX_TIM2_Init	32	static
../Core/Src/main.c:1158:13:MX_UART4_Init	8	static
../Core/Src/main.c:1191:13:MX_USART1_UART_Init	8	static
../Core/Src/main.c:1224:13:MX_USART2_UART_Init	8	static
../Core/Src/main.c:1257:13:MX_USART3_UART_Init	8	static
../Core/Src/main.c:1290:13:MX_GPIO_Init	48	static
../Core/Src/main.c:1330:6:PathTracking	16	static
../Core/Src/main.c:1365:6:StartTask02	16	static
../Core/Src/main.c:1386:6:KinematicCal	32	static
../Core/Src/main.c:1407:6:HAL_TIM_PeriodElapsedCallback	16	static
../Core/Src/main.c:1424:6:Error_Handler	4	static,ignoring_inline_asm
