../Core/Src/main.c:66:6:ControlDriver	48	static
../Core/Src/main.c:102:6:SolveMainTask	24	static
../Core/Src/main.c:178:6:HAL_UART_RxCpltCallback	32	static
../Core/Src/main.c:248:8:quadrantCheck	16	static
../Core/Src/main.c:278:6:SwerveInit	16	static
../Core/Src/main.c:293:7:modulo360	24	static
../Core/Src/main.c:299:5:signum	16	static
../Core/Src/main.c:308:6:OptimizeAngle	24	static
../Core/Src/main.c:452:6:InverseKine	40	static
../Core/Src/main.c:497:5:main	16	static
../Core/Src/main.c:572:6:SystemClock_Config	88	static
../Core/Src/main.c:614:13:MX_UART4_Init	8	static
../Core/Src/main.c:647:13:MX_USART1_UART_Init	8	static
../Core/Src/main.c:680:13:MX_USART3_UART_Init	8	static
../Core/Src/main.c:713:13:MX_GPIO_Init	40	static
../Core/Src/main.c:748:6:Error_Handler	4	static,ignoring_inline_asm
