../Core/Src/stm32f4xx_it.c:74:6:NMI_Handler	4	static
../Core/Src/stm32f4xx_it.c:89:6:HardFault_Handler	4	static
../Core/Src/stm32f4xx_it.c:104:6:MemManage_Handler	4	static
../Core/Src/stm32f4xx_it.c:119:6:BusFault_Handler	4	static
../Core/Src/stm32f4xx_it.c:134:6:UsageFault_Handler	4	static
../Core/Src/stm32f4xx_it.c:149:6:SVC_Handler	4	static
../Core/Src/stm32f4xx_it.c:162:6:DebugMon_Handler	4	static
../Core/Src/stm32f4xx_it.c:175:6:PendSV_Handler	4	static
../Core/Src/stm32f4xx_it.c:188:6:SysTick_Handler	4	static
../Core/Src/stm32f4xx_it.c:209:6:TIM1_UP_TIM10_IRQHandler	8	static
../Core/Src/stm32f4xx_it.c:223:6:TIM2_IRQHandler	8	static
../Core/Src/stm32f4xx_it.c:237:6:USART2_IRQHandler	8	static
../Core/Src/stm32f4xx_it.c:251:6:USART3_IRQHandler	8	static
../Core/Src/stm32f4xx_it.c:265:6:EXTI15_10_IRQHandler	8	static
../Core/Src/stm32f4xx_it.c:279:6:UART4_IRQHandler	8	static
