../Core/Src/main.c:75:6:CAN_Filter_Config	48	static
../Core/Src/main.c:92:6:HAL_GPIO_EXTI_Callback	16	static
../Core/Src/main.c:106:5:main	8	static
../Core/Src/main.c:186:6:SystemClock_Config	72	static
../Core/Src/main.c:226:13:MX_CAN_Init	8	static
../Core/Src/main.c:263:13:MX_TIM2_Init	64	static
../Core/Src/main.c:330:13:MX_TIM3_Init	56	static
../Core/Src/main.c:379:13:MX_TIM4_Init	56	static
../Core/Src/main.c:428:13:MX_GPIO_Init	40	static
../Core/Src/main.c:482:6:Error_Handler	4	static,ignoring_inline_asm
