../Core/Src/main.c:78:6:CAN_Filter_Config	48	static
../Core/Src/main.c:95:6:HAL_GPIO_EXTI_Callback	16	static
../Core/Src/main.c:102:6:HAL_CAN_RxFifo0MsgPendingCallback	16	static
../Core/Src/main.c:113:5:main	8	static
../Core/Src/main.c:199:6:SystemClock_Config	72	static
../Core/Src/main.c:238:13:MX_CAN_Init	8	static
../Core/Src/main.c:275:13:MX_TIM2_Init	64	static
../Core/Src/main.c:342:13:MX_TIM3_Init	56	static
../Core/Src/main.c:391:13:MX_TIM4_Init	56	static
../Core/Src/main.c:440:13:MX_GPIO_Init	40	static
../Core/Src/main.c:503:6:Error_Handler	4	static,ignoring_inline_asm
