../Core/Src/main.c:88:6:HAL_GPIO_EXTI_Callback	24	static,ignoring_inline_asm
../Core/Src/main.c:112:5:main	104	static
../Core/Src/main.c:200:6:SystemClock_Config	72	static
../Core/Src/main.c:240:13:MX_CAN_Init	8	static
../Core/Src/main.c:277:13:MX_TIM1_Init	96	static
../Core/Src/main.c:356:13:MX_TIM2_Init	64	static
../Core/Src/main.c:419:13:MX_TIM3_Init	56	static
../Core/Src/main.c:468:13:MX_GPIO_Init	40	static
../Core/Src/main.c:525:6:SethomeHandle	8	static
../Core/Src/main.c:540:6:StartDefaultTask	24	static
../Core/Src/main.c:573:6:StartPIDTask	24	static
../Core/Src/main.c:604:6:StartCANTask	16	static,ignoring_inline_asm
../Core/Src/main.c:624:6:HAL_TIM_PeriodElapsedCallback	16	static
../Core/Src/main.c:641:6:Error_Handler	4	static,ignoring_inline_asm
