../Communication/Src/NodeSwerve_AppInterface.c:34:6:SwerveApp_Init	24	static
../Communication/Src/NodeSwerve_AppInterface.c:74:6:SwerveApp_ErrorHandler	16	static
../Communication/Src/NodeSwerve_AppInterface.c:79:13:SendArgumentToApp	16	static
../Communication/Src/NodeSwerve_AppInterface.c:84:13:HandleCommandSetPID	144	static
../Communication/Src/NodeSwerve_AppInterface.c:93:13:HandleCommandGetPID	144	static
../Communication/Src/NodeSwerve_AppInterface.c:107:13:SelectRunMotorInManualOrPID	120	static
../Communication/Src/NodeSwerve_AppInterface.c:166:13:SendBoardInitStateToApp	8	static
../Communication/Src/NodeSwerve_AppInterface.c:184:13:ReceiveCommandHandler	24	static,ignoring_inline_asm
../Communication/Src/NodeSwerve_AppInterface.c:230:20:Convert_AppParamPID_to_PIDParam	8	static
../Communication/Src/NodeSwerve_AppInterface.c:241:20:Convert_PIDParam_to_AppParamPID	16	static
