../Core/Src/BoardParameter.c:17:7:brd_GetCurrentAngleDC	8	static
../Core/Src/BoardParameter.c:18:7:brd_GetCurrentSpeedBLDC	8	static
../Core/Src/BoardParameter.c:19:5:brd_GetCurrentCountBLDC	8	static
../Core/Src/BoardParameter.c:21:6:brd_Init	24	static
../Core/Src/BoardParameter.c:70:6:brd_SetPID	8	static
../Core/Src/BoardParameter.c:87:11:brd_GetPID	16	static
../Core/Src/BoardParameter.c:103:6:brd_ResetState	8	static
../Core/Src/BoardParameter.c:119:6:brd_SetHomeCompleteCallback	8	static
../Core/Src/BoardParameter.c:126:7:brd_GetTargetAngleDC	4	static
../Core/Src/BoardParameter.c:127:6:brd_SetTargetAngleDC	16	static
../Core/Src/BoardParameter.c:129:9:brd_GetObjMotorDC	16	static
../Core/Src/BoardParameter.c:130:6:brd_SetObjMotorDC	24	static
../Core/Src/BoardParameter.c:132:11:brd_GetObjMotorBLDC	24	static
../Core/Src/BoardParameter.c:133:6:brd_SetObjMotorBLDC	12	static
../Core/Src/BoardParameter.c:135:6:brd_SetSpeedBLDC	16	static
../Core/Src/BoardParameter.c:136:7:brd_GetSpeedBLDC	4	static
../Core/Src/BoardParameter.c:138:6:brd_SetObjEncDC	12	static
../Core/Src/BoardParameter.c:139:11:brd_GetObjEncDC	24	static
../Core/Src/BoardParameter.c:141:6:brd_SetObjEncBLDC	12	static
../Core/Src/BoardParameter.c:142:11:brd_GetObjEncBLDC	24	static
../Core/Src/BoardParameter.c:144:6:brd_SetEncX4BLDC	16	static
../Core/Src/BoardParameter.c:145:9:brd_GetEncX4BLDC	4	static
../Core/Src/BoardParameter.c:147:7:brd_GetDeltaT	4	static
../Core/Src/BoardParameter.c:148:6:brd_SetDeltaT	16	static
