../Core/Src/main.c:208:6:handle_CAN_RTR_Response	232	static
../Core/Src/main.c:247:6:Flash_Write	48	static
../Core/Src/main.c:267:6:HAL_CAN_ErrorCallback	16	static
../Core/Src/main.c:271:6:HAL_CAN_RxFifo0FullCallback	16	static,ignoring_inline_asm
../Core/Src/main.c:281:5:main	144	static
../Core/Src/main.c:398:6:SystemClock_Config	72	static
../Core/Src/main.c:438:13:MX_CAN_Init	8	static
../Core/Src/main.c:475:13:MX_TIM2_Init	64	static
../Core/Src/main.c:542:13:MX_TIM3_Init	56	static
../Core/Src/main.c:591:13:MX_TIM4_Init	56	static
../Core/Src/main.c:640:13:MX_GPIO_Init	40	static
../Core/Src/main.c:683:6:SethomeHandle	8	static
../Core/Src/main.c:699:6:StartDefaultTask	24	static
../Core/Src/main.c:733:6:StartTaskPID	24	static
../Core/Src/main.c:763:6:StartCANbus	16	static
../Core/Src/main.c:793:6:StartTaskPIDSpeed	16	static
../Core/Src/main.c:825:6:HAL_TIM_PeriodElapsedCallback	16	static
../Core/Src/main.c:842:6:Error_Handler	4	static,ignoring_inline_asm
