../Core/Src/main.c:87:6:HAL_CAN_RxFifo0MsgPendingCallback	32	static,ignoring_inline_asm
../Core/Src/main.c:95:6:HAL_CAN_RxFifo1MsgPendingCallback	32	static,ignoring_inline_asm
../Core/Src/main.c:104:6:CAN_Init	40	static
../Core/Src/main.c:143:6:can_GetPID_CompleteCallback	144	static
../Core/Src/main.c:149:6:handleFunctionCAN	56	static
../Core/Src/main.c:192:6:handle_CAN_RTR_Response	232	static
../Core/Src/main.c:223:6:SetHomeCompleteCallback	80	static
../Core/Src/main.c:231:6:Flash_Write	48	static
../Core/Src/main.c:251:6:HAL_CAN_ErrorCallback	16	static
../Core/Src/main.c:255:6:HAL_CAN_RxFifo0FullCallback	16	static,ignoring_inline_asm
../Core/Src/main.c:265:5:main	120	static
../Core/Src/main.c:363:6:SystemClock_Config	72	static
../Core/Src/main.c:399:13:MX_CAN_Init	8	static
../Core/Src/main.c:435:13:MX_TIM2_Init	48	static
../Core/Src/main.c:486:13:MX_TIM3_Init	56	static
../Core/Src/main.c:534:13:MX_TIM4_Init	56	static
../Core/Src/main.c:580:13:MX_GPIO_Init	40	static
../Core/Src/main.c:626:6:SethomeHandle	8	static
../Core/Src/main.c:642:6:StartDefaultTask	24	static
../Core/Src/main.c:676:6:StartTaskPID	24	static
../Core/Src/main.c:709:6:StartCANbus	48	static
../Core/Src/main.c:738:6:HAL_TIM_PeriodElapsedCallback	16	static
../Core/Src/main.c:754:6:Error_Handler	4	static,ignoring_inline_asm
