../Core/Src/main.c:97:6:HAL_CAN_RxFifo0MsgPendingCallback	32	static,ignoring_inline_asm
../Core/Src/main.c:105:6:HAL_CAN_RxFifo1MsgPendingCallback	32	static,ignoring_inline_asm
../Core/Src/main.c:114:6:CAN_Init	32	static
../Core/Src/main.c:154:6:can_GetPID_CompleteCallback	144	static
../Core/Src/main.c:160:6:handleFunctionCAN	32	static
../Core/Src/main.c:204:6:handle_CAN_RTR_Response	232	static
../Core/Src/main.c:228:6:SetHomeCompleteCallback	80	static
../Core/Src/main.c:236:6:Flash_Write	48	static
../Core/Src/main.c:256:6:HAL_CAN_ErrorCallback	16	static
../Core/Src/main.c:260:6:HAL_UART_ErrorCallback	24	static
../Core/Src/main.c:271:6:PID_ErrorHandler	16	static
../Core/Src/main.c:276:6:HAL_CAN_RxFifo0FullCallback	16	static,ignoring_inline_asm
../Core/Src/main.c:281:6:HAL_UART_RxCpltCallback	16	static
../Core/Src/main.c:291:5:main	120	static
../Core/Src/main.c:395:6:SystemClock_Config	72	static
../Core/Src/main.c:435:13:MX_CAN_Init	8	static
../Core/Src/main.c:472:13:MX_TIM2_Init	48	static
../Core/Src/main.c:529:13:MX_TIM3_Init	56	static
../Core/Src/main.c:578:13:MX_TIM4_Init	56	static
../Core/Src/main.c:627:13:MX_USART1_UART_Init	8	static
../Core/Src/main.c:660:13:MX_GPIO_Init	40	static
../Core/Src/main.c:703:6:SethomeHandle	8	static
../Core/Src/main.c:719:6:StartDefaultTask	24	static
../Core/Src/main.c:756:6:StartTaskPID	32	static
../Core/Src/main.c:814:6:StartCANbus	48	static
../Core/Src/main.c:844:6:HAL_TIM_PeriodElapsedCallback	16	static
../Core/Src/main.c:861:6:Error_Handler	4	static,ignoring_inline_asm
