../Core/Src/stm32f1xx_it.c:72:6:NMI_Handler	4	static
../Core/Src/stm32f1xx_it.c:87:6:HardFault_Handler	4	static
../Core/Src/stm32f1xx_it.c:102:6:MemManage_Handler	4	static
../Core/Src/stm32f1xx_it.c:117:6:BusFault_Handler	4	static
../Core/Src/stm32f1xx_it.c:132:6:UsageFault_Handler	4	static
../Core/Src/stm32f1xx_it.c:147:6:DebugMon_Handler	4	static
../Core/Src/stm32f1xx_it.c:167:6:USB_HP_CAN1_TX_IRQHandler	8	static
../Core/Src/stm32f1xx_it.c:181:6:USB_LP_CAN1_RX0_IRQHandler	8	static
../Core/Src/stm32f1xx_it.c:195:6:CAN1_RX1_IRQHandler	8	static
../Core/Src/stm32f1xx_it.c:209:6:TIM1_UP_IRQHandler	8	static
../Core/Src/stm32f1xx_it.c:223:6:USART1_IRQHandler	8	static
