19:28:15 **** Incremental Build of configuration Debug for project Board_Main_Test ****
make -j8 all 
arm-none-eabi-gcc "../Core/Src/main.c" -mcpu=cortex-m4 -std=gnu11 -g3 -DDEBUG -DUSE_HAL_DRIVER -DSTM32F407xx -c -I../Core/Inc -I../Drivers/STM32F4xx_HAL_Driver/Inc -I../Drivers/STM32F4xx_HAL_Driver/Inc/Legacy -I../Drivers/CMSIS/Device/ST/STM32F4xx/Include -I../Drivers/CMSIS/Include -O0 -ffunction-sections -fdata-sections -Wall -fstack-usage -fcyclomatic-complexity -MMD -MP -MF"Core/Src/main.d" -MT"Core/Src/main.o" --specs=nano.specs -mfpu=fpv4-sp-d16 -mfloat-abi=hard -mthumb -o "Core/Src/main.o"
arm-none-eabi-gcc -o "Board_Main_Test.elf" @"objects.list"   -mcpu=cortex-m4 -T"D:\Robocon2024\UnitTestCode\Board_Main_Test\STM32F407VETX_FLASH.ld" --specs=nosys.specs -Wl,-Map="Board_Main_Test.map" -Wl,--gc-sections -static --specs=nano.specs -mfpu=fpv4-sp-d16 -mfloat-abi=hard -mthumb -Wl,--start-group -lc -lm -Wl,--end-group
Finished building target: Board_Main_Test.elf
 
arm-none-eabi-size   Board_Main_Test.elf 
arm-none-eabi-objdump -h -S  Board_Main_Test.elf  > "Board_Main_Test.list"
   text	   data	    bss	    dec	    hex	filename
   7252	     20	   1652	   8924	   22dc	Board_Main_Test.elf
Finished building: default.size.stdout
 
Finished building: Board_Main_Test.list
 

19:28:16 Build Finished. 0 errors, 0 warnings. (took 973ms)

