../Core/Src/main.c:69:6:HAL_GPIO_EXTI_Callback	16	static
../Core/Src/main.c:72:6:Wheel_Speed	8	static
../Core/Src/main.c:76:6:Wheel_Angle	4	static
../Core/Src/main.c:88:6:Encoder_Get_Value	4	static
../Core/Src/main.c:98:5:main	8	static
../Core/Src/main.c:153:6:SystemClock_Config	72	static
../Core/Src/main.c:193:13:MX_TIM2_Init	48	static
../Core/Src/main.c:250:13:MX_TIM3_Init	56	static
../Core/Src/main.c:299:13:MX_TIM4_Init	56	static
../Core/Src/main.c:348:13:MX_GPIO_Init	40	static
../Core/Src/main.c:391:6:Error_Handler	4	static,ignoring_inline_asm
