11:05:31 **** Incremental Build of configuration Debug for project USB_Test ****
make -j8 all 
arm-none-eabi-gcc "../Core/Src/main.c" -mcpu=cortex-m3 -std=gnu11 -g3 -DDEBUG -DUSE_HAL_DRIVER -DSTM32F103xB -c -I../Core/Inc -I../Drivers/STM32F1xx_HAL_Driver/Inc/Legacy -I../Drivers/STM32F1xx_HAL_Driver/Inc -I../Drivers/CMSIS/Device/ST/STM32F1xx/Include -I../Drivers/CMSIS/Include -I../USB_DEVICE/App -I../USB_DEVICE/Target -I../Middlewares/ST/STM32_USB_Device_Library/Core/Inc -I../Middlewares/ST/STM32_USB_Device_Library/Class/CDC/Inc -O0 -ffunction-sections -fdata-sections -Wall -fstack-usage -fcyclomatic-complexity -MMD -MP -MF"Core/Src/main.d" -MT"Core/Src/main.o" --specs=nano.specs -mfloat-abi=soft -mthumb -o "Core/Src/main.o"
arm-none-eabi-gcc -o "USB_Test.elf" @"objects.list"   -mcpu=cortex-m3 -T"D:\Robocon2024\USB\USB_Test\STM32F103C8TX_FLASH.ld" --specs=nosys.specs -Wl,-Map="USB_Test.map" -Wl,--gc-sections -static --specs=nano.specs -mfloat-abi=soft -mthumb -Wl,--start-group -lc -lm -Wl,--end-group
Finished building target: USB_Test.elf
 
arm-none-eabi-size   USB_Test.elf 
arm-none-eabi-objdump -h -S  USB_Test.elf  > "USB_Test.list"
   text	   data	    bss	    dec	    hex	filename
  29560	    392	   6192	  36144	   8d30	USB_Test.elf
Finished building: default.size.stdout
 
Finished building: USB_Test.list
 
11:05:39 **** Incremental Build of configuration Debug for project USB_Test ****
make -j8 all 
arm-none-eabi-size   USB_Test.elf 
   text	   data	    bss	    dec	    hex	filename
  29560	    392	   6192	  36144	   8d30	USB_Test.elf
Finished building: default.size.stdout
 
11:09:45 **** Incremental Build of configuration Debug for project USB_Test ****
make -j8 all 
arm-none-eabi-gcc "../USB_DEVICE/App/usbd_cdc_if.c" -mcpu=cortex-m3 -std=gnu11 -g3 -DDEBUG -DUSE_HAL_DRIVER -DSTM32F103xB -c -I../Core/Inc -I../Drivers/STM32F1xx_HAL_Driver/Inc/Legacy -I../Drivers/STM32F1xx_HAL_Driver/Inc -I../Drivers/CMSIS/Device/ST/STM32F1xx/Include -I../Drivers/CMSIS/Include -I../USB_DEVICE/App -I../USB_DEVICE/Target -I../Middlewares/ST/STM32_USB_Device_Library/Core/Inc -I../Middlewares/ST/STM32_USB_Device_Library/Class/CDC/Inc -O0 -ffunction-sections -fdata-sections -Wall -fstack-usage -fcyclomatic-complexity -MMD -MP -MF"USB_DEVICE/App/usbd_cdc_if.d" -MT"USB_DEVICE/App/usbd_cdc_if.o" --specs=nano.specs -mfloat-abi=soft -mthumb -o "USB_DEVICE/App/usbd_cdc_if.o"
arm-none-eabi-gcc -o "USB_Test.elf" @"objects.list"   -mcpu=cortex-m3 -T"D:\Robocon2024\USB\USB_Test\STM32F103C8TX_FLASH.ld" --specs=nosys.specs -Wl,-Map="USB_Test.map" -Wl,--gc-sections -static --specs=nano.specs -mfloat-abi=soft -mthumb -Wl,--start-group -lc -lm -Wl,--end-group
Finished building target: USB_Test.elf
 
arm-none-eabi-size   USB_Test.elf 
arm-none-eabi-objdump -h -S  USB_Test.elf  > "USB_Test.list"
   text	   data	    bss	    dec	    hex	filename
  29584	    392	   6192	  36168	   8d48	USB_Test.elf
Finished building: default.size.stdout
 
Finished building: USB_Test.list
 
