../Core/Src/CAN_FuncHandle.c:14:6:canfunc_HandleRxEvent	24	static
../Core/Src/CAN_FuncHandle.c:27:9:canfunc_GetTestMode	24	static
../Core/Src/CAN_FuncHandle.c:36:6:canfunc_SetTestMode	16	static
../Core/Src/CAN_FuncHandle.c:44:6:canfunc_MotorSetBrake	16	static
../Core/Src/CAN_FuncHandle.c:51:9:canfunc_MotorGetBrake	24	static
../Core/Src/CAN_FuncHandle.c:60:6:canfunc_MotorSetBreakProtectionBLDC	16	static
../Core/Src/CAN_FuncHandle.c:67:10:canfunc_MotorGetBreakProtectionBLDC	24	static
../Core/Src/CAN_FuncHandle.c:77:6:canfunc_SetHomeValue	24	static
../Core/Src/CAN_FuncHandle.c:85:7:canfunc_GetHomeValue	24	static
../Core/Src/CAN_FuncHandle.c:95:6:canfunc_MotorPutEncoderPulseBLDC	16	static
../Core/Src/CAN_FuncHandle.c:101:10:canfunc_MotorGetEncoderPulseBLDC	16	static
../Core/Src/CAN_FuncHandle.c:108:6:canfunc_MotorPutSpeedAndAngle	16	static
../Core/Src/CAN_FuncHandle.c:114:23:canfunc_MotorGetSpeedAndAngle	32	static
../Core/Src/CAN_FuncHandle.c:131:19:canfunc_PutAndSendParamPID	40	static
../Core/Src/CAN_FuncHandle.c:157:6:canfunc_Convert_CAN_PID_to_PID_Param	8	static
../Core/Src/CAN_FuncHandle.c:166:10:canfunc_GetTypePID	40	static
../Core/Src/CAN_FuncHandle.c:172:6:canfunc_GetPID	32	static
