../Core/Src/main.c:93:6:HAL_CAN_RxFifo0MsgPendingCallback	32	static
../Core/Src/main.c:101:6:HAL_CAN_RxFifo1MsgPendingCallback	32	static
../Core/Src/main.c:109:6:CAN_Init	40	static
../Core/Src/main.c:144:6:can_GetPID_CompleteCallback	144	static
../Core/Src/main.c:150:6:handleFunc	56	static
../Core/Src/main.c:193:6:Flash_Write	48	static
../Core/Src/main.c:213:6:RunTestMode	4	static
../Core/Src/main.c:216:6:TestPID	48	static
../Core/Src/main.c:223:6:HAL_CAN_ErrorCallback	16	static
../Core/Src/main.c:227:6:HAL_CAN_RxFifo0FullCallback	16	static,ignoring_inline_asm
../Core/Src/main.c:237:5:main	120	static
../Core/Src/main.c:334:6:SystemClock_Config	72	static
../Core/Src/main.c:374:13:MX_CAN_Init	8	static
../Core/Src/main.c:411:13:MX_TIM2_Init	48	static
../Core/Src/main.c:468:13:MX_TIM3_Init	56	static
../Core/Src/main.c:517:13:MX_TIM4_Init	56	static
../Core/Src/main.c:566:13:MX_GPIO_Init	40	static
../Core/Src/main.c:653:6:SethomeHandle	8	static,ignoring_inline_asm
../Core/Src/main.c:668:6:StartDefaultTask	24	static
../Core/Src/main.c:706:6:StartTaskPID	24	static
../Core/Src/main.c:744:6:StartCANbus	24	static
../Core/Src/main.c:769:6:HAL_TIM_PeriodElapsedCallback	16	static
../Core/Src/main.c:786:6:Error_Handler	4	static,ignoring_inline_asm
