../Core/Src/SetHome.c:16:6:sethome_Begin	4	static
../Core/Src/SetHome.c:21:6:homeBeginHandle	8	static
../Core/Src/SetHome.c:33:6:tuneCoarseHandle	8	static
../Core/Src/SetHome.c:47:6:tuneFineHandle	8	static
../Core/Src/SetHome.c:64:6:sethome_IsComplete	4	static
../Core/Src/SetHome.c:70:6:sethome_Procedure	8	static
../Core/Src/SetHome.c:100:7:sethome_GetSpeed	4	static
../Core/Src/SetHome.c:103:6:sethome_SetFlag	16	static
../Core/Src/SetHome.c:104:6:sethome_CheckFlag	16	static
../Core/Src/SetHome.c:105:6:sethome_ClearFlag	16	static
