../Core/Src/stm32f1xx_it.c:71:6:NMI_Handler	4	static
../Core/Src/stm32f1xx_it.c:86:6:HardFault_Handler	4	static
../Core/Src/stm32f1xx_it.c:101:6:MemManage_Handler	4	static
../Core/Src/stm32f1xx_it.c:116:6:BusFault_Handler	4	static
../Core/Src/stm32f1xx_it.c:131:6:UsageFault_Handler	4	static
../Core/Src/stm32f1xx_it.c:146:6:DebugMon_Handler	4	static
../Core/Src/stm32f1xx_it.c:166:6:USB_HP_CAN1_TX_IRQHandler	8	static
../Core/Src/stm32f1xx_it.c:180:6:USB_LP_CAN1_RX0_IRQHandler	8	static
../Core/Src/stm32f1xx_it.c:194:6:CAN1_RX1_IRQHandler	8	static
../Core/Src/stm32f1xx_it.c:208:6:TIM1_UP_IRQHandler	8	static
