Archive member included to satisfy reference by file (symbol)

c:/st/stm32cubeide_1.11.0/stm32cubeide/plugins/com.st.stm32cube.ide.mcu.externaltools.gnu-tools-for-stm32.10.3-2021.10.win32_1.0.100.202210260954/tools/bin/../lib/gcc/arm-none-eabi/10.3.1/../../../../arm-none-eabi/lib/thumb/v7e-m+fp/hard\libc_nano.a(lib_a-errno.o)
                              ./Core/Src/syscalls.o (__errno)
c:/st/stm32cubeide_1.11.0/stm32cubeide/plugins/com.st.stm32cube.ide.mcu.externaltools.gnu-tools-for-stm32.10.3-2021.10.win32_1.0.100.202210260954/tools/bin/../lib/gcc/arm-none-eabi/10.3.1/../../../../arm-none-eabi/lib/thumb/v7e-m+fp/hard\libc_nano.a(lib_a-exit.o)
                              c:/st/stm32cubeide_1.11.0/stm32cubeide/plugins/com.st.stm32cube.ide.mcu.externaltools.gnu-tools-for-stm32.10.3-2021.10.win32_1.0.100.202210260954/tools/bin/../lib/gcc/arm-none-eabi/10.3.1/../../../../arm-none-eabi/lib/thumb/v7e-m+fp/hard/crt0.o (exit)
c:/st/stm32cubeide_1.11.0/stm32cubeide/plugins/com.st.stm32cube.ide.mcu.externaltools.gnu-tools-for-stm32.10.3-2021.10.win32_1.0.100.202210260954/tools/bin/../lib/gcc/arm-none-eabi/10.3.1/../../../../arm-none-eabi/lib/thumb/v7e-m+fp/hard\libc_nano.a(lib_a-impure.o)
                              c:/st/stm32cubeide_1.11.0/stm32cubeide/plugins/com.st.stm32cube.ide.mcu.externaltools.gnu-tools-for-stm32.10.3-2021.10.win32_1.0.100.202210260954/tools/bin/../lib/gcc/arm-none-eabi/10.3.1/../../../../arm-none-eabi/lib/thumb/v7e-m+fp/hard\libc_nano.a(lib_a-exit.o) (_global_impure_ptr)
c:/st/stm32cubeide_1.11.0/stm32cubeide/plugins/com.st.stm32cube.ide.mcu.externaltools.gnu-tools-for-stm32.10.3-2021.10.win32_1.0.100.202210260954/tools/bin/../lib/gcc/arm-none-eabi/10.3.1/../../../../arm-none-eabi/lib/thumb/v7e-m+fp/hard\libc_nano.a(lib_a-init.o)
                              c:/st/stm32cubeide_1.11.0/stm32cubeide/plugins/com.st.stm32cube.ide.mcu.externaltools.gnu-tools-for-stm32.10.3-2021.10.win32_1.0.100.202210260954/tools/bin/../lib/gcc/arm-none-eabi/10.3.1/../../../../arm-none-eabi/lib/thumb/v7e-m+fp/hard/crt0.o (__libc_init_array)
c:/st/stm32cubeide_1.11.0/stm32cubeide/plugins/com.st.stm32cube.ide.mcu.externaltools.gnu-tools-for-stm32.10.3-2021.10.win32_1.0.100.202210260954/tools/bin/../lib/gcc/arm-none-eabi/10.3.1/../../../../arm-none-eabi/lib/thumb/v7e-m+fp/hard\libc_nano.a(lib_a-memset.o)
                              c:/st/stm32cubeide_1.11.0/stm32cubeide/plugins/com.st.stm32cube.ide.mcu.externaltools.gnu-tools-for-stm32.10.3-2021.10.win32_1.0.100.202210260954/tools/bin/../lib/gcc/arm-none-eabi/10.3.1/../../../../arm-none-eabi/lib/thumb/v7e-m+fp/hard/crt0.o (memset)
c:/st/stm32cubeide_1.11.0/stm32cubeide/plugins/com.st.stm32cube.ide.mcu.externaltools.gnu-tools-for-stm32.10.3-2021.10.win32_1.0.100.202210260954/tools/bin/../lib/gcc/arm-none-eabi/10.3.1/../../../../arm-none-eabi/lib/thumb/v7e-m+fp/hard\libm.a(lib_a-s_atan.o)
                              ./Core/Src/main.o (atan)
c:/st/stm32cubeide_1.11.0/stm32cubeide/plugins/com.st.stm32cube.ide.mcu.externaltools.gnu-tools-for-stm32.10.3-2021.10.win32_1.0.100.202210260954/tools/bin/../lib/gcc/arm-none-eabi/10.3.1/../../../../arm-none-eabi/lib/thumb/v7e-m+fp/hard\libm.a(lib_a-s_cos.o)
                              ./Core/Src/main.o (cos)
c:/st/stm32cubeide_1.11.0/stm32cubeide/plugins/com.st.stm32cube.ide.mcu.externaltools.gnu-tools-for-stm32.10.3-2021.10.win32_1.0.100.202210260954/tools/bin/../lib/gcc/arm-none-eabi/10.3.1/../../../../arm-none-eabi/lib/thumb/v7e-m+fp/hard\libm.a(lib_a-s_fabs.o)
                              c:/st/stm32cubeide_1.11.0/stm32cubeide/plugins/com.st.stm32cube.ide.mcu.externaltools.gnu-tools-for-stm32.10.3-2021.10.win32_1.0.100.202210260954/tools/bin/../lib/gcc/arm-none-eabi/10.3.1/../../../../arm-none-eabi/lib/thumb/v7e-m+fp/hard\libm.a(lib_a-s_atan.o) (fabs)
c:/st/stm32cubeide_1.11.0/stm32cubeide/plugins/com.st.stm32cube.ide.mcu.externaltools.gnu-tools-for-stm32.10.3-2021.10.win32_1.0.100.202210260954/tools/bin/../lib/gcc/arm-none-eabi/10.3.1/../../../../arm-none-eabi/lib/thumb/v7e-m+fp/hard\libm.a(lib_a-s_sin.o)
                              ./Core/Src/main.o (sin)
c:/st/stm32cubeide_1.11.0/stm32cubeide/plugins/com.st.stm32cube.ide.mcu.externaltools.gnu-tools-for-stm32.10.3-2021.10.win32_1.0.100.202210260954/tools/bin/../lib/gcc/arm-none-eabi/10.3.1/../../../../arm-none-eabi/lib/thumb/v7e-m+fp/hard\libm.a(lib_a-w_atan2.o)
                              ./Core/Src/main.o (atan2)
c:/st/stm32cubeide_1.11.0/stm32cubeide/plugins/com.st.stm32cube.ide.mcu.externaltools.gnu-tools-for-stm32.10.3-2021.10.win32_1.0.100.202210260954/tools/bin/../lib/gcc/arm-none-eabi/10.3.1/../../../../arm-none-eabi/lib/thumb/v7e-m+fp/hard\libm.a(lib_a-w_pow.o)
                              ./Core/Src/main.o (pow)
[...]
Memory Configuration

Name             Origin             Length             Attributes
CCMRAM           0x0000000010000000 0x0000000000010000 xrw
RAM              0x0000000020000000 0x0000000000020000 xrw
FLASH            0x0000000008000000 0x0000000000080000 xr
*default*        0x0000000000000000 0xffffffffffffffff

Linker script and memory map

LOAD c:/st/stm32cubeide_1.11.0/stm32cubeide/plugins/com.st.stm32cube.ide.mcu.externaltools.gnu-tools-for-stm32.10.3-2021.10.win32_1.0.100.202210260954/tools/bin/../lib/gcc/arm-none-eabi/10.3.1/thumb/v7e-m+fp/hard/crti.o
LOAD c:/st/stm32cubeide_1.11.0/stm32cubeide/plugins/com.st.stm32cube.ide.mcu.externaltools.gnu-tools-for-stm32.10.3-2021.10.win32_1.0.100.202210260954/tools/bin/../lib/gcc/arm-none-eabi/10.3.1/thumb/v7e-m+fp/hard/crtbegin.o
LOAD c:/st/stm32cubeide_1.11.0/stm32cubeide/plugins/com.st.stm32cube.ide.mcu.externaltools.gnu-tools-for-stm32.10.3-2021.10.win32_1.0.100.202210260954/tools/bin/../lib/gcc/arm-none-eabi/10.3.1/../../../../arm-none-eabi/lib/thumb/v7e-m+fp/hard/crt0.o
LOAD ./Core/Src/PID.o
LOAD ./Core/Src/main.o
LOAD ./Core/Src/stm32f4xx_hal_msp.o
LOAD ./Core/Src/stm32f4xx_hal_timebase_tim.o
LOAD ./Core/Src/stm32f4xx_it.o
LOAD ./Core/Src/syscalls.o
LOAD ./Core/Src/sysmem.o
LOAD ./Core/Src/system_stm32f4xx.o
LOAD ./Core/Startup/startup_stm32f407vetx.o
LOAD ./Drivers/STM32F4xx_HAL_Driver/Src/stm32f4xx_hal.o
LOAD ./Drivers/STM32F4xx_HAL_Driver/Src/stm32f4xx_hal_cortex.o
LOAD ./Drivers/STM32F4xx_HAL_Driver/Src/stm32f4xx_hal_dma.o
LOAD ./Drivers/STM32F4xx_HAL_Driver/Src/stm32f4xx_hal_dma_ex.o
LOAD ./Drivers/STM32F4xx_HAL_Driver/Src/stm32f4xx_hal_exti.o
LOAD ./Drivers/STM32F4xx_HAL_Driver/Src/stm32f4xx_hal_flash.o
LOAD ./Drivers/STM32F4xx_HAL_Driver/Src/stm32f4xx_hal_flash_ex.o
LOAD ./Drivers/STM32F4xx_HAL_Driver/Src/stm32f4xx_hal_flash_ramfunc.o
LOAD ./Drivers/STM32F4xx_HAL_Driver/Src/stm32f4xx_hal_gpio.o
LOAD ./Drivers/STM32F4xx_HAL_Driver/Src/stm32f4xx_hal_pwr.o
LOAD ./Drivers/STM32F4xx_HAL_Driver/Src/stm32f4xx_hal_pwr_ex.o
LOAD ./Drivers/STM32F4xx_HAL_Driver/Src/stm32f4xx_hal_rcc.o
LOAD ./Drivers/STM32F4xx_HAL_Driver/Src/stm32f4xx_hal_rcc_ex.o
LOAD ./Drivers/STM32F4xx_HAL_Driver/Src/stm32f4xx_hal_tim.o
LOAD ./Drivers/STM32F4xx_HAL_Driver/Src/stm32f4xx_hal_tim_ex.o
LOAD ./Drivers/STM32F4xx_HAL_Driver/Src/stm32f4xx_hal_uart.o
START GROUP
LOAD c:/st/stm32cubeide_1.11.0/stm32cubeide/plugins/com.st.stm32cube.ide.mcu.externaltools.gnu-tools-for-stm32.10.3-2021.10.win32_1.0.100.202210260954/tools/bin/../lib/gcc/arm-none-eabi/10.3.1/../../../../arm-none-eabi/lib/thumb/v7e-m+fp/hard\libc_nano.a
LOAD c:/st/stm32cubeide_1.11.0/stm32cubeide/plugins/com.st.stm32cube.ide.mcu.externaltools.gnu-tools-for-stm32.10.3-2021.10.win32_1.0.100.202210260954/tools/bin/../lib/gcc/arm-none-eabi/10.3.1/../../../../arm-none-eabi/lib/thumb/v7e-m+fp/hard\libm.a
END GROUP
START GROUP
LOAD c:/st/stm32cubeide_1.11.0/stm32cubeide/plugins/com.st.stm32cube.ide.mcu.externaltools.gnu-tools-for-stm32.10.3-2021.10.win32_1.0.100.202210260954/tools/bin/../lib/gcc/arm-none-eabi/10.3.1/thumb/v7e-m+fp/hard\libgcc.a
LOAD c:/st/stm32cubeide_1.11.0/stm32cubeide/plugins/com.st.stm32cube.ide.mcu.externaltools.gnu-tools-for-stm32.10.3-2021.10.win32_1.0.100.202210260954/tools/bin/../lib/gcc/arm-none-eabi/10.3.1/../../../../arm-none-eabi/lib/thumb/v7e-m+fp/hard\libc_nano.a
END GROUP
START GROUP
LOAD c:/st/stm32cubeide_1.11.0/stm32cubeide/plugins/com.st.stm32cube.ide.mcu.externaltools.gnu-tools-for-stm32.10.3-2021.10.win32_1.0.100.202210260954/tools/bin/../lib/gcc/arm-none-eabi/10.3.1/thumb/v7e-m+fp/hard\libgcc.a
LOAD c:/st/stm32cubeide_1.11.0/stm32cubeide/plugins/com.st.stm32cube.ide.mcu.externaltools.gnu-tools-for-stm32.10.3-2021.10.win32_1.0.100.202210260954/tools/bin/../lib/gcc/arm-none-eabi/10.3.1/../../../../arm-none-eabi/lib/thumb/v7e-m+fp/hard\libc_nano.a
LOAD c:/st/stm32cubeide_1.11.0/stm32cubeide/plugins/com.st.stm32cube.ide.mcu.externaltools.gnu-tools-for-stm32.10.3-2021.10.win32_1.0.100.202210260954/tools/bin/../lib/gcc/arm-none-eabi/10.3.1/../../../../arm-none-eabi/lib/thumb/v7e-m+fp/hard\libnosys.a
END GROUP
START GROUP
LOAD c:/st/stm32cubeide_1.11.0/stm32cubeide/plugins/com.st.stm32cube.ide.mcu.externaltools.gnu-tools-for-stm32.10.3-2021.10.win32_1.0.100.202210260954/tools/bin/../lib/gcc/arm-none-eabi/10.3.1/thumb/v7e-m+fp/hard\libgcc.a
LOAD c:/st/stm32cubeide_1.11.0/stm32cubeide/plugins/com.st.stm32cube.ide.mcu.externaltools.gnu-tools-for-stm32.10.3-2021.10.win32_1.0.100.202210260954/tools/bin/../lib/gcc/arm-none-eabi/10.3.1/../../../../arm-none-eabi/lib/thumb/v7e-m+fp/hard\libc_nano.a
LOAD c:/st/stm32cubeide_1.11.0/stm32cubeide/plugins/com.st.stm32cube.ide.mcu.externaltools.gnu-tools-for-stm32.10.3-2021.10.win32_1.0.100.202210260954/tools/bin/../lib/gcc/arm-none-eabi/10.3.1/../../../../arm-none-eabi/lib/thumb/v7e-m+fp/hard\libnosys.a
END GROUP
LOAD c:/st/stm32cubeide_1.11.0/stm32cubeide/plugins/com.st.stm32cube.ide.mcu.externaltools.gnu-tools-for-stm32.10.3-2021.10.win32_1.0.100.202210260954/tools/bin/../lib/gcc/arm-none-eabi/10.3.1/thumb/v7e-m+fp/hard/crtend.o
LOAD c:/st/stm32cubeide_1.11.0/stm32cubeide/plugins/com.st.stm32cube.ide.mcu.externaltools.gnu-tools-for-stm32.10.3-2021.10.win32_1.0.100.202210260954/tools/bin/../lib/gcc/arm-none-eabi/10.3.1/thumb/v7e-m+fp/hard/crtn.o
                0x0000000020020000                _estack = (ORIGIN (RAM) + LENGTH (RAM))
                0x0000000000000200                _Min_Heap_Size = 0x200
                0x0000000000000400                _Min_Stack_Size = 0x400

.isr_vector     0x0000000008000000      0x188
                0x0000000008000000                . = ALIGN (0x4)
 *(.isr_vector)
 .isr_vector    0x0000000008000000      0x188 ./Core/Startup/startup_stm32f407vetx.o
                0x0000000008000000                g_pfnVectors
                0x0000000008000188                . = ALIGN (0x4)

.text           0x0000000008000188     0x8dc4
                0x0000000008000188                . = ALIGN (0x4)
 *(.text)
 .text          0x0000000008000188       0x40 c:/st/stm32cubeide_1.11.0/stm32cubeide/plugins/com.st.stm32cube.ide.mcu.externaltools.gnu-tools-for-stm32.10.3-2021.10.win32_1.0.100.202210260954/tools/bin/../lib/gcc/arm-none-eabi/10.3.1/thumb/v7e-m+fp/hard/crtbegin.o
 .text          0x00000000080001c8      0x378 c:/st/stm32cubeide_1.11.0/stm32cubeide/plugins/com.st.stm32cube.ide.mcu.externaltools.gnu-tools-for-stm32.10.3-2021.10.win32_1.0.100.202210260954/tools/bin/../lib/gcc/arm-none-eabi/10.3.1/thumb/v7e-m+fp/hard\libgcc.a(_arm_addsubdf3.o)
                0x00000000080001c8                __aeabi_drsub
                0x00000000080001d0                __aeabi_dsub
                0x00000000080001d0                __subdf3
                0x00000000080001d4                __aeabi_dadd
                0x00000000080001d4                __adddf3
                0x000000000800044c                __floatunsidf
                0x000000000800044c                __aeabi_ui2d
                0x000000000800046c                __floatsidf
                0x000000000800046c                __aeabi_i2d
                0x0000000008000490                __aeabi_f2d
                0x0000000008000490                __extendsfdf2
                0x00000000080004d4                __floatundidf
                0x00000000080004d4                __aeabi_ul2d
                0x00000000080004e4                __floatdidf
                0x00000000080004e4                __aeabi_l2d
 .text          0x0000000008000540      0x424 c:/st/stm32cubeide_1.11.0/stm32cubeide/plugins/com.st.stm32cube.ide.mcu.externaltools.gnu-tools-for-stm32.10.3-2021.10.win32_1.0.100.202210260954/tools/bin/../lib/gcc/arm-none-eabi/10.3.1/thumb/v7e-m+fp/hard\libgcc.a(_arm_muldivdf3.o)
                0x0000000008000540                __aeabi_dmul
                0x0000000008000540                __muldf3
                0x0000000008000794                __divdf3
                0x0000000008000794                __aeabi_ddiv
 .text          0x0000000008000964      0x110 c:/st/stm32cubeide_1.11.0/stm32cubeide/plugins/com.st.stm32cube.ide.mcu.externaltools.gnu-tools-for-stm32.10.3-2021.10.win32_1.0.100.202210260954/tools/bin/../lib/gcc/arm-none-eabi/10.3.1/thumb/v7e-m+fp/hard\libgcc.a(_arm_cmpdf2.o)
                0x0000000008000964                __gtdf2
                0x0000000008000964                __gedf2
                0x000000000800096c                __ltdf2
                0x000000000800096c                __ledf2
                0x0000000008000974                __nedf2
                0x0000000008000974                __eqdf2
                0x0000000008000974                __cmpdf2
                0x00000000080009f0                __aeabi_cdrcmple
                0x0000000008000a00                __aeabi_cdcmpeq
                0x0000000008000a00                __aeabi_cdcmple
                0x0000000008000a10                __aeabi_dcmpeq
                0x0000000008000a24                __aeabi_dcmplt
                0x0000000008000a38                __aeabi_dcmple
                0x0000000008000a4c                __aeabi_dcmpge
                0x0000000008000a60                __aeabi_dcmpgt
 .text          0x0000000008000a74       0x2c c:/st/stm32cubeide_1.11.0/stm32cubeide/plugins/com.st.stm32cube.ide.mcu.externaltools.gnu-tools-for-stm32.10.3-2021.10.win32_1.0.100.202210260954/tools/bin/../lib/gcc/arm-none-eabi/10.3.1/thumb/v7e-m+fp/hard\libgcc.a(_arm_unorddf2.o)
                0x0000000008000a74                __unorddf2
                0x0000000008000a74                __aeabi_dcmpun
 .text          0x0000000008000aa0       0x50 c:/st/stm32cubeide_1.11.0/stm32cubeide/plugins/com.st.stm32cube.ide.mcu.externaltools.gnu-tools-for-stm32.10.3-2021.10.win32_1.0.100.202210260954/tools/bin/../lib/gcc/arm-none-eabi/10.3.1/thumb/v7e-m+fp/hard\libgcc.a(_arm_fixdfsi.o)
                0x0000000008000aa0                __aeabi_d2iz
                0x0000000008000aa0                __fixdfsi
 .text          0x0000000008000af0       0x40 c:/st/stm32cubeide_1.11.0/stm32cubeide/plugins/com.st.stm32cube.ide.mcu.externaltools.gnu-tools-for-stm32.10.3-2021.10.win32_1.0.100.202210260954/tools/bin/../lib/gcc/arm-none-eabi/10.3.1/thumb/v7e-m+fp/hard\libgcc.a(_arm_fixunsdfsi.o)
                0x0000000008000af0                __aeabi_d2uiz
                0x0000000008000af0                __fixunsdfsi
 .text          0x0000000008000b30       0xa0 c:/st/stm32cubeide_1.11.0/stm32cubeide/plugins/com.st.stm32cube.ide.mcu.externaltools.gnu-tools-for-stm32.10.3-2021.10.win32_1.0.100.202210260954/tools/bin/../lib/gcc/arm-none-eabi/10.3.1/thumb/v7e-m+fp/hard\libgcc.a(_arm_truncdfsf2.o)
                0x0000000008000b30                __truncdfsf2
                0x0000000008000b30                __aeabi_d2f
 .text          0x0000000008000bd0       0x30 c:/st/stm32cubeide_1.11.0/stm32cubeide/plugins/com.st.stm32cube.ide.mcu.externaltools.gnu-tools-for-stm32.10.3-2021.10.win32_1.0.100.202210260954/tools/bin/../lib/gcc/arm-none-eabi/10.3.1/thumb/v7e-m+fp/hard\libgcc.a(_aeabi_uldivmod.o)
                0x0000000008000bd0                __aeabi_uldivmod
 .text          0x0000000008000c00      0x2d0 c:/st/stm32cubeide_1.11.0/stm32cubeide/plugins/com.st.stm32cube.ide.mcu.externaltools.gnu-tools-for-stm32.10.3-2021.10.win32_1.0.100.202210260954/tools/bin/../lib/gcc/arm-none-eabi/10.3.1/thumb/v7e-m+fp/hard\libgcc.a(_udivmoddi4.o)
                0x0000000008000c00                __udivmoddi4
 .text          0x0000000008000ed0        0x4 c:/st/stm32cubeide_1.11.0/stm32cubeide/plugins/com.st.stm32cube.ide.mcu.externaltools.gnu-tools-for-stm32.10.3-2021.10.win32_1.0.100.202210260954/tools/bin/../lib/gcc/arm-none-eabi/10.3.1/thumb/v7e-m+fp/hard\libgcc.a(_dvmd_tls.o)
                0x0000000008000ed0                __aeabi_idiv0
                0x0000000008000ed0                __aeabi_ldiv0
 *(.text*)
 .text.Pid_SetParam
                0x0000000008000ed4       0x92 ./Core/Src/PID.o
                0x0000000008000ed4                Pid_SetParam
 *fill*         0x0000000008000f66        0x2 
 .text.Pid_Cal  0x0000000008000f68      0x250 ./Core/Src/PID.o
                0x0000000008000f68                Pid_Cal
 .text.e_CalOnly
                0x00000000080011b8       0x32 ./Core/Src/PID.o
                0x00000000080011b8                e_CalOnly
 *fill*         0x00000000080011ea        0x2 
 .text.ControlDriver
                0x00000000080011ec      0x12c ./Core/Src/main.o
                0x00000000080011ec                ControlDriver
 .text.GetDataCompass
                0x0000000008001318       0x84 ./Core/Src/main.o
                0x0000000008001318                GetDataCompass
 *fill*         0x000000000800139c        0x4 
 .text.HAL_UART_RxCpltCallback
                0x00000000080013a0      0x330 ./Core/Src/main.o
                0x00000000080013a0                HAL_UART_RxCpltCallback
 .text.quadrantCheck
                0x00000000080016d0      0x124 ./Core/Src/main.o
                0x00000000080016d0                quadrantCheck
 .text.SwerveInit
                0x00000000080017f4       0x7e ./Core/Src/main.o
                0x00000000080017f4                SwerveInit
 *fill*         0x0000000008001872        0x2 
 .text.modulo360
                0x0000000008001874       0x54 ./Core/Src/main.o
                0x0000000008001874                modulo360
 .text.OptimizeAngle
                0x00000000080018c8      0x314 ./Core/Src/main.o
                0x00000000080018c8                OptimizeAngle
 *fill*         0x0000000008001bdc        0x4 
 .text.InverseKine
                0x0000000008001be0      0x964 ./Core/Src/main.o
                0x0000000008001be0                InverseKine
 .text.HAL_GPIO_EXTI_Callback
                0x0000000008002544       0x48 ./Core/Src/main.o
                0x0000000008002544                HAL_GPIO_EXTI_Callback
 *fill*         0x000000000800258c        0x4 
 .text.OdoCountLogic
                0x0000000008002590      0x1a8 ./Core/Src/main.o
                0x0000000008002590                OdoCountLogic
 .text.PointDistances
                0x0000000008002738       0xb0 ./Core/Src/main.o
                0x0000000008002738                PointDistances
 .text.sgn      0x00000000080027e8       0x2e ./Core/Src/main.o
                0x00000000080027e8                sgn
 .text.min      0x0000000008002816       0x46 ./Core/Src/main.o
                0x0000000008002816                min
 .text.max      0x000000000800285c       0x46 ./Core/Src/main.o
                0x000000000800285c                max
 .text.absDouble
                0x00000000080028a2       0x40 ./Core/Src/main.o
                0x00000000080028a2                absDouble
 *fill*         0x00000000080028e2        0x6 
 .text.PurePursuilt
                0x00000000080028e8      0xa5c ./Core/Src/main.o
                0x00000000080028e8                PurePursuilt
 .text.SteadyStateCheck
                0x0000000008003344       0xc8 ./Core/Src/main.o
                0x0000000008003344                SteadyStateCheck
 *fill*         0x000000000800340c        0x4 
 .text.PIDPathFollow
                0x0000000008003410      0x2b0 ./Core/Src/main.o
                0x0000000008003410                PIDPathFollow
 .text.main     0x00000000080036c0      0x10c ./Core/Src/main.o
                0x00000000080036c0                main
 .text.SystemClock_Config
                0x00000000080037cc       0xd4 ./Core/Src/main.o
                0x00000000080037cc                SystemClock_Config
 .text.MX_TIM2_Init
                0x00000000080038a0       0x98 ./Core/Src/main.o
 .text.MX_UART4_Init
                0x0000000008003938       0x54 ./Core/Src/main.o
 .text.MX_USART1_UART_Init
                0x000000000800398c       0x54 ./Core/Src/main.o
 .text.MX_USART2_UART_Init
                0x00000000080039e0       0x54 ./Core/Src/main.o
 .text.MX_USART3_UART_Init
                0x0000000008003a34       0x54 ./Core/Src/main.o
 .text.MX_GPIO_Init
                0x0000000008003a88       0xfc ./Core/Src/main.o
 .text.HAL_TIM_PeriodElapsedCallback
                0x0000000008003b84       0x24 ./Core/Src/main.o
                0x0000000008003b84                HAL_TIM_PeriodElapsedCallback
 .text.Error_Handler
                0x0000000008003ba8        0xa ./Core/Src/main.o
                0x0000000008003ba8                Error_Handler
 *fill*         0x0000000008003bb2        0x2 
 .text.HAL_MspInit
                0x0000000008003bb4       0x50 ./Core/Src/stm32f4xx_hal_msp.o
                0x0000000008003bb4                HAL_MspInit
 .text.HAL_TIM_Base_MspInit
                0x0000000008003c04       0x40 ./Core/Src/stm32f4xx_hal_msp.o
                0x0000000008003c04                HAL_TIM_Base_MspInit
 .text.HAL_UART_MspInit
                0x0000000008003c44      0x204 ./Core/Src/stm32f4xx_hal_msp.o
                0x0000000008003c44                HAL_UART_MspInit
 .text.HAL_InitTick
                0x0000000008003e48       0xe8 ./Core/Src/stm32f4xx_hal_timebase_tim.o
                0x0000000008003e48                HAL_InitTick
 .text.NMI_Handler
                0x0000000008003f30        0x6 ./Core/Src/stm32f4xx_it.o
                0x0000000008003f30                NMI_Handler
 .text.HardFault_Handler
                0x0000000008003f36        0x6 ./Core/Src/stm32f4xx_it.o
                0x0000000008003f36                HardFault_Handler
 .text.MemManage_Handler
                0x0000000008003f3c        0x6 ./Core/Src/stm32f4xx_it.o
                0x0000000008003f3c                MemManage_Handler
 .text.BusFault_Handler
                0x0000000008003f42        0x6 ./Core/Src/stm32f4xx_it.o
                0x0000000008003f42                BusFault_Handler
 .text.UsageFault_Handler
                0x0000000008003f48        0x6 ./Core/Src/stm32f4xx_it.o
                0x0000000008003f48                UsageFault_Handler
 .text.SVC_Handler
                0x0000000008003f4e        0xe ./Core/Src/stm32f4xx_it.o
                0x0000000008003f4e                SVC_Handler
 .text.DebugMon_Handler
                0x0000000008003f5c        0xe ./Core/Src/stm32f4xx_it.o
                0x0000000008003f5c                DebugMon_Handler
 .text.PendSV_Handler
                0x0000000008003f6a        0xe ./Core/Src/stm32f4xx_it.o
                0x0000000008003f6a                PendSV_Handler
 .text.SysTick_Handler
                0x0000000008003f78        0xe ./Core/Src/stm32f4xx_it.o
                0x0000000008003f78                SysTick_Handler
 *fill*         0x0000000008003f86        0x2 
 .text.TIM1_UP_TIM10_IRQHandler
                0x0000000008003f88       0x14 ./Core/Src/stm32f4xx_it.o
                0x0000000008003f88                TIM1_UP_TIM10_IRQHandler
 .text.USART2_IRQHandler
                0x0000000008003f9c       0x14 ./Core/Src/stm32f4xx_it.o
                0x0000000008003f9c                USART2_IRQHandler
 .text.USART3_IRQHandler
                0x0000000008003fb0       0x14 ./Core/Src/stm32f4xx_it.o
                0x0000000008003fb0                USART3_IRQHandler
 .text.EXTI15_10_IRQHandler
                0x0000000008003fc4       0x10 ./Core/Src/stm32f4xx_it.o
                0x0000000008003fc4                EXTI15_10_IRQHandler
 .text.UART4_IRQHandler
                0x0000000008003fd4       0x14 ./Core/Src/stm32f4xx_it.o
                0x0000000008003fd4                UART4_IRQHandler
 .text.SystemInit
                0x0000000008003fe8       0x24 ./Core/Src/system_stm32f4xx.o
                0x0000000008003fe8                SystemInit
 .text.Reset_Handler
                0x000000000800400c       0x50 ./Core/Startup/startup_stm32f407vetx.o
                0x000000000800400c                Reset_Handler
 .text.Default_Handler
                0x000000000800405c        0x2 ./Core/Startup/startup_stm32f407vetx.o
                0x000000000800405c                RTC_Alarm_IRQHandler
                0x000000000800405c                HASH_RNG_IRQHandler
                0x000000000800405c                EXTI2_IRQHandler
                0x000000000800405c                TIM8_CC_IRQHandler
                0x000000000800405c                TIM1_CC_IRQHandler
                0x000000000800405c                DMA2_Stream5_IRQHandler
                0x000000000800405c                DMA1_Stream5_IRQHandler
                0x000000000800405c                PVD_IRQHandler
                0x000000000800405c                SDIO_IRQHandler
                0x000000000800405c                TAMP_STAMP_IRQHandler
                0x000000000800405c                CAN2_RX1_IRQHandler
                0x000000000800405c                EXTI3_IRQHandler
                0x000000000800405c                TIM8_TRG_COM_TIM14_IRQHandler
                0x000000000800405c                TIM8_UP_TIM13_IRQHandler
                0x000000000800405c                I2C3_ER_IRQHandler
                0x000000000800405c                EXTI0_IRQHandler
                0x000000000800405c                I2C2_EV_IRQHandler
                0x000000000800405c                DMA1_Stream2_IRQHandler
                0x000000000800405c                CAN1_RX0_IRQHandler
                0x000000000800405c                FPU_IRQHandler
                0x000000000800405c                OTG_HS_WKUP_IRQHandler
                0x000000000800405c                CAN2_SCE_IRQHandler
                0x000000000800405c                DMA2_Stream2_IRQHandler
                0x000000000800405c                SPI1_IRQHandler
                0x000000000800405c                TIM6_DAC_IRQHandler
                0x000000000800405c                TIM1_BRK_TIM9_IRQHandler
                0x000000000800405c                DCMI_IRQHandler
                0x000000000800405c                CAN2_RX0_IRQHandler
                0x000000000800405c                DMA2_Stream3_IRQHandler
                0x000000000800405c                USART6_IRQHandler
                0x000000000800405c                CAN1_RX1_IRQHandler
                0x000000000800405c                UART5_IRQHandler
                0x000000000800405c                DMA2_Stream0_IRQHandler
                0x000000000800405c                TIM4_IRQHandler
                0x000000000800405c                I2C1_EV_IRQHandler
                0x000000000800405c                DMA1_Stream6_IRQHandler
                0x000000000800405c                DMA1_Stream1_IRQHandler
                0x000000000800405c                TIM3_IRQHandler
                0x000000000800405c                RCC_IRQHandler
                0x000000000800405c                TIM8_BRK_TIM12_IRQHandler
                0x000000000800405c                Default_Handler
                0x000000000800405c                ADC_IRQHandler
                0x000000000800405c                DMA1_Stream7_IRQHandler
                0x000000000800405c                TIM7_IRQHandler
                0x000000000800405c                CAN2_TX_IRQHandler
                0x000000000800405c                TIM5_IRQHandler
                0x000000000800405c                DMA2_Stream7_IRQHandler
                0x000000000800405c                I2C3_EV_IRQHandler
                0x000000000800405c                EXTI9_5_IRQHandler
                0x000000000800405c                RTC_WKUP_IRQHandler
                0x000000000800405c                ETH_WKUP_IRQHandler
                0x000000000800405c                SPI2_IRQHandler
                0x000000000800405c                OTG_HS_EP1_IN_IRQHandler
                0x000000000800405c                DMA1_Stream0_IRQHandler
                0x000000000800405c                CAN1_TX_IRQHandler
                0x000000000800405c                EXTI4_IRQHandler
                0x000000000800405c                FSMC_IRQHandler
                0x000000000800405c                ETH_IRQHandler
                0x000000000800405c                OTG_HS_EP1_OUT_IRQHandler
                0x000000000800405c                WWDG_IRQHandler
                0x000000000800405c                TIM2_IRQHandler
                0x000000000800405c                OTG_FS_WKUP_IRQHandler
                0x000000000800405c                TIM1_TRG_COM_TIM11_IRQHandler
                0x000000000800405c                OTG_HS_IRQHandler
                0x000000000800405c                EXTI1_IRQHandler
                0x000000000800405c                I2C2_ER_IRQHandler
                0x000000000800405c                DMA2_Stream1_IRQHandler
                0x000000000800405c                CAN1_SCE_IRQHandler
                0x000000000800405c                FLASH_IRQHandler
                0x000000000800405c                DMA2_Stream4_IRQHandler
                0x000000000800405c                USART1_IRQHandler
                0x000000000800405c                OTG_FS_IRQHandler
                0x000000000800405c                SPI3_IRQHandler
                0x000000000800405c                DMA1_Stream4_IRQHandler
                0x000000000800405c                I2C1_ER_IRQHandler
                0x000000000800405c                DMA2_Stream6_IRQHandler
                0x000000000800405c                DMA1_Stream3_IRQHandler
 *fill*         0x000000000800405e        0x2 
 .text.HAL_Init
                0x0000000008004060       0x44 ./Drivers/STM32F4xx_HAL_Driver/Src/stm32f4xx_hal.o
                0x0000000008004060                HAL_Init
 .text.HAL_IncTick
                0x00000000080040a4       0x28 ./Drivers/STM32F4xx_HAL_Driver/Src/stm32f4xx_hal.o
                0x00000000080040a4                HAL_IncTick
 .text.HAL_GetTick
                0x00000000080040cc       0x18 ./Drivers/STM32F4xx_HAL_Driver/Src/stm32f4xx_hal.o
                0x00000000080040cc                HAL_GetTick
 .text.HAL_Delay
                0x00000000080040e4       0x48 ./Drivers/STM32F4xx_HAL_Driver/Src/stm32f4xx_hal.o
                0x00000000080040e4                HAL_Delay
 .text.__NVIC_SetPriorityGrouping
                0x000000000800412c       0x48 ./Drivers/STM32F4xx_HAL_Driver/Src/stm32f4xx_hal_cortex.o
 .text.__NVIC_GetPriorityGrouping
                0x0000000008004174       0x1c ./Drivers/STM32F4xx_HAL_Driver/Src/stm32f4xx_hal_cortex.o
 .text.__NVIC_EnableIRQ
                0x0000000008004190       0x3c ./Drivers/STM32F4xx_HAL_Driver/Src/stm32f4xx_hal_cortex.o
 .text.__NVIC_SetPriority
                0x00000000080041cc       0x54 ./Drivers/STM32F4xx_HAL_Driver/Src/stm32f4xx_hal_cortex.o
 .text.NVIC_EncodePriority
                0x0000000008004220       0x66 ./Drivers/STM32F4xx_HAL_Driver/Src/stm32f4xx_hal_cortex.o
 .text.HAL_NVIC_SetPriorityGrouping
                0x0000000008004286       0x16 ./Drivers/STM32F4xx_HAL_Driver/Src/stm32f4xx_hal_cortex.o
                0x0000000008004286                HAL_NVIC_SetPriorityGrouping
 .text.HAL_NVIC_SetPriority
                0x000000000800429c       0x38 ./Drivers/STM32F4xx_HAL_Driver/Src/stm32f4xx_hal_cortex.o
                0x000000000800429c                HAL_NVIC_SetPriority
 .text.HAL_NVIC_EnableIRQ
                0x00000000080042d4       0x1c ./Drivers/STM32F4xx_HAL_Driver/Src/stm32f4xx_hal_cortex.o
                0x00000000080042d4                HAL_NVIC_EnableIRQ
 .text.HAL_DMA_Abort
                0x00000000080042f0       0xe0 ./Drivers/STM32F4xx_HAL_Driver/Src/stm32f4xx_hal_dma.o
                0x00000000080042f0                HAL_DMA_Abort
 .text.HAL_DMA_Abort_IT
                0x00000000080043d0       0x44 ./Drivers/STM32F4xx_HAL_Driver/Src/stm32f4xx_hal_dma.o
                0x00000000080043d0                HAL_DMA_Abort_IT
 .text.HAL_GPIO_Init
                0x0000000008004414      0x338 ./Drivers/STM32F4xx_HAL_Driver/Src/stm32f4xx_hal_gpio.o
                0x0000000008004414                HAL_GPIO_Init
 .text.HAL_GPIO_ReadPin
                0x000000000800474c       0x30 ./Drivers/STM32F4xx_HAL_Driver/Src/stm32f4xx_hal_gpio.o
                0x000000000800474c                HAL_GPIO_ReadPin
 .text.HAL_GPIO_EXTI_IRQHandler
                0x000000000800477c       0x30 ./Drivers/STM32F4xx_HAL_Driver/Src/stm32f4xx_hal_gpio.o
                0x000000000800477c                HAL_GPIO_EXTI_IRQHandler
 .text.HAL_RCC_OscConfig
                0x00000000080047ac      0x4f0 ./Drivers/STM32F4xx_HAL_Driver/Src/stm32f4xx_hal_rcc.o
                0x00000000080047ac                HAL_RCC_OscConfig
 .text.HAL_RCC_ClockConfig
                0x0000000008004c9c      0x1cc ./Drivers/STM32F4xx_HAL_Driver/Src/stm32f4xx_hal_rcc.o
                0x0000000008004c9c                HAL_RCC_ClockConfig
 .text.HAL_RCC_GetSysClockFreq
                0x0000000008004e68      0x20c ./Drivers/STM32F4xx_HAL_Driver/Src/stm32f4xx_hal_rcc.o
                0x0000000008004e68                HAL_RCC_GetSysClockFreq
 .text.HAL_RCC_GetHCLKFreq
                0x0000000008005074       0x18 ./Drivers/STM32F4xx_HAL_Driver/Src/stm32f4xx_hal_rcc.o
                0x0000000008005074                HAL_RCC_GetHCLKFreq
 .text.HAL_RCC_GetPCLK1Freq
                0x000000000800508c       0x28 ./Drivers/STM32F4xx_HAL_Driver/Src/stm32f4xx_hal_rcc.o
                0x000000000800508c                HAL_RCC_GetPCLK1Freq
 .text.HAL_RCC_GetPCLK2Freq
                0x00000000080050b4       0x28 ./Drivers/STM32F4xx_HAL_Driver/Src/stm32f4xx_hal_rcc.o
                0x00000000080050b4                HAL_RCC_GetPCLK2Freq
 .text.HAL_RCC_GetClockConfig
                0x00000000080050dc       0x64 ./Drivers/STM32F4xx_HAL_Driver/Src/stm32f4xx_hal_rcc.o
                0x00000000080050dc                HAL_RCC_GetClockConfig
 .text.HAL_TIM_Base_Init
                0x0000000008005140       0x9e ./Drivers/STM32F4xx_HAL_Driver/Src/stm32f4xx_hal_tim.o
                0x0000000008005140                HAL_TIM_Base_Init
 *fill*         0x00000000080051de        0x2 
 .text.HAL_TIM_Base_Start_IT
                0x00000000080051e0       0xe0 ./Drivers/STM32F4xx_HAL_Driver/Src/stm32f4xx_hal_tim.o
                0x00000000080051e0                HAL_TIM_Base_Start_IT
 .text.HAL_TIM_IRQHandler
                0x00000000080052c0      0x210 ./Drivers/STM32F4xx_HAL_Driver/Src/stm32f4xx_hal_tim.o
                0x00000000080052c0                HAL_TIM_IRQHandler
 .text.HAL_TIM_ConfigClockSource
                0x00000000080054d0      0x18e ./Drivers/STM32F4xx_HAL_Driver/Src/stm32f4xx_hal_tim.o
                0x00000000080054d0                HAL_TIM_ConfigClockSource
 .text.HAL_TIM_OC_DelayElapsedCallback
                0x000000000800565e       0x14 ./Drivers/STM32F4xx_HAL_Driver/Src/stm32f4xx_hal_tim.o
                0x000000000800565e                HAL_TIM_OC_DelayElapsedCallback
 .text.HAL_TIM_IC_CaptureCallback
                0x0000000008005672       0x14 ./Drivers/STM32F4xx_HAL_Driver/Src/stm32f4xx_hal_tim.o
                0x0000000008005672                HAL_TIM_IC_CaptureCallback
 .text.HAL_TIM_PWM_PulseFinishedCallback
                0x0000000008005686       0x14 ./Drivers/STM32F4xx_HAL_Driver/Src/stm32f4xx_hal_tim.o
                0x0000000008005686                HAL_TIM_PWM_PulseFinishedCallback
 .text.HAL_TIM_TriggerCallback
                0x000000000800569a       0x14 ./Drivers/STM32F4xx_HAL_Driver/Src/stm32f4xx_hal_tim.o
                0x000000000800569a                HAL_TIM_TriggerCallback
 *fill*         0x00000000080056ae        0x2 
 .text.TIM_Base_SetConfig
                0x00000000080056b0      0x140 ./Drivers/STM32F4xx_HAL_Driver/Src/stm32f4xx_hal_tim.o
                0x00000000080056b0                TIM_Base_SetConfig
 .text.TIM_TI1_ConfigInputStage
                0x00000000080057f0       0x5e ./Drivers/STM32F4xx_HAL_Driver/Src/stm32f4xx_hal_tim.o
 .text.TIM_TI2_ConfigInputStage
                0x000000000800584e       0x60 ./Drivers/STM32F4xx_HAL_Driver/Src/stm32f4xx_hal_tim.o
 .text.TIM_ITRx_SetConfig
                0x00000000080058ae       0x36 ./Drivers/STM32F4xx_HAL_Driver/Src/stm32f4xx_hal_tim.o
 .text.TIM_ETR_SetConfig
                0x00000000080058e4       0x40 ./Drivers/STM32F4xx_HAL_Driver/Src/stm32f4xx_hal_tim.o
                0x00000000080058e4                TIM_ETR_SetConfig
 .text.HAL_TIMEx_MasterConfigSynchronization
                0x0000000008005924       0xf8 ./Drivers/STM32F4xx_HAL_Driver/Src/stm32f4xx_hal_tim_ex.o
                0x0000000008005924                HAL_TIMEx_MasterConfigSynchronization
 .text.HAL_TIMEx_CommutCallback
                0x0000000008005a1c       0x14 ./Drivers/STM32F4xx_HAL_Driver/Src/stm32f4xx_hal_tim_ex.o
                0x0000000008005a1c                HAL_TIMEx_CommutCallback
 .text.HAL_TIMEx_BreakCallback
                0x0000000008005a30       0x14 ./Drivers/STM32F4xx_HAL_Driver/Src/stm32f4xx_hal_tim_ex.o
                0x0000000008005a30                HAL_TIMEx_BreakCallback
 .text.HAL_UART_Init
                0x0000000008005a44       0x9a ./Drivers/STM32F4xx_HAL_Driver/Src/stm32f4xx_hal_uart.o
                0x0000000008005a44                HAL_UART_Init
 .text.HAL_UART_Transmit
                0x0000000008005ade      0x124 ./Drivers/STM32F4xx_HAL_Driver/Src/stm32f4xx_hal_uart.o
                0x0000000008005ade                HAL_UART_Transmit
 .text.HAL_UART_Receive_IT
                0x0000000008005c02       0x60 ./Drivers/STM32F4xx_HAL_Driver/Src/stm32f4xx_hal_uart.o
                0x0000000008005c02                HAL_UART_Receive_IT
 *fill*         0x0000000008005c62        0x2 
 .text.HAL_UART_IRQHandler
                0x0000000008005c64      0x51c ./Drivers/STM32F4xx_HAL_Driver/Src/stm32f4xx_hal_uart.o
                0x0000000008005c64                HAL_UART_IRQHandler
 .text.HAL_UART_TxCpltCallback
                0x0000000008006180       0x14 ./Drivers/STM32F4xx_HAL_Driver/Src/stm32f4xx_hal_uart.o
                0x0000000008006180                HAL_UART_TxCpltCallback
 .text.HAL_UART_ErrorCallback
                0x0000000008006194       0x14 ./Drivers/STM32F4xx_HAL_Driver/Src/stm32f4xx_hal_uart.o
                0x0000000008006194                HAL_UART_ErrorCallback
 .text.HAL_UARTEx_RxEventCallback
                0x00000000080061a8       0x18 ./Drivers/STM32F4xx_HAL_Driver/Src/stm32f4xx_hal_uart.o
                0x00000000080061a8                HAL_UARTEx_RxEventCallback
 .text.UART_WaitOnFlagUntilTimeout
                0x00000000080061c0       0xdc ./Drivers/STM32F4xx_HAL_Driver/Src/stm32f4xx_hal_uart.o
 .text.UART_Start_Receive_IT
                0x000000000800629c       0x7c ./Drivers/STM32F4xx_HAL_Driver/Src/stm32f4xx_hal_uart.o
                0x000000000800629c                UART_Start_Receive_IT
 .text.UART_EndRxTransfer
                0x0000000008006318       0xc6 ./Drivers/STM32F4xx_HAL_Driver/Src/stm32f4xx_hal_uart.o
 .text.UART_DMAAbortOnError
                0x00000000080063de       0x28 ./Drivers/STM32F4xx_HAL_Driver/Src/stm32f4xx_hal_uart.o
 .text.UART_Transmit_IT
                0x0000000008006406       0xa0 ./Drivers/STM32F4xx_HAL_Driver/Src/stm32f4xx_hal_uart.o
 .text.UART_EndTransmit_IT
                0x00000000080064a6       0x30 ./Drivers/STM32F4xx_HAL_Driver/Src/stm32f4xx_hal_uart.o
 .text.UART_Receive_IT
                0x00000000080064d6      0x176 ./Drivers/STM32F4xx_HAL_Driver/Src/stm32f4xx_hal_uart.o
 .text.UART_SetConfig
                0x000000000800664c      0x4e8 ./Drivers/STM32F4xx_HAL_Driver/Src/stm32f4xx_hal_uart.o
 .text.__errno  0x0000000008006b34        0xc c:/st/stm32cubeide_1.11.0/stm32cubeide/plugins/com.st.stm32cube.ide.mcu.externaltools.gnu-tools-for-stm32.10.3-2021.10.win32_1.0.100.202210260954/tools/bin/../lib/gcc/arm-none-eabi/10.3.1/../../../../arm-none-eabi/lib/thumb/v7e-m+fp/hard\libc_nano.a(lib_a-errno.o)
                0x0000000008006b34                __errno
 .text.__libc_init_array
                0x0000000008006b40       0x48 c:/st/stm32cubeide_1.11.0/stm32cubeide/plugins/com.st.stm32cube.ide.mcu.externaltools.gnu-tools-for-stm32.10.3-2021.10.win32_1.0.100.202210260954/tools/bin/../lib/gcc/arm-none-eabi/10.3.1/../../../../arm-none-eabi/lib/thumb/v7e-m+fp/hard\libc_nano.a(lib_a-init.o)
                0x0000000008006b40                __libc_init_array
 .text.memset   0x0000000008006b88       0x10 c:/st/stm32cubeide_1.11.0/stm32cubeide/plugins/com.st.stm32cube.ide.mcu.externaltools.gnu-tools-for-stm32.10.3-2021.10.win32_1.0.100.202210260954/tools/bin/../lib/gcc/arm-none-eabi/10.3.1/../../../../arm-none-eabi/lib/thumb/v7e-m+fp/hard\libc_nano.a(lib_a-memset.o)
                0x0000000008006b88                memset
 .text.atan     0x0000000008006b98      0x340 c:/st/stm32cubeide_1.11.0/stm32cubeide/plugins/com.st.stm32cube.ide.mcu.externaltools.gnu-tools-for-stm32.10.3-2021.10.win32_1.0.100.202210260954/tools/bin/../lib/gcc/arm-none-eabi/10.3.1/../../../../arm-none-eabi/lib/thumb/v7e-m+fp/hard\libm.a(lib_a-s_atan.o)
                0x0000000008006b98                atan
 .text.cos      0x0000000008006ed8       0xa8 c:/st/stm32cubeide_1.11.0/stm32cubeide/plugins/com.st.stm32cube.ide.mcu.externaltools.gnu-tools-for-stm32.10.3-2021.10.win32_1.0.100.202210260954/tools/bin/../lib/gcc/arm-none-eabi/10.3.1/../../../../arm-none-eabi/lib/thumb/v7e-m+fp/hard\libm.a(lib_a-s_cos.o)
                0x0000000008006ed8                cos
 .text.fabs     0x0000000008006f80       0x12 c:/st/stm32cubeide_1.11.0/stm32cubeide/plugins/com.st.stm32cube.ide.mcu.externaltools.gnu-tools-for-stm32.10.3-2021.10.win32_1.0.100.202210260954/tools/bin/../lib/gcc/arm-none-eabi/10.3.1/../../../../arm-none-eabi/lib/thumb/v7e-m+fp/hard\libm.a(lib_a-s_fabs.o)
                0x0000000008006f80                fabs
 *fill*         0x0000000008006f92        0x6 
 .text.sin      0x0000000008006f98       0xb0 c:/st/stm32cubeide_1.11.0/stm32cubeide/plugins/com.st.stm32cube.ide.mcu.externaltools.gnu-tools-for-stm32.10.3-2021.10.win32_1.0.100.202210260954/tools/bin/../lib/gcc/arm-none-eabi/10.3.1/../../../../arm-none-eabi/lib/thumb/v7e-m+fp/hard\libm.a(lib_a-s_sin.o)
                0x0000000008006f98                sin
 .text.atan2    0x0000000008007048        0x4 c:/st/stm32cubeide_1.11.0/stm32cubeide/plugins/com.st.stm32cube.ide.mcu.externaltools.gnu-tools-for-stm32.10.3-2021.10.win32_1.0.100.202210260954/tools/bin/../lib/gcc/arm-none-eabi/10.3.1/../../../../arm-none-eabi/lib/thumb/v7e-m+fp/hard\libm.a(lib_a-w_atan2.o)
                0x0000000008007048                atan2
 .text.pow      0x000000000800704c       0xe0 c:/st/stm32cubeide_1.11.0/stm32cubeide/plugins/com.st.stm32cube.ide.mcu.externaltools.gnu-tools-for-stm32.10.3-2021.10.win32_1.0.100.202210260954/tools/bin/../lib/gcc/arm-none-eabi/10.3.1/../../../../arm-none-eabi/lib/thumb/v7e-m+fp/hard\libm.a(lib_a-w_pow.o)
                0x000000000800704c                pow
 .text.sqrt     0x000000000800712c       0x58 c:/st/stm32cubeide_1.11.0/stm32cubeide/plugins/com.st.stm32cube.ide.mcu.externaltools.gnu-tools-for-stm32.10.3-2021.10.win32_1.0.100.202210260954/tools/bin/../lib/gcc/arm-none-eabi/10.3.1/../../../../arm-none-eabi/lib/thumb/v7e-m+fp/hard\libm.a(lib_a-w_sqrt.o)
                0x000000000800712c                sqrt
 *fill*         0x0000000008007184        0x4 
 .text.__ieee754_atan2
                0x0000000008007188      0x194 c:/st/stm32cubeide_1.11.0/stm32cubeide/plugins/com.st.stm32cube.ide.mcu.externaltools.gnu-tools-for-stm32.10.3-2021.10.win32_1.0.100.202210260954/tools/bin/../lib/gcc/arm-none-eabi/10.3.1/../../../../arm-none-eabi/lib/thumb/v7e-m+fp/hard\libm.a(lib_a-e_atan2.o)
                0x0000000008007188                __ieee754_atan2
 *fill*         0x000000000800731c        0x4 
 .text.__ieee754_pow
                0x0000000008007320      0xa5c c:/st/stm32cubeide_1.11.0/stm32cubeide/plugins/com.st.stm32cube.ide.mcu.externaltools.gnu-tools-for-stm32.10.3-2021.10.win32_1.0.100.202210260954/tools/bin/../lib/gcc/arm-none-eabi/10.3.1/../../../../arm-none-eabi/lib/thumb/v7e-m+fp/hard\libm.a(lib_a-e_pow.o)
                0x0000000008007320                __ieee754_pow
 *fill*         0x0000000008007d7c        0x4 
 .text.__ieee754_rem_pio2
                0x0000000008007d80      0x418 c:/st/stm32cubeide_1.11.0/stm32cubeide/plugins/com.st.stm32cube.ide.mcu.externaltools.gnu-tools-for-stm32.10.3-2021.10.win32_1.0.100.202210260954/tools/bin/../lib/gcc/arm-none-eabi/10.3.1/../../../../arm-none-eabi/lib/thumb/v7e-m+fp/hard\libm.a(lib_a-e_rem_pio2.o)
                0x0000000008007d80                __ieee754_rem_pio2
 .text.__ieee754_sqrt
                0x0000000008008198      0x164 c:/st/stm32cubeide_1.11.0/stm32cubeide/plugins/com.st.stm32cube.ide.mcu.externaltools.gnu-tools-for-stm32.10.3-2021.10.win32_1.0.100.202210260954/tools/bin/../lib/gcc/arm-none-eabi/10.3.1/../../../../arm-none-eabi/lib/thumb/v7e-m+fp/hard\libm.a(lib_a-e_sqrt.o)
                0x0000000008008198                __ieee754_sqrt
 *fill*         0x00000000080082fc        0x4 
 .text.__kernel_cos
                0x0000000008008300      0x18c c:/st/stm32cubeide_1.11.0/stm32cubeide/plugins/com.st.stm32cube.ide.mcu.externaltools.gnu-tools-for-stm32.10.3-2021.10.win32_1.0.100.202210260954/tools/bin/../lib/gcc/arm-none-eabi/10.3.1/../../../../arm-none-eabi/lib/thumb/v7e-m+fp/hard\libm.a(lib_a-k_cos.o)
                0x0000000008008300                __kernel_cos
 *fill*         0x000000000800848c        0x4 
 .text.__kernel_rem_pio2
                0x0000000008008490      0x69c c:/st/stm32cubeide_1.11.0/stm32cubeide/plugins/com.st.stm32cube.ide.mcu.externaltools.gnu-tools-for-stm32.10.3-2021.10.win32_1.0.100.202210260954/tools/bin/../lib/gcc/arm-none-eabi/10.3.1/../../../../arm-none-eabi/lib/thumb/v7e-m+fp/hard\libm.a(lib_a-k_rem_pio2.o)
                0x0000000008008490                __kernel_rem_pio2
 *fill*         0x0000000008008b2c        0x4 
 .text.__kernel_sin
                0x0000000008008b30      0x17c c:/st/stm32cubeide_1.11.0/stm32cubeide/plugins/com.st.stm32cube.ide.mcu.externaltools.gnu-tools-for-stm32.10.3-2021.10.win32_1.0.100.202210260954/tools/bin/../lib/gcc/arm-none-eabi/10.3.1/../../../../arm-none-eabi/lib/thumb/v7e-m+fp/hard\libm.a(lib_a-k_sin.o)
                0x0000000008008b30                __kernel_sin
 .text.with_errno
                0x0000000008008cac       0x14 c:/st/stm32cubeide_1.11.0/stm32cubeide/plugins/com.st.stm32cube.ide.mcu.externaltools.gnu-tools-for-stm32.10.3-2021.10.win32_1.0.100.202210260954/tools/bin/../lib/gcc/arm-none-eabi/10.3.1/../../../../arm-none-eabi/lib/thumb/v7e-m+fp/hard\libm.a(lib_a-math_err.o)
 .text.xflow    0x0000000008008cc0       0x28 c:/st/stm32cubeide_1.11.0/stm32cubeide/plugins/com.st.stm32cube.ide.mcu.externaltools.gnu-tools-for-stm32.10.3-2021.10.win32_1.0.100.202210260954/tools/bin/../lib/gcc/arm-none-eabi/10.3.1/../../../../arm-none-eabi/lib/thumb/v7e-m+fp/hard\libm.a(lib_a-math_err.o)
 .text.__math_uflow
                0x0000000008008ce8       0x12 c:/st/stm32cubeide_1.11.0/stm32cubeide/plugins/com.st.stm32cube.ide.mcu.externaltools.gnu-tools-for-stm32.10.3-2021.10.win32_1.0.100.202210260954/tools/bin/../lib/gcc/arm-none-eabi/10.3.1/../../../../arm-none-eabi/lib/thumb/v7e-m+fp/hard\libm.a(lib_a-math_err.o)
                0x0000000008008ce8                __math_uflow
 .text.__math_oflow
                0x0000000008008cfa       0x12 c:/st/stm32cubeide_1.11.0/stm32cubeide/plugins/com.st.stm32cube.ide.mcu.externaltools.gnu-tools-for-stm32.10.3-2021.10.win32_1.0.100.202210260954/tools/bin/../lib/gcc/arm-none-eabi/10.3.1/../../../../arm-none-eabi/lib/thumb/v7e-m+fp/hard\libm.a(lib_a-math_err.o)
                0x0000000008008cfa                __math_oflow
 .text.finite   0x0000000008008d0c       0x16 c:/st/stm32cubeide_1.11.0/stm32cubeide/plugins/com.st.stm32cube.ide.mcu.externaltools.gnu-tools-for-stm32.10.3-2021.10.win32_1.0.100.202210260954/tools/bin/../lib/gcc/arm-none-eabi/10.3.1/../../../../arm-none-eabi/lib/thumb/v7e-m+fp/hard\libm.a(lib_a-s_finite.o)
                0x0000000008008d0c                finite
 *fill*         0x0000000008008d22        0x6 
 .text.floor    0x0000000008008d28      0x100 c:/st/stm32cubeide_1.11.0/stm32cubeide/plugins/com.st.stm32cube.ide.mcu.externaltools.gnu-tools-for-stm32.10.3-2021.10.win32_1.0.100.202210260954/tools/bin/../lib/gcc/arm-none-eabi/10.3.1/../../../../arm-none-eabi/lib/thumb/v7e-m+fp/hard\libm.a(lib_a-s_floor.o)
                0x0000000008008d28                floor
 .text.scalbn   0x0000000008008e28      0x10c c:/st/stm32cubeide_1.11.0/stm32cubeide/plugins/com.st.stm32cube.ide.mcu.externaltools.gnu-tools-for-stm32.10.3-2021.10.win32_1.0.100.202210260954/tools/bin/../lib/gcc/arm-none-eabi/10.3.1/../../../../arm-none-eabi/lib/thumb/v7e-m+fp/hard\libm.a(lib_a-s_scalbn.o)
                0x0000000008008e28                scalbn
 *(.glue_7)
 .glue_7        0x0000000008008f34        0x0 linker stubs
 *(.glue_7t)
 .glue_7t       0x0000000008008f34        0x0 linker stubs
 *(.eh_frame)
 .eh_frame      0x0000000008008f34        0x0 c:/st/stm32cubeide_1.11.0/stm32cubeide/plugins/com.st.stm32cube.ide.mcu.externaltools.gnu-tools-for-stm32.10.3-2021.10.win32_1.0.100.202210260954/tools/bin/../lib/gcc/arm-none-eabi/10.3.1/thumb/v7e-m+fp/hard/crtbegin.o
 *(.init)
 .init          0x0000000008008f34        0x4 c:/st/stm32cubeide_1.11.0/stm32cubeide/plugins/com.st.stm32cube.ide.mcu.externaltools.gnu-tools-for-stm32.10.3-2021.10.win32_1.0.100.202210260954/tools/bin/../lib/gcc/arm-none-eabi/10.3.1/thumb/v7e-m+fp/hard/crti.o
                0x0000000008008f34                _init
 .init          0x0000000008008f38        0x8 c:/st/stm32cubeide_1.11.0/stm32cubeide/plugins/com.st.stm32cube.ide.mcu.externaltools.gnu-tools-for-stm32.10.3-2021.10.win32_1.0.100.202210260954/tools/bin/../lib/gcc/arm-none-eabi/10.3.1/thumb/v7e-m+fp/hard/crtn.o
 *(.fini)
 .fini          0x0000000008008f40        0x4 c:/st/stm32cubeide_1.11.0/stm32cubeide/plugins/com.st.stm32cube.ide.mcu.externaltools.gnu-tools-for-stm32.10.3-2021.10.win32_1.0.100.202210260954/tools/bin/../lib/gcc/arm-none-eabi/10.3.1/thumb/v7e-m+fp/hard/crti.o
                0x0000000008008f40                _fini
 .fini          0x0000000008008f44        0x8 c:/st/stm32cubeide_1.11.0/stm32cubeide/plugins/com.st.stm32cube.ide.mcu.externaltools.gnu-tools-for-stm32.10.3-2021.10.win32_1.0.100.202210260954/tools/bin/../lib/gcc/arm-none-eabi/10.3.1/thumb/v7e-m+fp/hard/crtn.o
                0x0000000008008f4c                . = ALIGN (0x4)
                0x0000000008008f4c                _etext = .

.vfp11_veneer   0x0000000008008f4c        0x0
 .vfp11_veneer  0x0000000008008f4c        0x0 linker stubs

.v4_bx          0x0000000008008f4c        0x0
 .v4_bx         0x0000000008008f4c        0x0 linker stubs

.iplt           0x0000000008008f4c        0x0
 .iplt          0x0000000008008f4c        0x0 c:/st/stm32cubeide_1.11.0/stm32cubeide/plugins/com.st.stm32cube.ide.mcu.externaltools.gnu-tools-for-stm32.10.3-2021.10.win32_1.0.100.202210260954/tools/bin/../lib/gcc/arm-none-eabi/10.3.1/thumb/v7e-m+fp/hard/crtbegin.o

.rodata         0x0000000008008f50      0x290
                0x0000000008008f50                . = ALIGN (0x4)
 *(.rodata)
 *(.rodata*)
 .rodata.AHBPrescTable
                0x0000000008008f50       0x10 ./Core/Src/system_stm32f4xx.o
                0x0000000008008f50                AHBPrescTable
 .rodata.APBPrescTable
                0x0000000008008f60        0x8 ./Core/Src/system_stm32f4xx.o
                0x0000000008008f60                APBPrescTable
 .rodata.atanhi
                0x0000000008008f68       0x20 c:/st/stm32cubeide_1.11.0/stm32cubeide/plugins/com.st.stm32cube.ide.mcu.externaltools.gnu-tools-for-stm32.10.3-2021.10.win32_1.0.100.202210260954/tools/bin/../lib/gcc/arm-none-eabi/10.3.1/../../../../arm-none-eabi/lib/thumb/v7e-m+fp/hard\libm.a(lib_a-s_atan.o)
 .rodata.atanlo
                0x0000000008008f88       0x20 c:/st/stm32cubeide_1.11.0/stm32cubeide/plugins/com.st.stm32cube.ide.mcu.externaltools.gnu-tools-for-stm32.10.3-2021.10.win32_1.0.100.202210260954/tools/bin/../lib/gcc/arm-none-eabi/10.3.1/../../../../arm-none-eabi/lib/thumb/v7e-m+fp/hard\libm.a(lib_a-s_atan.o)
 .rodata.CSWTCH.8
                0x0000000008008fa8       0x18 c:/st/stm32cubeide_1.11.0/stm32cubeide/plugins/com.st.stm32cube.ide.mcu.externaltools.gnu-tools-for-stm32.10.3-2021.10.win32_1.0.100.202210260954/tools/bin/../lib/gcc/arm-none-eabi/10.3.1/../../../../arm-none-eabi/lib/thumb/v7e-m+fp/hard\libm.a(lib_a-e_atan2.o)
 .rodata.CSWTCH.9
                0x0000000008008fc0       0x18 c:/st/stm32cubeide_1.11.0/stm32cubeide/plugins/com.st.stm32cube.ide.mcu.externaltools.gnu-tools-for-stm32.10.3-2021.10.win32_1.0.100.202210260954/tools/bin/../lib/gcc/arm-none-eabi/10.3.1/../../../../arm-none-eabi/lib/thumb/v7e-m+fp/hard\libm.a(lib_a-e_atan2.o)
 .rodata.bp     0x0000000008008fd8       0x10 c:/st/stm32cubeide_1.11.0/stm32cubeide/plugins/com.st.stm32cube.ide.mcu.externaltools.gnu-tools-for-stm32.10.3-2021.10.win32_1.0.100.202210260954/tools/bin/../lib/gcc/arm-none-eabi/10.3.1/../../../../arm-none-eabi/lib/thumb/v7e-m+fp/hard\libm.a(lib_a-e_pow.o)
 .rodata.dp_h   0x0000000008008fe8       0x10 c:/st/stm32cubeide_1.11.0/stm32cubeide/plugins/com.st.stm32cube.ide.mcu.externaltools.gnu-tools-for-stm32.10.3-2021.10.win32_1.0.100.202210260954/tools/bin/../lib/gcc/arm-none-eabi/10.3.1/../../../../arm-none-eabi/lib/thumb/v7e-m+fp/hard\libm.a(lib_a-e_pow.o)
 .rodata.dp_l   0x0000000008008ff8       0x10 c:/st/stm32cubeide_1.11.0/stm32cubeide/plugins/com.st.stm32cube.ide.mcu.externaltools.gnu-tools-for-stm32.10.3-2021.10.win32_1.0.100.202210260954/tools/bin/../lib/gcc/arm-none-eabi/10.3.1/../../../../arm-none-eabi/lib/thumb/v7e-m+fp/hard\libm.a(lib_a-e_pow.o)
 .rodata.npio2_hw
                0x0000000008009008       0x80 c:/st/stm32cubeide_1.11.0/stm32cubeide/plugins/com.st.stm32cube.ide.mcu.externaltools.gnu-tools-for-stm32.10.3-2021.10.win32_1.0.100.202210260954/tools/bin/../lib/gcc/arm-none-eabi/10.3.1/../../../../arm-none-eabi/lib/thumb/v7e-m+fp/hard\libm.a(lib_a-e_rem_pio2.o)
 .rodata.two_over_pi
                0x0000000008009088      0x108 c:/st/stm32cubeide_1.11.0/stm32cubeide/plugins/com.st.stm32cube.ide.mcu.externaltools.gnu-tools-for-stm32.10.3-2021.10.win32_1.0.100.202210260954/tools/bin/../lib/gcc/arm-none-eabi/10.3.1/../../../../arm-none-eabi/lib/thumb/v7e-m+fp/hard\libm.a(lib_a-e_rem_pio2.o)
 .rodata.PIo2   0x0000000008009190       0x40 c:/st/stm32cubeide_1.11.0/stm32cubeide/plugins/com.st.stm32cube.ide.mcu.externaltools.gnu-tools-for-stm32.10.3-2021.10.win32_1.0.100.202210260954/tools/bin/../lib/gcc/arm-none-eabi/10.3.1/../../../../arm-none-eabi/lib/thumb/v7e-m+fp/hard\libm.a(lib_a-k_rem_pio2.o)
 .rodata.init_jk
                0x00000000080091d0       0x10 c:/st/stm32cubeide_1.11.0/stm32cubeide/plugins/com.st.stm32cube.ide.mcu.externaltools.gnu-tools-for-stm32.10.3-2021.10.win32_1.0.100.202210260954/tools/bin/../lib/gcc/arm-none-eabi/10.3.1/../../../../arm-none-eabi/lib/thumb/v7e-m+fp/hard\libm.a(lib_a-k_rem_pio2.o)
                0x00000000080091e0                . = ALIGN (0x4)

.ARM.extab      0x00000000080091e0        0x0
                0x00000000080091e0                . = ALIGN (0x4)
 *(.ARM.extab* .gnu.linkonce.armextab.*)
                0x00000000080091e0                . = ALIGN (0x4)

.ARM            0x00000000080091e0        0x8
                0x00000000080091e0                . = ALIGN (0x4)
                0x00000000080091e0                __exidx_start = .
 *(.ARM.exidx*)
 .ARM.exidx     0x00000000080091e0        0x8 c:/st/stm32cubeide_1.11.0/stm32cubeide/plugins/com.st.stm32cube.ide.mcu.externaltools.gnu-tools-for-stm32.10.3-2021.10.win32_1.0.100.202210260954/tools/bin/../lib/gcc/arm-none-eabi/10.3.1/thumb/v7e-m+fp/hard\libgcc.a(_udivmoddi4.o)
                0x00000000080091e8                __exidx_end = .
                0x00000000080091e8                . = ALIGN (0x4)

.rel.dyn        0x00000000080091e8        0x0
 .rel.iplt      0x00000000080091e8        0x0 c:/st/stm32cubeide_1.11.0/stm32cubeide/plugins/com.st.stm32cube.ide.mcu.externaltools.gnu-tools-for-stm32.10.3-2021.10.win32_1.0.100.202210260954/tools/bin/../lib/gcc/arm-none-eabi/10.3.1/thumb/v7e-m+fp/hard/crtbegin.o

.preinit_array  0x00000000080091e8        0x0
                0x00000000080091e8                . = ALIGN (0x4)
                0x00000000080091e8                PROVIDE (__preinit_array_start = .)
 *(.preinit_array*)
                0x00000000080091e8                PROVIDE (__preinit_array_end = .)
                0x00000000080091e8                . = ALIGN (0x4)

.init_array     0x00000000080091e8        0x4
                0x00000000080091e8                . = ALIGN (0x4)
                0x00000000080091e8                PROVIDE (__init_array_start = .)
 *(SORT_BY_NAME(.init_array.*))
 *(.init_array*)
 .init_array    0x00000000080091e8        0x4 c:/st/stm32cubeide_1.11.0/stm32cubeide/plugins/com.st.stm32cube.ide.mcu.externaltools.gnu-tools-for-stm32.10.3-2021.10.win32_1.0.100.202210260954/tools/bin/../lib/gcc/arm-none-eabi/10.3.1/thumb/v7e-m+fp/hard/crtbegin.o
                0x00000000080091ec                PROVIDE (__init_array_end = .)
                0x00000000080091ec                . = ALIGN (0x4)

.fini_array     0x00000000080091ec        0x4
                0x00000000080091ec                . = ALIGN (0x4)
                [!provide]                        PROVIDE (__fini_array_start = .)
 *(SORT_BY_NAME(.fini_array.*))
 *(.fini_array*)
 .fini_array    0x00000000080091ec        0x4 c:/st/stm32cubeide_1.11.0/stm32cubeide/plugins/com.st.stm32cube.ide.mcu.externaltools.gnu-tools-for-stm32.10.3-2021.10.win32_1.0.100.202210260954/tools/bin/../lib/gcc/arm-none-eabi/10.3.1/thumb/v7e-m+fp/hard/crtbegin.o
                [!provide]                        PROVIDE (__fini_array_end = .)
                0x00000000080091f0                . = ALIGN (0x4)
                0x00000000080091f0                _sidata = LOADADDR (.data)

.data           0x0000000020000000      0x148 load address 0x00000000080091f0
                0x0000000020000000                . = ALIGN (0x4)
                0x0000000020000000                _sdata = .
 *(.data)
 *(.data*)
 .data.Points   0x0000000020000000       0x50 ./Core/Src/main.o
                0x0000000020000000                Points
 .data.LookAheadDis
                0x0000000020000050        0x8 ./Core/Src/main.o
                0x0000000020000050                LookAheadDis
 .data.kP       0x0000000020000058        0x8 ./Core/Src/main.o
                0x0000000020000058                kP
 .data.kD       0x0000000020000060        0x8 ./Core/Src/main.o
                0x0000000020000060                kD
 .data.alpha    0x0000000020000068        0x8 ./Core/Src/main.o
                0x0000000020000068                alpha
 .data.T        0x0000000020000070        0x8 ./Core/Src/main.o
                0x0000000020000070                T
 .data.Ua       0x0000000020000078        0x8 ./Core/Src/main.o
                0x0000000020000078                Ua
 .data.Ub       0x0000000020000080        0x8 ./Core/Src/main.o
                0x0000000020000080                Ub
 .data.kP1      0x0000000020000088        0x8 ./Core/Src/main.o
                0x0000000020000088                kP1
 .data.alpha1   0x0000000020000090        0x8 ./Core/Src/main.o
                0x0000000020000090                alpha1
 .data.T1       0x0000000020000098        0x8 ./Core/Src/main.o
                0x0000000020000098                T1
 .data.Ua1      0x00000000200000a0        0x8 ./Core/Src/main.o
                0x00000000200000a0                Ua1
 .data.Ub1      0x00000000200000a8        0x8 ./Core/Src/main.o
                0x00000000200000a8                Ub1
 .data.kP2      0x00000000200000b0        0x8 ./Core/Src/main.o
                0x00000000200000b0                kP2
 .data.alpha2   0x00000000200000b8        0x8 ./Core/Src/main.o
                0x00000000200000b8                alpha2
 .data.T2       0x00000000200000c0        0x8 ./Core/Src/main.o
                0x00000000200000c0                T2
 .data.Ua2      0x00000000200000c8        0x8 ./Core/Src/main.o
                0x00000000200000c8                Ua2
 .data.Ub2      0x00000000200000d0        0x8 ./Core/Src/main.o
                0x00000000200000d0                Ub2
 .data.SystemCoreClock
                0x00000000200000d8        0x4 ./Core/Src/system_stm32f4xx.o
                0x00000000200000d8                SystemCoreClock
 .data.uwTickPrio
                0x00000000200000dc        0x4 ./Drivers/STM32F4xx_HAL_Driver/Src/stm32f4xx_hal.o
                0x00000000200000dc                uwTickPrio
 .data.uwTickFreq
                0x00000000200000e0        0x1 ./Drivers/STM32F4xx_HAL_Driver/Src/stm32f4xx_hal.o
                0x00000000200000e0                uwTickFreq
 *fill*         0x00000000200000e1        0x3 
 .data._impure_ptr
                0x00000000200000e4        0x4 c:/st/stm32cubeide_1.11.0/stm32cubeide/plugins/com.st.stm32cube.ide.mcu.externaltools.gnu-tools-for-stm32.10.3-2021.10.win32_1.0.100.202210260954/tools/bin/../lib/gcc/arm-none-eabi/10.3.1/../../../../arm-none-eabi/lib/thumb/v7e-m+fp/hard\libc_nano.a(lib_a-impure.o)
                0x00000000200000e4                _impure_ptr
 .data.impure_data
                0x00000000200000e8       0x60 c:/st/stm32cubeide_1.11.0/stm32cubeide/plugins/com.st.stm32cube.ide.mcu.externaltools.gnu-tools-for-stm32.10.3-2021.10.win32_1.0.100.202210260954/tools/bin/../lib/gcc/arm-none-eabi/10.3.1/../../../../arm-none-eabi/lib/thumb/v7e-m+fp/hard\libc_nano.a(lib_a-impure.o)
 *(.RamFunc)
 *(.RamFunc*)
                0x0000000020000148                . = ALIGN (0x4)
                0x0000000020000148                _edata = .
                0x0000000008009338                _siccmram = LOADADDR (.ccmram)

.igot.plt       0x0000000020000148        0x0 load address 0x0000000008009338
 .igot.plt      0x0000000020000148        0x0 c:/st/stm32cubeide_1.11.0/stm32cubeide/plugins/com.st.stm32cube.ide.mcu.externaltools.gnu-tools-for-stm32.10.3-2021.10.win32_1.0.100.202210260954/tools/bin/../lib/gcc/arm-none-eabi/10.3.1/thumb/v7e-m+fp/hard/crtbegin.o

.ccmram         0x0000000010000000        0x0 load address 0x0000000008009338
                0x0000000010000000                . = ALIGN (0x4)
                0x0000000010000000                _sccmram = .
 *(.ccmram)
 *(.ccmram*)
                0x0000000010000000                . = ALIGN (0x4)
                0x0000000010000000                _eccmram = .
                0x0000000010000000                . = ALIGN (0x4)

.bss            0x0000000020000148      0x5f8
                0x0000000020000148                _sbss = .
                0x0000000020000148                __bss_start__ = _sbss
 *(.bss)
 .bss           0x0000000020000148       0x1c c:/st/stm32cubeide_1.11.0/stm32cubeide/plugins/com.st.stm32cube.ide.mcu.externaltools.gnu-tools-for-stm32.10.3-2021.10.win32_1.0.100.202210260954/tools/bin/../lib/gcc/arm-none-eabi/10.3.1/thumb/v7e-m+fp/hard/crtbegin.o
 *(.bss*)
 .bss.htim2     0x0000000020000164       0x48 ./Core/Src/main.o
                0x0000000020000164                htim2
 .bss.huart4    0x00000000200001ac       0x44 ./Core/Src/main.o
                0x00000000200001ac                huart4
 .bss.huart1    0x00000000200001f0       0x44 ./Core/Src/main.o
                0x00000000200001f0                huart1
 .bss.huart2    0x0000000020000234       0x44 ./Core/Src/main.o
                0x0000000020000234                huart2
 .bss.huart3    0x0000000020000278       0x44 ./Core/Src/main.o
                0x0000000020000278                huart3
 .bss.TxBuf     0x00000000200002bc       0x15 ./Core/Src/main.o
                0x00000000200002bc                TxBuf
 *fill*         0x00000000200002d1        0x3 
 .bss.GamePad   0x00000000200002d4       0x16 ./Core/Src/main.o
                0x00000000200002d4                GamePad
 *fill*         0x00000000200002ea        0x2 
 .bss.UARTRX3_Buffer
                0x00000000200002ec        0x9 ./Core/Src/main.o
                0x00000000200002ec                UARTRX3_Buffer
 *fill*         0x00000000200002f5        0x3 
 .bss.DataTayGame
                0x00000000200002f8        0x9 ./Core/Src/main.o
                0x00000000200002f8                DataTayGame
 *fill*         0x0000000020000301        0x3 
 .bss.Xleft     0x0000000020000304        0x4 ./Core/Src/main.o
                0x0000000020000304                Xleft
 .bss.Yleft     0x0000000020000308        0x4 ./Core/Src/main.o
                0x0000000020000308                Yleft
 .bss.Xright    0x000000002000030c        0x4 ./Core/Src/main.o
                0x000000002000030c                Xright
 .bss.ds        0x0000000020000310        0xc ./Core/Src/main.o
                0x0000000020000310                ds
 .bss.uart2_ds  0x000000002000031c        0x1 ./Core/Src/main.o
                0x000000002000031c                uart2_ds
 .bss.ds_ind    0x000000002000031d        0x1 ./Core/Src/main.o
                0x000000002000031d                ds_ind
 .bss.ds_cnt    0x000000002000031e        0x1 ./Core/Src/main.o
                0x000000002000031e                ds_cnt
 .bss.ds_flg    0x000000002000031f        0x1 ./Core/Src/main.o
                0x000000002000031f                ds_flg
 .bss.GocRobot  0x0000000020000320        0x4 ./Core/Src/main.o
                0x0000000020000320                GocRobot
 .bss.wheel_Vel_X1
                0x0000000020000324        0x4 ./Core/Src/main.o
                0x0000000020000324                wheel_Vel_X1
 .bss.wheel_Vel_Y1
                0x0000000020000328        0x4 ./Core/Src/main.o
                0x0000000020000328                wheel_Vel_Y1
 .bss.wheel_AngleVel1
                0x000000002000032c        0x4 ./Core/Src/main.o
                0x000000002000032c                wheel_AngleVel1
 .bss.wheel_Vel_X2
                0x0000000020000330        0x4 ./Core/Src/main.o
                0x0000000020000330                wheel_Vel_X2
 .bss.wheel_Vel_Y2
                0x0000000020000334        0x4 ./Core/Src/main.o
                0x0000000020000334                wheel_Vel_Y2
 .bss.wheel_AngleVel2
                0x0000000020000338        0x4 ./Core/Src/main.o
                0x0000000020000338                wheel_AngleVel2
 .bss.preQuad1  0x000000002000033c        0x4 ./Core/Src/main.o
                0x000000002000033c                preQuad1
 .bss.currQuad1
                0x0000000020000340        0x4 ./Core/Src/main.o
                0x0000000020000340                currQuad1
 .bss.preQuad2  0x0000000020000344        0x4 ./Core/Src/main.o
                0x0000000020000344                preQuad2
 .bss.currQuad2
                0x0000000020000348        0x4 ./Core/Src/main.o
                0x0000000020000348                currQuad2
 .bss.OdoFlag2  0x000000002000034c        0x4 ./Core/Src/main.o
                0x000000002000034c                OdoFlag2
 .bss.OdorCnt   0x0000000020000350        0x4 ./Core/Src/main.o
                0x0000000020000350                OdorCnt
 *fill*         0x0000000020000354        0x4 
 .bss.Swerve1   0x0000000020000358       0x48 ./Core/Src/main.o
                0x0000000020000358                Swerve1
 .bss.Swerve2   0x00000000200003a0       0x48 ./Core/Src/main.o
                0x00000000200003a0                Swerve2
 .bss.PIDAngle  0x00000000200003e8       0x98 ./Core/Src/main.o
                0x00000000200003e8                PIDAngle
 .bss.PIDOdoU   0x0000000020000480       0x98 ./Core/Src/main.o
                0x0000000020000480                PIDOdoU
 .bss.PIDOdoV   0x0000000020000518       0x98 ./Core/Src/main.o
                0x0000000020000518                PIDOdoV
 .bss.TargetAngle
                0x00000000200005b0        0x8 ./Core/Src/main.o
                0x00000000200005b0                TargetAngle
 .bss.CurrPosition
                0x00000000200005b8       0x10 ./Core/Src/main.o
                0x00000000200005b8                CurrPosition
 .bss.LFIndex   0x00000000200005c8        0x2 ./Core/Src/main.o
                0x00000000200005c8                LFIndex
 .bss.IntersectionFound
                0x00000000200005ca        0x1 ./Core/Src/main.o
                0x00000000200005ca                IntersectionFound
 .bss.STIndex   0x00000000200005cb        0x1 ./Core/Src/main.o
                0x00000000200005cb                STIndex
 *fill*         0x00000000200005cc        0x4 
 .bss.X1        0x00000000200005d0        0x8 ./Core/Src/main.o
                0x00000000200005d0                X1
 .bss.X2        0x00000000200005d8        0x8 ./Core/Src/main.o
                0x00000000200005d8                X2
 .bss.Y1        0x00000000200005e0        0x8 ./Core/Src/main.o
                0x00000000200005e0                Y1
 .bss.Y2        0x00000000200005e8        0x8 ./Core/Src/main.o
                0x00000000200005e8                Y2
 .bss.Solx1     0x00000000200005f0        0x8 ./Core/Src/main.o
                0x00000000200005f0                Solx1
 .bss.Solx2     0x00000000200005f8        0x8 ./Core/Src/main.o
                0x00000000200005f8                Solx2
 .bss.Soly1     0x0000000020000600        0x8 ./Core/Src/main.o
                0x0000000020000600                Soly1
 .bss.Soly2     0x0000000020000608        0x8 ./Core/Src/main.o
                0x0000000020000608                Soly2
 .bss.dx        0x0000000020000610        0x8 ./Core/Src/main.o
                0x0000000020000610                dx
 .bss.dy        0x0000000020000618        0x8 ./Core/Src/main.o
                0x0000000020000618                dy
 .bss.dr        0x0000000020000620        0x8 ./Core/Src/main.o
                0x0000000020000620                dr
 .bss.D         0x0000000020000628        0x8 ./Core/Src/main.o
                0x0000000020000628                D
 .bss.discriminant
                0x0000000020000630        0x8 ./Core/Src/main.o
                0x0000000020000630                discriminant
 .bss.Solptn1   0x0000000020000638       0x10 ./Core/Src/main.o
                0x0000000020000638                Solptn1
 .bss.Solptn2   0x0000000020000648       0x10 ./Core/Src/main.o
                0x0000000020000648                Solptn2
 .bss.GoalPtn   0x0000000020000658       0x10 ./Core/Src/main.o
                0x0000000020000658                GoalPtn
 .bss.minX      0x0000000020000668        0x8 ./Core/Src/main.o
                0x0000000020000668                minX
 .bss.minY      0x0000000020000670        0x8 ./Core/Src/main.o
                0x0000000020000670                minY
 .bss.maxX      0x0000000020000678        0x8 ./Core/Src/main.o
                0x0000000020000678                maxX
 .bss.maxY      0x0000000020000680        0x8 ./Core/Src/main.o
                0x0000000020000680                maxY
 .bss.EndOfPath
                0x0000000020000688        0x1 ./Core/Src/main.o
                0x0000000020000688                EndOfPath
 *fill*         0x0000000020000689        0x3 
 .bss.pathlen   0x000000002000068c        0x4 ./Core/Src/main.o
                0x000000002000068c                pathlen
 .bss.lmao      0x0000000020000690        0x4 ./Core/Src/main.o
                0x0000000020000690                lmao
 *fill*         0x0000000020000694        0x4 
 .bss.kI        0x0000000020000698        0x8 ./Core/Src/main.o
                0x0000000020000698                kI
 .bss.Ia        0x00000000200006a0        0x8 ./Core/Src/main.o
                0x00000000200006a0                Ia
 .bss.Ib        0x00000000200006a8        0x8 ./Core/Src/main.o
                0x00000000200006a8                Ib
 .bss.kI1       0x00000000200006b0        0x8 ./Core/Src/main.o
                0x00000000200006b0                kI1
 .bss.kD1       0x00000000200006b8        0x8 ./Core/Src/main.o
                0x00000000200006b8                kD1
 .bss.Ia1       0x00000000200006c0        0x8 ./Core/Src/main.o
                0x00000000200006c0                Ia1
 .bss.Ib1       0x00000000200006c8        0x8 ./Core/Src/main.o
                0x00000000200006c8                Ib1
 .bss.kI2       0x00000000200006d0        0x8 ./Core/Src/main.o
                0x00000000200006d0                kI2
 .bss.kD2       0x00000000200006d8        0x8 ./Core/Src/main.o
                0x00000000200006d8                kD2
 .bss.Ia2       0x00000000200006e0        0x8 ./Core/Src/main.o
                0x00000000200006e0                Ia2
 .bss.Ib2       0x00000000200006e8        0x8 ./Core/Src/main.o
                0x00000000200006e8                Ib2
 .bss.esTablished
                0x00000000200006f0        0x1 ./Core/Src/main.o
                0x00000000200006f0                esTablished
 .bss.establishCheck
                0x00000000200006f1        0x1 ./Core/Src/main.o
                0x00000000200006f1                establishCheck
 *fill*         0x00000000200006f2        0x2 
 .bss.htim1     0x00000000200006f4       0x48 ./Core/Src/stm32f4xx_hal_timebase_tim.o
                0x00000000200006f4                htim1
 .bss.uwTick    0x000000002000073c        0x4 ./Drivers/STM32F4xx_HAL_Driver/Src/stm32f4xx_hal.o
                0x000000002000073c                uwTick
 *(COMMON)
                0x0000000020000740                . = ALIGN (0x4)
                0x0000000020000740                _ebss = .
                0x0000000020000740                __bss_end__ = _ebss

._user_heap_stack
                0x0000000020000740      0x600
                0x0000000020000740                . = ALIGN (0x8)
                [!provide]                        PROVIDE (end = .)
                0x0000000020000740                PROVIDE (_end = .)
                0x0000000020000940                . = (. + _Min_Heap_Size)
 *fill*         0x0000000020000740      0x200 
                0x0000000020000d40                . = (. + _Min_Stack_Size)
 *fill*         0x0000000020000940      0x400 
                0x0000000020000d40                . = ALIGN (0x8)

/DISCARD/
 libc.a(*)
 libm.a(*)
 libgcc.a(*)

.ARM.attributes
                0x0000000000000000       0x30
 *(.ARM.attributes)
 .ARM.attributes
                0x0000000000000000       0x1e c:/st/stm32cubeide_1.11.0/stm32cubeide/plugins/com.st.stm32cube.ide.mcu.externaltools.gnu-tools-for-stm32.10.3-2021.10.win32_1.0.100.202210260954/tools/bin/../lib/gcc/arm-none-eabi/10.3.1/thumb/v7e-m+fp/hard/crti.o
 .ARM.attributes
                0x000000000000001e       0x34 c:/st/stm32cubeide_1.11.0/stm32cubeide/plugins/com.st.stm32cube.ide.mcu.externaltools.gnu-tools-for-stm32.10.3-2021.10.win32_1.0.100.202210260954/tools/bin/../lib/gcc/arm-none-eabi/10.3.1/thumb/v7e-m+fp/hard/crtbegin.o
 .ARM.attributes
                0x0000000000000052       0x34 ./Core/Src/PID.o
 .ARM.attributes
                0x0000000000000086       0x34 ./Core/Src/main.o
 .ARM.attributes
                0x00000000000000ba       0x34 ./Core/Src/stm32f4xx_hal_msp.o
 .ARM.attributes
                0x00000000000000ee       0x34 ./Core/Src/stm32f4xx_hal_timebase_tim.o
 .ARM.attributes
                0x0000000000000122       0x34 ./Core/Src/stm32f4xx_it.o
 .ARM.attributes
                0x0000000000000156       0x34 ./Core/Src/system_stm32f4xx.o
 .ARM.attributes
                0x000000000000018a       0x21 ./Core/Startup/startup_stm32f407vetx.o
 .ARM.attributes
                0x00000000000001ab       0x34 ./Drivers/STM32F4xx_HAL_Driver/Src/stm32f4xx_hal.o
 .ARM.attributes
                0x00000000000001df       0x34 ./Drivers/STM32F4xx_HAL_Driver/Src/stm32f4xx_hal_cortex.o
 .ARM.attributes
                0x0000000000000213       0x34 ./Drivers/STM32F4xx_HAL_Driver/Src/stm32f4xx_hal_dma.o
 .ARM.attributes
                0x0000000000000247       0x34 ./Drivers/STM32F4xx_HAL_Driver/Src/stm32f4xx_hal_gpio.o
 .ARM.attributes
                0x000000000000027b       0x34 ./Drivers/STM32F4xx_HAL_Driver/Src/stm32f4xx_hal_rcc.o
 .ARM.attributes
                0x00000000000002af       0x34 ./Drivers/STM32F4xx_HAL_Driver/Src/stm32f4xx_hal_tim.o
 .ARM.attributes
                0x00000000000002e3       0x34 ./Drivers/STM32F4xx_HAL_Driver/Src/stm32f4xx_hal_tim_ex.o
 .ARM.attributes
                0x0000000000000317       0x34 ./Drivers/STM32F4xx_HAL_Driver/Src/stm32f4xx_hal_uart.o
 .ARM.attributes
                0x000000000000034b       0x34 c:/st/stm32cubeide_1.11.0/stm32cubeide/plugins/com.st.stm32cube.ide.mcu.externaltools.gnu-tools-for-stm32.10.3-2021.10.win32_1.0.100.202210260954/tools/bin/../lib/gcc/arm-none-eabi/10.3.1/../../../../arm-none-eabi/lib/thumb/v7e-m+fp/hard\libc_nano.a(lib_a-errno.o)
 .ARM.attributes
                0x000000000000037f       0x34 c:/st/stm32cubeide_1.11.0/stm32cubeide/plugins/com.st.stm32cube.ide.mcu.externaltools.gnu-tools-for-stm32.10.3-2021.10.win32_1.0.100.202210260954/tools/bin/../lib/gcc/arm-none-eabi/10.3.1/../../../../arm-none-eabi/lib/thumb/v7e-m+fp/hard\libc_nano.a(lib_a-impure.o)
 .ARM.attributes
                0x00000000000003b3       0x34 c:/st/stm32cubeide_1.11.0/stm32cubeide/plugins/com.st.stm32cube.ide.mcu.externaltools.gnu-tools-for-stm32.10.3-2021.10.win32_1.0.100.202210260954/tools/bin/../lib/gcc/arm-none-eabi/10.3.1/../../../../arm-none-eabi/lib/thumb/v7e-m+fp/hard\libc_nano.a(lib_a-init.o)
 .ARM.attributes
                0x00000000000003e7       0x34 c:/st/stm32cubeide_1.11.0/stm32cubeide/plugins/com.st.stm32cube.ide.mcu.externaltools.gnu-tools-for-stm32.10.3-2021.10.win32_1.0.100.202210260954/tools/bin/../lib/gcc/arm-none-eabi/10.3.1/../../../../arm-none-eabi/lib/thumb/v7e-m+fp/hard\libc_nano.a(lib_a-memset.o)
 .ARM.attributes
                0x000000000000041b       0x34 c:/st/stm32cubeide_1.11.0/stm32cubeide/plugins/com.st.stm32cube.ide.mcu.externaltools.gnu-tools-for-stm32.10.3-2021.10.win32_1.0.100.202210260954/tools/bin/../lib/gcc/arm-none-eabi/10.3.1/../../../../arm-none-eabi/lib/thumb/v7e-m+fp/hard\libm.a(lib_a-s_atan.o)
 .ARM.attributes
                0x000000000000044f       0x34 c:/st/stm32cubeide_1.11.0/stm32cubeide/plugins/com.st.stm32cube.ide.mcu.externaltools.gnu-tools-for-stm32.10.3-2021.10.win32_1.0.100.202210260954/tools/bin/../lib/gcc/arm-none-eabi/10.3.1/../../../../arm-none-eabi/lib/thumb/v7e-m+fp/hard\libm.a(lib_a-s_cos.o)
 .ARM.attributes
                0x0000000000000483       0x34 c:/st/stm32cubeide_1.11.0/stm32cubeide/plugins/com.st.stm32cube.ide.mcu.externaltools.gnu-tools-for-stm32.10.3-2021.10.win32_1.0.100.202210260954/tools/bin/../lib/gcc/arm-none-eabi/10.3.1/../../../../arm-none-eabi/lib/thumb/v7e-m+fp/hard\libm.a(lib_a-s_fabs.o)
 .ARM.attributes
                0x00000000000004b7       0x34 c:/st/stm32cubeide_1.11.0/stm32cubeide/plugins/com.st.stm32cube.ide.mcu.externaltools.gnu-tools-for-stm32.10.3-2021.10.win32_1.0.100.202210260954/tools/bin/../lib/gcc/arm-none-eabi/10.3.1/../../../../arm-none-eabi/lib/thumb/v7e-m+fp/hard\libm.a(lib_a-s_sin.o)
 .ARM.attributes
                0x00000000000004eb       0x34 c:/st/stm32cubeide_1.11.0/stm32cubeide/plugins/com.st.stm32cube.ide.mcu.externaltools.gnu-tools-for-stm32.10.3-2021.10.win32_1.0.100.202210260954/tools/bin/../lib/gcc/arm-none-eabi/10.3.1/../../../../arm-none-eabi/lib/thumb/v7e-m+fp/hard\libm.a(lib_a-w_atan2.o)
 .ARM.attributes
                0x000000000000051f       0x34 c:/st/stm32cubeide_1.11.0/stm32cubeide/plugins/com.st.stm32cube.ide.mcu.externaltools.gnu-tools-for-stm32.10.3-2021.10.win32_1.0.100.202210260954/tools/bin/../lib/gcc/arm-none-eabi/10.3.1/../../../../arm-none-eabi/lib/thumb/v7e-m+fp/hard\libm.a(lib_a-w_pow.o)
 .ARM.attributes
                0x0000000000000553       0x34 c:/st/stm32cubeide_1.11.0/stm32cubeide/plugins/com.st.stm32cube.ide.mcu.externaltools.gnu-tools-for-stm32.10.3-2021.10.win32_1.0.100.202210260954/tools/bin/../lib/gcc/arm-none-eabi/10.3.1/../../../../arm-none-eabi/lib/thumb/v7e-m+fp/hard\libm.a(lib_a-w_sqrt.o)
 .ARM.attributes
                0x0000000000000587       0x34 c:/st/stm32cubeide_1.11.0/stm32cubeide/plugins/com.st.stm32cube.ide.mcu.externaltools.gnu-tools-for-stm32.10.3-2021.10.win32_1.0.100.202210260954/tools/bin/../lib/gcc/arm-none-eabi/10.3.1/../../../../arm-none-eabi/lib/thumb/v7e-m+fp/hard\libm.a(lib_a-e_atan2.o)
 .ARM.attributes
                0x00000000000005bb       0x34 c:/st/stm32cubeide_1.11.0/stm32cubeide/plugins/com.st.stm32cube.ide.mcu.externaltools.gnu-tools-for-stm32.10.3-2021.10.win32_1.0.100.202210260954/tools/bin/../lib/gcc/arm-none-eabi/10.3.1/../../../../arm-none-eabi/lib/thumb/v7e-m+fp/hard\libm.a(lib_a-e_pow.o)
 .ARM.attributes
                0x00000000000005ef       0x34 c:/st/stm32cubeide_1.11.0/stm32cubeide/plugins/com.st.stm32cube.ide.mcu.externaltools.gnu-tools-for-stm32.10.3-2021.10.win32_1.0.100.202210260954/tools/bin/../lib/gcc/arm-none-eabi/10.3.1/../../../../arm-none-eabi/lib/thumb/v7e-m+fp/hard\libm.a(lib_a-e_rem_pio2.o)
 .ARM.attributes
                0x0000000000000623       0x34 c:/st/stm32cubeide_1.11.0/stm32cubeide/plugins/com.st.stm32cube.ide.mcu.externaltools.gnu-tools-for-stm32.10.3-2021.10.win32_1.0.100.202210260954/tools/bin/../lib/gcc/arm-none-eabi/10.3.1/../../../../arm-none-eabi/lib/thumb/v7e-m+fp/hard\libm.a(lib_a-e_sqrt.o)
 .ARM.attributes
                0x0000000000000657       0x34 c:/st/stm32cubeide_1.11.0/stm32cubeide/plugins/com.st.stm32cube.ide.mcu.externaltools.gnu-tools-for-stm32.10.3-2021.10.win32_1.0.100.202210260954/tools/bin/../lib/gcc/arm-none-eabi/10.3.1/../../../../arm-none-eabi/lib/thumb/v7e-m+fp/hard\libm.a(lib_a-k_cos.o)
 .ARM.attributes
                0x000000000000068b       0x34 c:/st/stm32cubeide_1.11.0/stm32cubeide/plugins/com.st.stm32cube.ide.mcu.externaltools.gnu-tools-for-stm32.10.3-2021.10.win32_1.0.100.202210260954/tools/bin/../lib/gcc/arm-none-eabi/10.3.1/../../../../arm-none-eabi/lib/thumb/v7e-m+fp/hard\libm.a(lib_a-k_rem_pio2.o)
 .ARM.attributes
                0x00000000000006bf       0x34 c:/st/stm32cubeide_1.11.0/stm32cubeide/plugins/com.st.stm32cube.ide.mcu.externaltools.gnu-tools-for-stm32.10.3-2021.10.win32_1.0.100.202210260954/tools/bin/../lib/gcc/arm-none-eabi/10.3.1/../../../../arm-none-eabi/lib/thumb/v7e-m+fp/hard\libm.a(lib_a-k_sin.o)
 .ARM.attributes
                0x00000000000006f3       0x34 c:/st/stm32cubeide_1.11.0/stm32cubeide/plugins/com.st.stm32cube.ide.mcu.externaltools.gnu-tools-for-stm32.10.3-2021.10.win32_1.0.100.202210260954/tools/bin/../lib/gcc/arm-none-eabi/10.3.1/../../../../arm-none-eabi/lib/thumb/v7e-m+fp/hard\libm.a(lib_a-math_err.o)
 .ARM.attributes
                0x0000000000000727       0x34 c:/st/stm32cubeide_1.11.0/stm32cubeide/plugins/com.st.stm32cube.ide.mcu.externaltools.gnu-tools-for-stm32.10.3-2021.10.win32_1.0.100.202210260954/tools/bin/../lib/gcc/arm-none-eabi/10.3.1/../../../../arm-none-eabi/lib/thumb/v7e-m+fp/hard\libm.a(lib_a-s_finite.o)
 .ARM.attributes
                0x000000000000075b       0x34 c:/st/stm32cubeide_1.11.0/stm32cubeide/plugins/com.st.stm32cube.ide.mcu.externaltools.gnu-tools-for-stm32.10.3-2021.10.win32_1.0.100.202210260954/tools/bin/../lib/gcc/arm-none-eabi/10.3.1/../../../../arm-none-eabi/lib/thumb/v7e-m+fp/hard\libm.a(lib_a-s_floor.o)
 .ARM.attributes
                0x000000000000078f       0x34 c:/st/stm32cubeide_1.11.0/stm32cubeide/plugins/com.st.stm32cube.ide.mcu.externaltools.gnu-tools-for-stm32.10.3-2021.10.win32_1.0.100.202210260954/tools/bin/../lib/gcc/arm-none-eabi/10.3.1/../../../../arm-none-eabi/lib/thumb/v7e-m+fp/hard\libm.a(lib_a-s_scalbn.o)
 .ARM.attributes
                0x00000000000007c3       0x1e c:/st/stm32cubeide_1.11.0/stm32cubeide/plugins/com.st.stm32cube.ide.mcu.externaltools.gnu-tools-for-stm32.10.3-2021.10.win32_1.0.100.202210260954/tools/bin/../lib/gcc/arm-none-eabi/10.3.1/thumb/v7e-m+fp/hard\libgcc.a(_arm_addsubdf3.o)
 .ARM.attributes
                0x00000000000007e1       0x1e c:/st/stm32cubeide_1.11.0/stm32cubeide/plugins/com.st.stm32cube.ide.mcu.externaltools.gnu-tools-for-stm32.10.3-2021.10.win32_1.0.100.202210260954/tools/bin/../lib/gcc/arm-none-eabi/10.3.1/thumb/v7e-m+fp/hard\libgcc.a(_arm_muldivdf3.o)
 .ARM.attributes
                0x00000000000007ff       0x1e c:/st/stm32cubeide_1.11.0/stm32cubeide/plugins/com.st.stm32cube.ide.mcu.externaltools.gnu-tools-for-stm32.10.3-2021.10.win32_1.0.100.202210260954/tools/bin/../lib/gcc/arm-none-eabi/10.3.1/thumb/v7e-m+fp/hard\libgcc.a(_arm_cmpdf2.o)
 .ARM.attributes
                0x000000000000081d       0x1e c:/st/stm32cubeide_1.11.0/stm32cubeide/plugins/com.st.stm32cube.ide.mcu.externaltools.gnu-tools-for-stm32.10.3-2021.10.win32_1.0.100.202210260954/tools/bin/../lib/gcc/arm-none-eabi/10.3.1/thumb/v7e-m+fp/hard\libgcc.a(_arm_unorddf2.o)
 .ARM.attributes
                0x000000000000083b       0x1e c:/st/stm32cubeide_1.11.0/stm32cubeide/plugins/com.st.stm32cube.ide.mcu.externaltools.gnu-tools-for-stm32.10.3-2021.10.win32_1.0.100.202210260954/tools/bin/../lib/gcc/arm-none-eabi/10.3.1/thumb/v7e-m+fp/hard\libgcc.a(_arm_fixdfsi.o)
 .ARM.attributes
                0x0000000000000859       0x1e c:/st/stm32cubeide_1.11.0/stm32cubeide/plugins/com.st.stm32cube.ide.mcu.externaltools.gnu-tools-for-stm32.10.3-2021.10.win32_1.0.100.202210260954/tools/bin/../lib/gcc/arm-none-eabi/10.3.1/thumb/v7e-m+fp/hard\libgcc.a(_arm_fixunsdfsi.o)
 .ARM.attributes
                0x0000000000000877       0x1e c:/st/stm32cubeide_1.11.0/stm32cubeide/plugins/com.st.stm32cube.ide.mcu.externaltools.gnu-tools-for-stm32.10.3-2021.10.win32_1.0.100.202210260954/tools/bin/../lib/gcc/arm-none-eabi/10.3.1/thumb/v7e-m+fp/hard\libgcc.a(_arm_truncdfsf2.o)
 .ARM.attributes
                0x0000000000000895       0x1e c:/st/stm32cubeide_1.11.0/stm32cubeide/plugins/com.st.stm32cube.ide.mcu.externaltools.gnu-tools-for-stm32.10.3-2021.10.win32_1.0.100.202210260954/tools/bin/../lib/gcc/arm-none-eabi/10.3.1/thumb/v7e-m+fp/hard\libgcc.a(_aeabi_uldivmod.o)
 .ARM.attributes
                0x00000000000008b3       0x34 c:/st/stm32cubeide_1.11.0/stm32cubeide/plugins/com.st.stm32cube.ide.mcu.externaltools.gnu-tools-for-stm32.10.3-2021.10.win32_1.0.100.202210260954/tools/bin/../lib/gcc/arm-none-eabi/10.3.1/thumb/v7e-m+fp/hard\libgcc.a(_udivmoddi4.o)
 .ARM.attributes
                0x00000000000008e7       0x1e c:/st/stm32cubeide_1.11.0/stm32cubeide/plugins/com.st.stm32cube.ide.mcu.externaltools.gnu-tools-for-stm32.10.3-2021.10.win32_1.0.100.202210260954/tools/bin/../lib/gcc/arm-none-eabi/10.3.1/thumb/v7e-m+fp/hard\libgcc.a(_dvmd_tls.o)
 .ARM.attributes
                0x0000000000000905       0x1e c:/st/stm32cubeide_1.11.0/stm32cubeide/plugins/com.st.stm32cube.ide.mcu.externaltools.gnu-tools-for-stm32.10.3-2021.10.win32_1.0.100.202210260954/tools/bin/../lib/gcc/arm-none-eabi/10.3.1/thumb/v7e-m+fp/hard/crtn.o
OUTPUT(MainSwerveTurbo.elf elf32-littlearm)
LOAD linker stubs
LOAD c:/st/stm32cubeide_1.11.0/stm32cubeide/plugins/com.st.stm32cube.ide.mcu.externaltools.gnu-tools-for-stm32.10.3-2021.10.win32_1.0.100.202210260954/tools/bin/../lib/gcc/arm-none-eabi/10.3.1/../../../../arm-none-eabi/lib/thumb/v7e-m+fp/hard\libc.a
LOAD c:/st/stm32cubeide_1.11.0/stm32cubeide/plugins/com.st.stm32cube.ide.mcu.externaltools.gnu-tools-for-stm32.10.3-2021.10.win32_1.0.100.202210260954/tools/bin/../lib/gcc/arm-none-eabi/10.3.1/../../../../arm-none-eabi/lib/thumb/v7e-m+fp/hard\libm.a
LOAD c:/st/stm32cubeide_1.11.0/stm32cubeide/plugins/com.st.stm32cube.ide.mcu.externaltools.gnu-tools-for-stm32.10.3-2021.10.win32_1.0.100.202210260954/tools/bin/../lib/gcc/arm-none-eabi/10.3.1/thumb/v7e-m+fp/hard\libgcc.a

.debug_info     0x0000000000000000     0xfbfc
 .debug_info    0x0000000000000000      0x3ab ./Core/Src/PID.o
 .debug_info    0x00000000000003ab     0x274a ./Core/Src/main.o
 .debug_info    0x0000000000002af5     0x103d ./Core/Src/stm32f4xx_hal_msp.o
 .debug_info    0x0000000000003b32      0xc3c ./Core/Src/stm32f4xx_hal_timebase_tim.o
 .debug_info    0x000000000000476e      0xa39 ./Core/Src/stm32f4xx_it.o
 .debug_info    0x00000000000051a7      0x523 ./Core/Src/system_stm32f4xx.o
 .debug_info    0x00000000000056ca       0x22 ./Core/Startup/startup_stm32f407vetx.o
 .debug_info    0x00000000000056ec      0x97c ./Drivers/STM32F4xx_HAL_Driver/Src/stm32f4xx_hal.o
 .debug_info    0x0000000000006068      0xe1b ./Drivers/STM32F4xx_HAL_Driver/Src/stm32f4xx_hal_cortex.o
 .debug_info    0x0000000000006e83      0x94f ./Drivers/STM32F4xx_HAL_Driver/Src/stm32f4xx_hal_dma.o
 .debug_info    0x00000000000077d2      0x76a ./Drivers/STM32F4xx_HAL_Driver/Src/stm32f4xx_hal_gpio.o
 .debug_info    0x0000000000007f3c      0x966 ./Drivers/STM32F4xx_HAL_Driver/Src/stm32f4xx_hal_rcc.o
 .debug_info    0x00000000000088a2     0x2bbe ./Drivers/STM32F4xx_HAL_Driver/Src/stm32f4xx_hal_tim.o
 .debug_info    0x000000000000b460     0x15e0 ./Drivers/STM32F4xx_HAL_Driver/Src/stm32f4xx_hal_tim_ex.o
 .debug_info    0x000000000000ca40     0x31bc ./Drivers/STM32F4xx_HAL_Driver/Src/stm32f4xx_hal_uart.o

.debug_abbrev   0x0000000000000000     0x1f97
 .debug_abbrev  0x0000000000000000      0x10a ./Core/Src/PID.o
 .debug_abbrev  0x000000000000010a      0x44e ./Core/Src/main.o
 .debug_abbrev  0x0000000000000558      0x1e8 ./Core/Src/stm32f4xx_hal_msp.o
 .debug_abbrev  0x0000000000000740      0x1e6 ./Core/Src/stm32f4xx_hal_timebase_tim.o
 .debug_abbrev  0x0000000000000926      0x1a7 ./Core/Src/stm32f4xx_it.o
 .debug_abbrev  0x0000000000000acd      0x116 ./Core/Src/system_stm32f4xx.o
 .debug_abbrev  0x0000000000000be3       0x12 ./Core/Startup/startup_stm32f407vetx.o
 .debug_abbrev  0x0000000000000bf5      0x20d ./Drivers/STM32F4xx_HAL_Driver/Src/stm32f4xx_hal.o
 .debug_abbrev  0x0000000000000e02      0x316 ./Drivers/STM32F4xx_HAL_Driver/Src/stm32f4xx_hal_cortex.o
 .debug_abbrev  0x0000000000001118      0x25b ./Drivers/STM32F4xx_HAL_Driver/Src/stm32f4xx_hal_dma.o
 .debug_abbrev  0x0000000000001373      0x1c4 ./Drivers/STM32F4xx_HAL_Driver/Src/stm32f4xx_hal_gpio.o
 .debug_abbrev  0x0000000000001537      0x2aa ./Drivers/STM32F4xx_HAL_Driver/Src/stm32f4xx_hal_rcc.o
 .debug_abbrev  0x00000000000017e1      0x25d ./Drivers/STM32F4xx_HAL_Driver/Src/stm32f4xx_hal_tim.o
 .debug_abbrev  0x0000000000001a3e      0x265 ./Drivers/STM32F4xx_HAL_Driver/Src/stm32f4xx_hal_tim_ex.o
 .debug_abbrev  0x0000000000001ca3      0x2f4 ./Drivers/STM32F4xx_HAL_Driver/Src/stm32f4xx_hal_uart.o

.debug_aranges  0x0000000000000000      0xd58
 .debug_aranges
                0x0000000000000000       0x48 ./Core/Src/PID.o
 .debug_aranges
                0x0000000000000048      0x118 ./Core/Src/main.o
 .debug_aranges
                0x0000000000000160       0x40 ./Core/Src/stm32f4xx_hal_msp.o
 .debug_aranges
                0x00000000000001a0       0x30 ./Core/Src/stm32f4xx_hal_timebase_tim.o
 .debug_aranges
                0x00000000000001d0       0x88 ./Core/Src/stm32f4xx_it.o
 .debug_aranges
                0x0000000000000258       0x28 ./Core/Src/system_stm32f4xx.o
 .debug_aranges
                0x0000000000000280       0x28 ./Core/Startup/startup_stm32f407vetx.o
 .debug_aranges
                0x00000000000002a8       0xf0 ./Drivers/STM32F4xx_HAL_Driver/Src/stm32f4xx_hal.o
 .debug_aranges
                0x0000000000000398      0x118 ./Drivers/STM32F4xx_HAL_Driver/Src/stm32f4xx_hal_cortex.o
 .debug_aranges
                0x00000000000004b0       0x90 ./Drivers/STM32F4xx_HAL_Driver/Src/stm32f4xx_hal_dma.o
 .debug_aranges
                0x0000000000000540       0x58 ./Drivers/STM32F4xx_HAL_Driver/Src/stm32f4xx_hal_gpio.o
 .debug_aranges
                0x0000000000000598       0x88 ./Drivers/STM32F4xx_HAL_Driver/Src/stm32f4xx_hal_rcc.o
 .debug_aranges
                0x0000000000000620      0x3d0 ./Drivers/STM32F4xx_HAL_Driver/Src/stm32f4xx_hal_tim.o
 .debug_aranges
                0x00000000000009f0      0x168 ./Drivers/STM32F4xx_HAL_Driver/Src/stm32f4xx_hal_tim_ex.o
 .debug_aranges
                0x0000000000000b58      0x200 ./Drivers/STM32F4xx_HAL_Driver/Src/stm32f4xx_hal_uart.o

.debug_ranges   0x0000000000000000      0xca0
 .debug_ranges  0x0000000000000000       0x38 ./Core/Src/PID.o
 .debug_ranges  0x0000000000000038      0x108 ./Core/Src/main.o
 .debug_ranges  0x0000000000000140       0x30 ./Core/Src/stm32f4xx_hal_msp.o
 .debug_ranges  0x0000000000000170       0x20 ./Core/Src/stm32f4xx_hal_timebase_tim.o
 .debug_ranges  0x0000000000000190       0x78 ./Core/Src/stm32f4xx_it.o
 .debug_ranges  0x0000000000000208       0x18 ./Core/Src/system_stm32f4xx.o
 .debug_ranges  0x0000000000000220       0x20 ./Core/Startup/startup_stm32f407vetx.o
 .debug_ranges  0x0000000000000240       0xe0 ./Drivers/STM32F4xx_HAL_Driver/Src/stm32f4xx_hal.o
 .debug_ranges  0x0000000000000320      0x108 ./Drivers/STM32F4xx_HAL_Driver/Src/stm32f4xx_hal_cortex.o
 .debug_ranges  0x0000000000000428       0x80 ./Drivers/STM32F4xx_HAL_Driver/Src/stm32f4xx_hal_dma.o
 .debug_ranges  0x00000000000004a8       0x48 ./Drivers/STM32F4xx_HAL_Driver/Src/stm32f4xx_hal_gpio.o
 .debug_ranges  0x00000000000004f0       0x78 ./Drivers/STM32F4xx_HAL_Driver/Src/stm32f4xx_hal_rcc.o
 .debug_ranges  0x0000000000000568      0x3c0 ./Drivers/STM32F4xx_HAL_Driver/Src/stm32f4xx_hal_tim.o
 .debug_ranges  0x0000000000000928      0x158 ./Drivers/STM32F4xx_HAL_Driver/Src/stm32f4xx_hal_tim_ex.o
 .debug_ranges  0x0000000000000a80      0x220 ./Drivers/STM32F4xx_HAL_Driver/Src/stm32f4xx_hal_uart.o

.debug_macro    0x0000000000000000    0x20fe1
 .debug_macro   0x0000000000000000      0x2b9 ./Core/Src/PID.o
 .debug_macro   0x00000000000002b9      0xa78 ./Core/Src/PID.o
 .debug_macro   0x0000000000000d31      0x29b ./Core/Src/PID.o
 .debug_macro   0x0000000000000fcc       0x2e ./Core/Src/PID.o
 .debug_macro   0x0000000000000ffa       0x2f ./Core/Src/PID.o
 .debug_macro   0x0000000000001029       0x22 ./Core/Src/PID.o
 .debug_macro   0x000000000000104b       0x8e ./Core/Src/PID.o
 .debug_macro   0x00000000000010d9       0x51 ./Core/Src/PID.o
 .debug_macro   0x000000000000112a      0x103 ./Core/Src/PID.o
 .debug_macro   0x000000000000122d       0x6a ./Core/Src/PID.o
 .debug_macro   0x0000000000001297      0x1df ./Core/Src/PID.o
 .debug_macro   0x0000000000001476       0x1c ./Core/Src/PID.o
 .debug_macro   0x0000000000001492       0x22 ./Core/Src/PID.o
 .debug_macro   0x00000000000014b4       0xd9 ./Core/Src/PID.o
 .debug_macro   0x000000000000158d     0x102d ./Core/Src/PID.o
 .debug_macro   0x00000000000025ba      0x11f ./Core/Src/PID.o
 .debug_macro   0x00000000000026d9    0x15e82 ./Core/Src/PID.o
 .debug_macro   0x000000000001855b       0x6d ./Core/Src/PID.o
 .debug_macro   0x00000000000185c8     0x367e ./Core/Src/PID.o
 .debug_macro   0x000000000001bc46      0x174 ./Core/Src/PID.o
 .debug_macro   0x000000000001bdba       0x5c ./Core/Src/PID.o
 .debug_macro   0x000000000001be16      0x96b ./Core/Src/PID.o
 .debug_macro   0x000000000001c781      0x9fe ./Core/Src/PID.o
 .debug_macro   0x000000000001d17f      0x115 ./Core/Src/PID.o
 .debug_macro   0x000000000001d294      0x13e ./Core/Src/PID.o
 .debug_macro   0x000000000001d3d2       0xa5 ./Core/Src/PID.o
 .debug_macro   0x000000000001d477      0x174 ./Core/Src/PID.o
 .debug_macro   0x000000000001d5eb      0x287 ./Core/Src/PID.o
 .debug_macro   0x000000000001d872       0x5f ./Core/Src/PID.o
 .debug_macro   0x000000000001d8d1      0x236 ./Core/Src/PID.o
 .debug_macro   0x000000000001db07      0x12c ./Core/Src/PID.o
 .debug_macro   0x000000000001dc33      0x21e ./Core/Src/PID.o
 .debug_macro   0x000000000001de51       0x2e ./Core/Src/PID.o
 .debug_macro   0x000000000001de7f      0x11a ./Core/Src/PID.o
 .debug_macro   0x000000000001df99       0x7e ./Core/Src/PID.o
 .debug_macro   0x000000000001e017       0x89 ./Core/Src/PID.o
 .debug_macro   0x000000000001e0a0      0x8e6 ./Core/Src/PID.o
 .debug_macro   0x000000000001e986       0x47 ./Core/Src/PID.o
 .debug_macro   0x000000000001e9cd      0x295 ./Core/Src/PID.o
 .debug_macro   0x000000000001ec62      0x12d ./Core/Src/PID.o
 .debug_macro   0x000000000001ed8f       0x22 ./Core/Src/PID.o
 .debug_macro   0x000000000001edb1       0x1e ./Core/Src/PID.o
 .debug_macro   0x000000000001edcf       0x52 ./Core/Src/PID.o
 .debug_macro   0x000000000001ee21       0x3c ./Core/Src/PID.o
 .debug_macro   0x000000000001ee5d       0x34 ./Core/Src/PID.o
 .debug_macro   0x000000000001ee91       0x16 ./Core/Src/PID.o
 .debug_macro   0x000000000001eea7       0x35 ./Core/Src/PID.o
 .debug_macro   0x000000000001eedc       0x16 ./Core/Src/PID.o
 .debug_macro   0x000000000001eef2       0x43 ./Core/Src/PID.o
 .debug_macro   0x000000000001ef35       0x34 ./Core/Src/PID.o
 .debug_macro   0x000000000001ef69       0x10 ./Core/Src/PID.o
 .debug_macro   0x000000000001ef79       0x58 ./Core/Src/PID.o
 .debug_macro   0x000000000001efd1       0x71 ./Core/Src/PID.o
 .debug_macro   0x000000000001f042       0x1c ./Core/Src/PID.o
 .debug_macro   0x000000000001f05e      0x12a ./Core/Src/PID.o
 .debug_macro   0x000000000001f188      0x341 ./Core/Src/PID.o
 .debug_macro   0x000000000001f4c9       0x16 ./Core/Src/PID.o
 .debug_macro   0x000000000001f4df       0x29 ./Core/Src/PID.o
 .debug_macro   0x000000000001f508      0x2dc ./Core/Src/main.o
 .debug_macro   0x000000000001f7e4      0x19b ./Core/Src/main.o
 .debug_macro   0x000000000001f97f      0x1dd ./Core/Src/stm32f4xx_hal_msp.o
 .debug_macro   0x000000000001fb5c      0x1ce ./Core/Src/stm32f4xx_hal_timebase_tim.o
 .debug_macro   0x000000000001fd2a      0x1e7 ./Core/Src/stm32f4xx_it.o
 .debug_macro   0x000000000001ff11      0x1ce ./Core/Src/system_stm32f4xx.o
 .debug_macro   0x00000000000200df      0x22e ./Drivers/STM32F4xx_HAL_Driver/Src/stm32f4xx_hal.o
 .debug_macro   0x000000000002030d      0x1ce ./Drivers/STM32F4xx_HAL_Driver/Src/stm32f4xx_hal_cortex.o
 .debug_macro   0x00000000000204db      0x1d4 ./Drivers/STM32F4xx_HAL_Driver/Src/stm32f4xx_hal_dma.o
 .debug_macro   0x00000000000206af      0x1d4 ./Drivers/STM32F4xx_HAL_Driver/Src/stm32f4xx_hal_gpio.o
 .debug_macro   0x0000000000020883      0x1f2 ./Drivers/STM32F4xx_HAL_Driver/Src/stm32f4xx_hal_rcc.o
 .debug_macro   0x0000000000020a75      0x1cf ./Drivers/STM32F4xx_HAL_Driver/Src/stm32f4xx_hal_tim.o
 .debug_macro   0x0000000000020c44      0x1ce ./Drivers/STM32F4xx_HAL_Driver/Src/stm32f4xx_hal_tim_ex.o
 .debug_macro   0x0000000000020e12      0x1cf ./Drivers/STM32F4xx_HAL_Driver/Src/stm32f4xx_hal_uart.o

.debug_line     0x0000000000000000     0xfa0c
 .debug_line    0x0000000000000000      0xa4a ./Core/Src/PID.o
 .debug_line    0x0000000000000a4a     0x18ef ./Core/Src/main.o
 .debug_line    0x0000000000002339      0x7ea ./Core/Src/stm32f4xx_hal_msp.o
 .debug_line    0x0000000000002b23      0x732 ./Core/Src/stm32f4xx_hal_timebase_tim.o
 .debug_line    0x0000000000003255      0x7f9 ./Core/Src/stm32f4xx_it.o
 .debug_line    0x0000000000003a4e      0x745 ./Core/Src/system_stm32f4xx.o