../AlgorimthControl/Src/Odometry.c:13:6:slave_SpeedRead	16	static
../AlgorimthControl/Src/Odometry.c:18:18:odo_getSpeedBLDC_1	24	static
../AlgorimthControl/Src/Odometry.c:19:6:odo_SetObjSpeedBLDC	24	static
../AlgorimthControl/Src/Odometry.c:21:6:odo_SetObj_SpAg	24	static
../AlgorimthControl/Src/Odometry.c:23:6:odo_OmegaToZeta	32	static
../AlgorimthControl/Src/Odometry.c:30:7:odo_GetUout	4	static
../AlgorimthControl/Src/Odometry.c:31:7:odo_GetVout	4	static
../AlgorimthControl/Src/Odometry.c:32:7:odo_GetRout	4	static
../AlgorimthControl/Src/Odometry.c:34:7:odo_GetPoseX	4	static
../AlgorimthControl/Src/Odometry.c:35:7:odo_GetPoseY	4	static
../AlgorimthControl/Src/Odometry.c:36:7:odo_GetPoseTheta	4	static
../AlgorimthControl/Src/Odometry.c:38:6:odo_EulerCal	32	static
../AlgorimthControl/Src/Odometry.c:46:6:odo_PosCal	24	static
../AlgorimthControl/Src/Odometry.c:60:10:odo_GetPose	40	static
../AlgorimthControl/Src/Odometry.c:63:6:odo_SetPose	24	static
../AlgorimthControl/Src/Odometry.c:67:12:odo_GetZeta	40	static
../AlgorimthControl/Src/Odometry.c:68:6:odo_SetZeta	24	static
../AlgorimthControl/Src/Odometry.c:70:6:odo_SetPoseTheta	16	static
../AlgorimthControl/Src/Odometry.c:73:6:odo_ResetPose	4	static
../AlgorimthControl/Src/Odometry.c:78:6:odo_ResetTheta	4	static
