../AlgorimthControl/Src/OdometerHandle.c:13:6:OdoInit	8	static
../AlgorimthControl/Src/OdometerHandle.c:27:6:Odo_PosCal	48	static
../AlgorimthControl/Src/OdometerHandle.c:51:5:Odo_GetPulseYR	8	static
../AlgorimthControl/Src/OdometerHandle.c:52:5:Odo_GetPulseYL	8	static
../AlgorimthControl/Src/OdometerHandle.c:53:5:Odo_GetPulseX	8	static
../AlgorimthControl/Src/OdometerHandle.c:55:7:Odo_GetPOS_X	4	static
../AlgorimthControl/Src/OdometerHandle.c:56:7:Odo_GetPOS_Y	4	static
../AlgorimthControl/Src/OdometerHandle.c:57:7:Odo_GetPOS_Theta	4	static
../AlgorimthControl/Src/OdometerHandle.c:59:7:Odo_GetPOS_XTest	8	static
../AlgorimthControl/Src/OdometerHandle.c:60:7:Odo_GetPOS_YTest	16	static
../AlgorimthControl/Src/OdometerHandle.c:61:7:Odo_GetPOS_ThetaTest	4	static
