../AlgorimthControl/Src/PIDPosition.c:12:6:PID_Pos_Init	4	static
../AlgorimthControl/Src/PIDPosition.c:45:6:PID_CalPos_SetPID	8	static
../AlgorimthControl/Src/PIDPosition.c:60:6:PID_CalPos_Setfil	24	static
../AlgorimthControl/Src/PIDPosition.c:75:11:PID_CalPos_GetPID	16	static
../AlgorimthControl/Src/PIDPosition.c:91:14:PID_CalPos_Getfil	48	static
../AlgorimthControl/Src/PIDPosition.c:107:7:PID_CalPos_x	152	static
../AlgorimthControl/Src/PIDPosition.c:115:7:PID_CalPos_y	152	static
../AlgorimthControl/Src/PIDPosition.c:123:7:PID_CalPos_theta	152	static
