../AlgorimthControl/Src/ProcessControl.c:20:7:cal_absF	16	static
../AlgorimthControl/Src/ProcessControl.c:28:10:PD_GetObjParam	24	static
../AlgorimthControl/Src/ProcessControl.c:43:6:PD_SetObjParam	24	static
../AlgorimthControl/Src/ProcessControl.c:57:6:process_Init	8	static
../AlgorimthControl/Src/ProcessControl.c:77:6:process_SetFloatingDis	8	static
../AlgorimthControl/Src/ProcessControl.c:82:6:process_ResetFloatingDis	8	static
../AlgorimthControl/Src/ProcessControl.c:86:7:process_GetCtrSignal	16	static
../AlgorimthControl/Src/ProcessControl.c:112:6:process_SetCtrSignal	16	static
../AlgorimthControl/Src/ProcessControl.c:133:6:process_ChangeState	4	static
../AlgorimthControl/Src/ProcessControl.c:135:6:PD_Enable	16	static
../AlgorimthControl/Src/ProcessControl.c:151:6:PD_Disable	16	static
../AlgorimthControl/Src/ProcessControl.c:169:6:process_RicePlantApproach	8	static
../AlgorimthControl/Src/ProcessControl.c:182:6:process_SetSignal	24	static
../AlgorimthControl/Src/ProcessControl.c:189:6:process_TrajecStateCondition_OnPath	16	static
../AlgorimthControl/Src/ProcessControl.c:195:6:process_TrajecStateCondition_EndPath_NoYaw	24	static
../AlgorimthControl/Src/ProcessControl.c:225:6:process_TrajecStateCondition_EndPath	24	static
../AlgorimthControl/Src/ProcessControl.c:283:6:process_SSCheck	8	static
../AlgorimthControl/Src/ProcessControl.c:297:6:process_ReadIMU	8	static
../AlgorimthControl/Src/ProcessControl.c:303:6:process_ResetIMU	8	static
../AlgorimthControl/Src/ProcessControl.c:309:6:process_SetYaw	16	static
../AlgorimthControl/Src/ProcessControl.c:310:7:process_GetYaw	4	static
../AlgorimthControl/Src/ProcessControl.c:312:6:process_GetRicePlant	16	static
../AlgorimthControl/Src/ProcessControl.c:325:6:process_Accel_FloatingEnc	32	static
../AlgorimthControl/Src/ProcessControl.c:378:6:process_RunChassis	16	static
../AlgorimthControl/Src/ProcessControl.c:460:6:process_RunSSAndActuator	24	static
../AlgorimthControl/Src/ProcessControl.c:530:6:process_Run	40	static
../AlgorimthControl/Src/ProcessControl.c:566:6:process_setVal_PutBall	16	static
../AlgorimthControl/Src/ProcessControl.c:571:9:process_ReturnBallValue	4	static
../AlgorimthControl/Src/ProcessControl.c:574:6:process_PD_TestX	16	static
../AlgorimthControl/Src/ProcessControl.c:579:6:process_PD_TestY	16	static
../AlgorimthControl/Src/ProcessControl.c:583:6:process_PD_TestTheta	16	static
../AlgorimthControl/Src/ProcessControl.c:587:6:process_PD_RotationControlSignal	24	static
../AlgorimthControl/Src/ProcessControl.c:592:6:process_RotationMatrix	40	static
../AlgorimthControl/Src/ProcessControl.c:599:7:GetXtraject	16	static
../AlgorimthControl/Src/ProcessControl.c:609:6:process_SetBallDis	16	static
../AlgorimthControl/Src/ProcessControl.c:614:6:process_GetBall	8	static
../AlgorimthControl/Src/ProcessControl.c:704:6:process_GetBall2	8	static
../AlgorimthControl/Src/ProcessControl.c:798:6:process_GetBall3	8	static
../AlgorimthControl/Src/ProcessControl.c:862:6:process_WallApproach	8	static
