../Core/Src/main.c:154:6:HAL_GPIO_EXTI_Callback	24	static,ignoring_inline_asm
../Core/Src/main.c:173:6:VelCal	32	static
../Core/Src/main.c:181:6:PIDGun1	8	static
../Core/Src/main.c:187:6:PIDGun2	8	static
../Core/Src/main.c:193:6:PID_ROTARY_SPEED	24	static
../Core/Src/main.c:200:6:PID_ROTARY_POS	16	static
../Core/Src/main.c:213:5:main	72	static
../Core/Src/main.c:298:6:SystemClock_Config	72	static
../Core/Src/main.c:338:13:MX_TIM1_Init	80	static
../Core/Src/main.c:407:13:MX_TIM2_Init	48	static
../Core/Src/main.c:460:13:MX_TIM3_Init	56	static
../Core/Src/main.c:509:13:MX_GPIO_Init	40	static
../Core/Src/main.c:557:6:StartDefaultTask	16	static
../Core/Src/main.c:585:6:HAL_TIM_PeriodElapsedCallback	16	static
../Core/Src/main.c:602:6:Error_Handler	4	static,ignoring_inline_asm
