../Core/Src/stm32f1xx_it.c:70:6:NMI_Handler	4	static
../Core/Src/stm32f1xx_it.c:85:6:HardFault_Handler	4	static
../Core/Src/stm32f1xx_it.c:100:6:MemManage_Handler	4	static
../Core/Src/stm32f1xx_it.c:115:6:BusFault_Handler	4	static
../Core/Src/stm32f1xx_it.c:130:6:UsageFault_Handler	4	static
../Core/Src/stm32f1xx_it.c:145:6:DebugMon_Handler	4	static
../Core/Src/stm32f1xx_it.c:165:6:EXTI3_IRQHandler	8	static
../Core/Src/stm32f1xx_it.c:179:6:EXTI9_5_IRQHandler	8	static
../Core/Src/stm32f1xx_it.c:194:6:TIM4_IRQHandler	8	static
../Core/Src/stm32f1xx_it.c:208:6:EXTI15_10_IRQHandler	8	static
