../Core/Src/main.c:55:6:HAL_TIM_IC_CaptureCallback	16	static
../Core/Src/main.c:61:6:ControlBLDC	16	static
../Core/Src/main.c:86:5:main	8	static
../Core/Src/main.c:139:6:SystemClock_Config	72	static
../Core/Src/main.c:179:13:MX_TIM2_Init	64	static
../Core/Src/main.c:238:13:MX_TIM3_Init	56	static
../Core/Src/main.c:287:13:MX_TIM4_Init	32	static
../Core/Src/main.c:332:13:MX_GPIO_Init	32	static
../Core/Src/main.c:374:6:HAL_TIM_PeriodElapsedCallback	24	static
../Core/Src/main.c:398:6:Error_Handler	4	static,ignoring_inline_asm
