../Core/Src/main.c:54:6:HAL_TIM_IC_CaptureCallback	16	static
../Core/Src/main.c:60:6:ControlBLDC	16	static
../Core/Src/main.c:85:5:main	8	static
../Core/Src/main.c:136:6:SystemClock_Config	72	static
../Core/Src/main.c:176:13:MX_TIM2_Init	64	static
../Core/Src/main.c:235:13:MX_TIM3_Init	56	static
../Core/Src/main.c:284:13:MX_TIM4_Init	32	static
../Core/Src/main.c:329:13:MX_GPIO_Init	32	static
../Core/Src/main.c:365:6:HAL_TIM_PeriodElapsedCallback	24	static
../Core/Src/main.c:389:6:Error_Handler	4	static,ignoring_inline_asm
