../Core/Src/main.c:63:6:canctrl_SetFilterTest1	8	static
../Core/Src/main.c:66:6:canctrl_SetFilterTest2	8	static
../Core/Src/main.c:69:6:canctrl_SetFilterBrake	8	static
../Core/Src/main.c:73:6:HAL_CAN_RxFifo0MsgPendingCallback	16	static
../Core/Src/main.c:78:6:HAL_CAN_RxFifo1MsgPendingCallback	16	static
../Core/Src/main.c:83:19:canctrl_Init	16	static
../Core/Src/main.c:95:5:main	8	static
../Core/Src/main.c:140:6:SystemClock_Config	72	static
../Core/Src/main.c:180:13:MX_CAN_Init	8	static
../Core/Src/main.c:217:13:MX_GPIO_Init	16	static
../Core/Src/main.c:238:6:Error_Handler	4	static,ignoring_inline_asm
