../Core/Src/main.c:59:6:canctrl_SetFilterTest1	8	static
../Core/Src/main.c:62:6:canctrl_SetFilterTest2	8	static
../Core/Src/main.c:65:6:canctrl_SetFilterBrake	8	static
../Core/Src/main.c:68:6:HAL_CAN_RxFifo0MsgPendingCallback	16	static
../Core/Src/main.c:73:6:HAL_CAN_RxFifo1MsgPendingCallback	16	static
../Core/Src/main.c:77:6:HAL_CAN_TxMailbox0CompleteCallback	16	static,ignoring_inline_asm
../Core/Src/main.c:81:19:canctrl_Init	16	static
../Core/Src/main.c:94:5:main	8	static
../Core/Src/main.c:151:6:SystemClock_Config	72	static
../Core/Src/main.c:191:13:MX_CAN_Init	8	static
../Core/Src/main.c:228:13:MX_GPIO_Init	16	static
../Core/Src/main.c:249:6:Error_Handler	4	static,ignoring_inline_asm
