../Core/Src/main.c:98:6:Manual_SetHome	16	static
../Core/Src/main.c:133:6:Detect_Ball	8	static
../Core/Src/main.c:147:6:HoldBallToCheckpoint	16	static
../Core/Src/main.c:175:6:StopAndResetParams	8	static
../Core/Src/main.c:189:6:PutBallToSilo	16	static
../Core/Src/main.c:222:5:main	48	static
../Core/Src/main.c:300:6:SystemClock_Config	88	static
../Core/Src/main.c:346:13:MX_TIM3_Init	56	static
../Core/Src/main.c:395:13:MX_TIM5_Init	64	static
../Core/Src/main.c:458:13:MX_GPIO_Init	48	static
../Core/Src/main.c:501:6:StartLogicTask	16	static
../Core/Src/main.c:538:6:HAL_TIM_PeriodElapsedCallback	16	static
../Core/Src/main.c:555:6:Error_Handler	4	static,ignoring_inline_asm
