../Core/Src/main.c:67:6:HAL_CAN_TxMailbox0CompleteCallback	16	static
../Core/Src/main.c:71:6:HAL_CAN_TxMailbox1CompleteCallback	16	static
../Core/Src/main.c:75:6:HAL_CAN_TxMailbox2CompleteCallback	16	static
../Core/Src/main.c:80:6:HAL_CAN_RxFifo0MsgPendingCallback	16	static
../Core/Src/main.c:91:5:main	8	static
../Core/Src/main.c:168:6:SystemClock_Config	72	static
../Core/Src/main.c:208:13:MX_CAN_Init	8	static
../Core/Src/main.c:245:13:MX_GPIO_Init	40	static
../Core/Src/main.c:271:13:CAN_Filter_Config	48	static
../Core/Src/main.c:296:6:Error_Handler	4	static,ignoring_inline_asm
