12:27:03 **** Incremental Build of configuration Debug for project CumBanhSwerve ****
make -j16 all 
arm-none-eabi-gcc "../Core/Src/main.c" -mcpu=cortex-m3 -std=gnu11 -g3 -DDEBUG -DUSE_HAL_DRIVER -DSTM32F103xB -c -I../Core/Inc -I../Drivers/STM32F1xx_HAL_Driver/Inc/Legacy -I../Drivers/STM32F1xx_HAL_Driver/Inc -I../Drivers/CMSIS/Device/ST/STM32F1xx/Include -I../Drivers/CMSIS/Include -I../Middlewares/Third_Party/FreeRTOS/Source/include -I../Middlewares/Third_Party/FreeRTOS/Source/CMSIS_RTOS -I../Middlewares/Third_Party/FreeRTOS/Source/portable/GCC/ARM_CM3 -O0 -ffunction-sections -fdata-sections -Wall -fstack-usage -MMD -MP -MF"Core/Src/main.d" -MT"Core/Src/main.o" --specs=nano.specs -mfloat-abi=soft -mthumb -o "Core/Src/main.o"
../Core/Src/main.c: In function 'SolveMainTask':
../Core/Src/main.c:327:10: warning: assignment to 'uint8_t *' {aka 'unsigned char *'} from incompatible pointer type 'float *' [-Wincompatible-pointer-types]
  327 |   pFloat = &SpeedBLDC;
      |          ^
../Core/Src/main.c:332:10: warning: assignment to 'uint8_t *' {aka 'unsigned char *'} from incompatible pointer type 'float *' [-Wincompatible-pointer-types]
  332 |   pFloat = &DCDegree;
      |          ^
../Core/Src/main.c:341:10: warning: assignment to 'uint8_t *' {aka 'unsigned char *'} from incompatible pointer type 'float *' [-Wincompatible-pointer-types]
  341 |   pFloat = &SpeedBLDC;
      |          ^
../Core/Src/main.c:346:10: warning: assignment to 'uint8_t *' {aka 'unsigned char *'} from incompatible pointer type 'float *' [-Wincompatible-pointer-types]
  346 |   pFloat = &DCDegree;
      |          ^
arm-none-eabi-gcc -o "CumBanhSwerve.elf" @"objects.list"   -mcpu=cortex-m3 -T"C:\Users\LENOVO\Desktop\Robocon2024Chung\CumBanhSwerve\STM32F103C8TX_FLASH.ld" --specs=nosys.specs -Wl,-Map="CumBanhSwerve.map" -Wl,--gc-sections -static --specs=nano.specs -mfloat-abi=soft -mthumb -Wl,--start-group -lc -lm -Wl,--end-group
Finished building target: CumBanhSwerve.elf
 
arm-none-eabi-size   CumBanhSwerve.elf 
arm-none-eabi-objdump -h -S  CumBanhSwerve.elf  > "CumBanhSwerve.list"
   text	   data	    bss	    dec	    hex	filename
  27308	     28	   6736	  34072	   8518	CumBanhSwerve.elf
Finished building: default.size.stdout
 
Finished building: CumBanhSwerve.list
 

12:27:04 Build Finished. 0 errors, 4 warnings. (took 1s.92ms)

