23:16:23 **** Incremental Build of configuration Debug for project MainSwerveTurbo ****
make -j16 all 
arm-none-eabi-size   MainSwerveTurbo.elf 
   text	   data	    bss	    dec	    hex	filename
  20012	    124	   1948	  22084	   5644	MainSwerveTurbo.elf
Finished building: default.size.stdout
 
23:16:25 **** Incremental Build of configuration Debug for project MainSwerveTurbo ****
make -j16 all 
arm-none-eabi-size   MainSwerveTurbo.elf 
   text	   data	    bss	    dec	    hex	filename
  20012	    124	   1948	  22084	   5644	MainSwerveTurbo.elf
Finished building: default.size.stdout
 
