12:29:55 **** Incremental Build of configuration Debug for project MainSwerveTurbo ****
make -j16 all 
arm-none-eabi-gcc "../Core/Src/main.c" -mcpu=cortex-m4 -std=gnu11 -g3 -DDEBUG -DUSE_HAL_DRIVER -DSTM32F407xx -c -I../Core/Inc -I../Drivers/STM32F4xx_HAL_Driver/Inc -I../Drivers/STM32F4xx_HAL_Driver/Inc/Legacy -I../Drivers/CMSIS/Device/ST/STM32F4xx/Include -I../Drivers/CMSIS/Include -O0 -ffunction-sections -fdata-sections -Wall -fstack-usage -MMD -MP -MF"Core/Src/main.d" -MT"Core/Src/main.o" --specs=nano.specs -mfpu=fpv4-sp-d16 -mfloat-abi=hard -mthumb -o "Core/Src/main.o"
../Core/Src/main.c: In function 'ControlDriver':
../Core/Src/main.c:72:8: warning: assignment to 'uint8_t *' {aka 'unsigned char *'} from incompatible pointer type 'float *' [-Wincompatible-pointer-types]
   72 |  pByte = &BLDCSpeed1;
      |        ^
../Core/Src/main.c:76:8: warning: assignment to 'uint8_t *' {aka 'unsigned char *'} from incompatible pointer type 'float *' [-Wincompatible-pointer-types]
   76 |  pByte = &DCPos1;
      |        ^
../Core/Src/main.c:84:8: warning: assignment to 'uint8_t *' {aka 'unsigned char *'} from incompatible pointer type 'float *' [-Wincompatible-pointer-types]
   84 |  pByte = &BLDCSpeed2;
      |        ^
../Core/Src/main.c:88:8: warning: assignment to 'uint8_t *' {aka 'unsigned char *'} from incompatible pointer type 'float *' [-Wincompatible-pointer-types]
   88 |  pByte = &DCPos2;
      |        ^
../Core/Src/main.c: In function 'SolveMainTask':
../Core/Src/main.c:107:9: warning: assignment to 'uint8_t *' {aka 'unsigned char *'} from incompatible pointer type 'float *' [-Wincompatible-pointer-types]
  107 |  pFloat = &BL1;
      |         ^
../Core/Src/main.c:112:9: warning: assignment to 'uint8_t *' {aka 'unsigned char *'} from incompatible pointer type 'float *' [-Wincompatible-pointer-types]
  112 |  pFloat = &DC1;
      |         ^
../Core/Src/main.c:121:9: warning: assignment to 'uint8_t *' {aka 'unsigned char *'} from incompatible pointer type 'float *' [-Wincompatible-pointer-types]
  121 |  pFloat = &BL2;
      |         ^
../Core/Src/main.c:126:9: warning: assignment to 'uint8_t *' {aka 'unsigned char *'} from incompatible pointer type 'float *' [-Wincompatible-pointer-types]
  126 |  pFloat = &DC2;
      |         ^
arm-none-eabi-gcc -o "MainSwerveTurbo.elf" @"objects.list"   -mcpu=cortex-m4 -T"C:\Users\LENOVO\Desktop\Robocon2024Chung\MainSwerveTurbo\STM32F407VETX_FLASH.ld" --specs=nosys.specs -Wl,-Map="MainSwerveTurbo.map" -Wl,--gc-sections -static --specs=nano.specs -mfpu=fpv4-sp-d16 -mfloat-abi=hard -mthumb -Wl,--start-group -lc -lm -Wl,--end-group
Finished building target: MainSwerveTurbo.elf
 
arm-none-eabi-size   MainSwerveTurbo.elf 
arm-none-eabi-objdump -h -S  MainSwerveTurbo.elf  > "MainSwerveTurbo.list"
   text	   data	    bss	    dec	    hex	filename
  22428	    124	   1908	  24460	   5f8c	MainSwerveTurbo.elf
Finished building: default.size.stdout
 
Finished building: MainSwerveTurbo.list
 
12:32:16 **** Incremental Build of configuration Debug for project MainSwerveTurbo ****
make -j16 all 
arm-none-eabi-gcc "../Core/Src/main.c" -mcpu=cortex-m4 -std=gnu11 -g3 -DDEBUG -DUSE_HAL_DRIVER -DSTM32F407xx -c -I../Core/Inc -I../Drivers/STM32F4xx_HAL_Driver/Inc -I../Drivers/STM32F4xx_HAL_Driver/Inc/Legacy -I../Drivers/CMSIS/Device/ST/STM32F4xx/Include -I../Drivers/CMSIS/Include -O0 -ffunction-sections -fdata-sections -Wall -fstack-usage -MMD -MP -MF"Core/Src/main.d" -MT"Core/Src/main.o" --specs=nano.specs -mfpu=fpv4-sp-d16 -mfloat-abi=hard -mthumb -o "Core/Src/main.o"
../Core/Src/main.c: In function 'ControlDriver':
../Core/Src/main.c:72:8: warning: assignment to 'uint8_t *' {aka 'unsigned char *'} from incompatible pointer type 'float *' [-Wincompatible-pointer-types]
   72 |  pByte = &BLDCSpeed1;
      |        ^
../Core/Src/main.c:76:8: warning: assignment to 'uint8_t *' {aka 'unsigned char *'} from incompatible pointer type 'float *' [-Wincompatible-pointer-types]
   76 |  pByte = &DCPos1;
      |        ^
../Core/Src/main.c:84:8: warning: assignment to 'uint8_t *' {aka 'unsigned char *'} from incompatible pointer type 'float *' [-Wincompatible-pointer-types]
   84 |  pByte = &BLDCSpeed2;
      |        ^
../Core/Src/main.c:88:8: warning: assignment to 'uint8_t *' {aka 'unsigned char *'} from incompatible pointer type 'float *' [-Wincompatible-pointer-types]
   88 |  pByte = &DCPos2;
      |        ^
../Core/Src/main.c: In function 'SolveMainTask':
../Core/Src/main.c:107:9: warning: assignment to 'uint8_t *' {aka 'unsigned char *'} from incompatible pointer type 'float *' [-Wincompatible-pointer-types]
  107 |  pFloat = &BL1;
      |         ^
../Core/Src/main.c:112:9: warning: assignment to 'uint8_t *' {aka 'unsigned char *'} from incompatible pointer type 'float *' [-Wincompatible-pointer-types]
  112 |  pFloat = &DC1;
      |         ^
../Core/Src/main.c:121:9: warning: assignment to 'uint8_t *' {aka 'unsigned char *'} from incompatible pointer type 'float *' [-Wincompatible-pointer-types]
  121 |  pFloat = &BL2;
      |         ^
../Core/Src/main.c:126:9: warning: assignment to 'uint8_t *' {aka 'unsigned char *'} from incompatible pointer type 'float *' [-Wincompatible-pointer-types]
  126 |  pFloat = &DC2;
      |         ^
arm-none-eabi-gcc -o "MainSwerveTurbo.elf" @"objects.list"   -mcpu=cortex-m4 -T"C:\Users\LENOVO\Desktop\Robocon2024Chung\MainSwerveTurbo\STM32F407VETX_FLASH.ld" --specs=nosys.specs -Wl,-Map="MainSwerveTurbo.map" -Wl,--gc-sections -static --specs=nano.specs -mfpu=fpv4-sp-d16 -mfloat-abi=hard -mthumb -Wl,--start-group -lc -lm -Wl,--end-group
Finished building target: MainSwerveTurbo.elf
 
arm-none-eabi-size   MainSwerveTurbo.elf 
arm-none-eabi-objdump -h -S  MainSwerveTurbo.elf  > "MainSwerveTurbo.list"
   text	   data	    bss	    dec	    hex	filename
  22508	    124	   1908	  24540	   5fdc	MainSwerveTurbo.elf
Finished building: default.size.stdout
 
Finished building: MainSwerveTurbo.list
 
12:33:36 **** Incremental Build of configuration Debug for project MainSwerveTurbo ****
make -j16 all 
arm-none-eabi-size   MainSwerveTurbo.elf 
   text	   data	    bss	    dec	    hex	filename
  22508	    124	   1908	  24540	   5fdc	MainSwerveTurbo.elf
Finished building: default.size.stdout
 
12:37:43 **** Incremental Build of configuration Debug for project MainSwerveTurbo ****
make -j16 all 
arm-none-eabi-gcc "../Core/Src/main.c" -mcpu=cortex-m4 -std=gnu11 -g3 -DDEBUG -DUSE_HAL_DRIVER -DSTM32F407xx -c -I../Core/Inc -I../Drivers/STM32F4xx_HAL_Driver/Inc -I../Drivers/STM32F4xx_HAL_Driver/Inc/Legacy -I../Drivers/CMSIS/Device/ST/STM32F4xx/Include -I../Drivers/CMSIS/Include -O0 -ffunction-sections -fdata-sections -Wall -fstack-usage -MMD -MP -MF"Core/Src/main.d" -MT"Core/Src/main.o" --specs=nano.specs -mfpu=fpv4-sp-d16 -mfloat-abi=hard -mthumb -o "Core/Src/main.o"
../Core/Src/main.c: In function 'ControlDriver':
../Core/Src/main.c:72:8: warning: assignment to 'uint8_t *' {aka 'unsigned char *'} from incompatible pointer type 'float *' [-Wincompatible-pointer-types]
   72 |  pByte = &BLDCSpeed1;
      |        ^
../Core/Src/main.c:76:8: warning: assignment to 'uint8_t *' {aka 'unsigned char *'} from incompatible pointer type 'float *' [-Wincompatible-pointer-types]
   76 |  pByte = &DCPos1;
      |        ^
../Core/Src/main.c:84:8: warning: assignment to 'uint8_t *' {aka 'unsigned char *'} from incompatible pointer type 'float *' [-Wincompatible-pointer-types]
   84 |  pByte = &BLDCSpeed2;
      |        ^
../Core/Src/main.c:88:8: warning: assignment to 'uint8_t *' {aka 'unsigned char *'} from incompatible pointer type 'float *' [-Wincompatible-pointer-types]
   88 |  pByte = &DCPos2;
      |        ^
../Core/Src/main.c: In function 'SolveMainTask':
../Core/Src/main.c:107:9: warning: assignment to 'uint8_t *' {aka 'unsigned char *'} from incompatible pointer type 'float *' [-Wincompatible-pointer-types]
  107 |  pFloat = &BL1;
      |         ^
../Core/Src/main.c:112:9: warning: assignment to 'uint8_t *' {aka 'unsigned char *'} from incompatible pointer type 'float *' [-Wincompatible-pointer-types]
  112 |  pFloat = &DC1;
      |         ^
../Core/Src/main.c:121:9: warning: assignment to 'uint8_t *' {aka 'unsigned char *'} from incompatible pointer type 'float *' [-Wincompatible-pointer-types]
  121 |  pFloat = &BL2;
      |         ^
../Core/Src/main.c:126:9: warning: assignment to 'uint8_t *' {aka 'unsigned char *'} from incompatible pointer type 'float *' [-Wincompatible-pointer-types]
  126 |  pFloat = &DC2;
      |         ^
arm-none-eabi-gcc -o "MainSwerveTurbo.elf" @"objects.list"   -mcpu=cortex-m4 -T"C:\Users\LENOVO\Desktop\Robocon2024Chung\MainSwerveTurbo\STM32F407VETX_FLASH.ld" --specs=nosys.specs -Wl,-Map="MainSwerveTurbo.map" -Wl,--gc-sections -static --specs=nano.specs -mfpu=fpv4-sp-d16 -mfloat-abi=hard -mthumb -Wl,--start-group -lc -lm -Wl,--end-group
Finished building target: MainSwerveTurbo.elf
 
arm-none-eabi-size   MainSwerveTurbo.elf 
arm-none-eabi-objdump -h -S  MainSwerveTurbo.elf  > "MainSwerveTurbo.list"
   text	   data	    bss	    dec	    hex	filename
  21780	    124	   1900	  23804	   5cfc	MainSwerveTurbo.elf
Finished building: default.size.stdout
 
Finished building: MainSwerveTurbo.list
 
12:38:57 **** Incremental Build of configuration Debug for project MainSwerveTurbo ****
make -j16 all 
arm-none-eabi-gcc "../Core/Src/main.c" -mcpu=cortex-m4 -std=gnu11 -g3 -DDEBUG -DUSE_HAL_DRIVER -DSTM32F407xx -c -I../Core/Inc -I../Drivers/STM32F4xx_HAL_Driver/Inc -I../Drivers/STM32F4xx_HAL_Driver/Inc/Legacy -I../Drivers/CMSIS/Device/ST/STM32F4xx/Include -I../Drivers/CMSIS/Include -O0 -ffunction-sections -fdata-sections -Wall -fstack-usage -MMD -MP -MF"Core/Src/main.d" -MT"Core/Src/main.o" --specs=nano.specs -mfpu=fpv4-sp-d16 -mfloat-abi=hard -mthumb -o "Core/Src/main.o"
../Core/Src/main.c: In function 'ControlDriver':
../Core/Src/main.c:72:8: warning: assignment to 'uint8_t *' {aka 'unsigned char *'} from incompatible pointer type 'float *' [-Wincompatible-pointer-types]
   72 |  pByte = &BLDCSpeed1;
      |        ^
../Core/Src/main.c:76:8: warning: assignment to 'uint8_t *' {aka 'unsigned char *'} from incompatible pointer type 'float *' [-Wincompatible-pointer-types]
   76 |  pByte = &DCPos1;
      |        ^
../Core/Src/main.c:84:8: warning: assignment to 'uint8_t *' {aka 'unsigned char *'} from incompatible pointer type 'float *' [-Wincompatible-pointer-types]
   84 |  pByte = &BLDCSpeed2;
      |        ^
../Core/Src/main.c:88:8: warning: assignment to 'uint8_t *' {aka 'unsigned char *'} from incompatible pointer type 'float *' [-Wincompatible-pointer-types]
   88 |  pByte = &DCPos2;
      |        ^
../Core/Src/main.c: In function 'SolveMainTask':
../Core/Src/main.c:107:9: warning: assignment to 'uint8_t *' {aka 'unsigned char *'} from incompatible pointer type 'float *' [-Wincompatible-pointer-types]
  107 |  pFloat = &BL1;
      |         ^
../Core/Src/main.c:112:9: warning: assignment to 'uint8_t *' {aka 'unsigned char *'} from incompatible pointer type 'float *' [-Wincompatible-pointer-types]
  112 |  pFloat = &DC1;
      |         ^
../Core/Src/main.c:121:9: warning: assignment to 'uint8_t *' {aka 'unsigned char *'} from incompatible pointer type 'float *' [-Wincompatible-pointer-types]
  121 |  pFloat = &BL2;
      |         ^
../Core/Src/main.c:126:9: warning: assignment to 'uint8_t *' {aka 'unsigned char *'} from incompatible pointer type 'float *' [-Wincompatible-pointer-types]
  126 |  pFloat = &DC2;
      |         ^
arm-none-eabi-gcc -o "MainSwerveTurbo.elf" @"objects.list"   -mcpu=cortex-m4 -T"C:\Users\LENOVO\Desktop\Robocon2024Chung\MainSwerveTurbo\STM32F407VETX_FLASH.ld" --specs=nosys.specs -Wl,-Map="MainSwerveTurbo.map" -Wl,--gc-sections -static --specs=nano.specs -mfpu=fpv4-sp-d16 -mfloat-abi=hard -mthumb -Wl,--start-group -lc -lm -Wl,--end-group
Finished building target: MainSwerveTurbo.elf
 
arm-none-eabi-size   MainSwerveTurbo.elf 
arm-none-eabi-objdump -h -S  MainSwerveTurbo.elf  > "MainSwerveTurbo.list"
   text	   data	    bss	    dec	    hex	filename
  21700	    124	   1900	  23724	   5cac	MainSwerveTurbo.elf
Finished building: default.size.stdout
 
Finished building: MainSwerveTurbo.list
 
12:40:26 **** Incremental Build of configuration Debug for project MainSwerveTurbo ****
make -j16 all 
arm-none-eabi-gcc "../Core/Src/main.c" -mcpu=cortex-m4 -std=gnu11 -g3 -DDEBUG -DUSE_HAL_DRIVER -DSTM32F407xx -c -I../Core/Inc -I../Drivers/STM32F4xx_HAL_Driver/Inc -I../Drivers/STM32F4xx_HAL_Driver/Inc/Legacy -I../Drivers/CMSIS/Device/ST/STM32F4xx/Include -I../Drivers/CMSIS/Include -O0 -ffunction-sections -fdata-sections -Wall -fstack-usage -MMD -MP -MF"Core/Src/main.d" -MT"Core/Src/main.o" --specs=nano.specs -mfpu=fpv4-sp-d16 -mfloat-abi=hard -mthumb -o "Core/Src/main.o"
../Core/Src/main.c: In function 'ControlDriver':
../Core/Src/main.c:72:8: warning: assignment to 'uint8_t *' {aka 'unsigned char *'} from incompatible pointer type 'float *' [-Wincompatible-pointer-types]
   72 |  pByte = &BLDCSpeed1;
      |        ^
../Core/Src/main.c:76:8: warning: assignment to 'uint8_t *' {aka 'unsigned char *'} from incompatible pointer type 'float *' [-Wincompatible-pointer-types]
   76 |  pByte = &DCPos1;
      |        ^
../Core/Src/main.c:84:8: warning: assignment to 'uint8_t *' {aka 'unsigned char *'} from incompatible pointer type 'float *' [-Wincompatible-pointer-types]
   84 |  pByte = &BLDCSpeed2;
      |        ^
../Core/Src/main.c:88:8: warning: assignment to 'uint8_t *' {aka 'unsigned char *'} from incompatible pointer type 'float *' [-Wincompatible-pointer-types]
   88 |  pByte = &DCPos2;
      |        ^
../Core/Src/main.c: In function 'SolveMainTask':
../Core/Src/main.c:107:9: warning: assignment to 'uint8_t *' {aka 'unsigned char *'} from incompatible pointer type 'float *' [-Wincompatible-pointer-types]
  107 |  pFloat = &BL1;
      |         ^
../Core/Src/main.c:112:9: warning: assignment to 'uint8_t *' {aka 'unsigned char *'} from incompatible pointer type 'float *' [-Wincompatible-pointer-types]
  112 |  pFloat = &DC1;
      |         ^
../Core/Src/main.c:121:9: warning: assignment to 'uint8_t *' {aka 'unsigned char *'} from incompatible pointer type 'float *' [-Wincompatible-pointer-types]
  121 |  pFloat = &BL2;
      |         ^
../Core/Src/main.c:126:9: warning: assignment to 'uint8_t *' {aka 'unsigned char *'} from incompatible pointer type 'float *' [-Wincompatible-pointer-types]
  126 |  pFloat = &DC2;
      |         ^
arm-none-eabi-gcc -o "MainSwerveTurbo.elf" @"objects.list"   -mcpu=cortex-m4 -T"C:\Users\LENOVO\Desktop\Robocon2024Chung\MainSwerveTurbo\STM32F407VETX_FLASH.ld" --specs=nosys.specs -Wl,-Map="MainSwerveTurbo.map" -Wl,--gc-sections -static --specs=nano.specs -mfpu=fpv4-sp-d16 -mfloat-abi=hard -mthumb -Wl,--start-group -lc -lm -Wl,--end-group
Finished building target: MainSwerveTurbo.elf
 
arm-none-eabi-size   MainSwerveTurbo.elf 
arm-none-eabi-objdump -h -S  MainSwerveTurbo.elf  > "MainSwerveTurbo.list"
   text	   data	    bss	    dec	    hex	filename
  21700	    124	   1900	  23724	   5cac	MainSwerveTurbo.elf
Finished building: default.size.stdout
 
Finished building: MainSwerveTurbo.list
 
12:42:44 **** Incremental Build of configuration Debug for project MainSwerveTurbo ****
make -j16 all 
arm-none-eabi-gcc "../Core/Src/main.c" -mcpu=cortex-m4 -std=gnu11 -g3 -DDEBUG -DUSE_HAL_DRIVER -DSTM32F407xx -c -I../Core/Inc -I../Drivers/STM32F4xx_HAL_Driver/Inc -I../Drivers/STM32F4xx_HAL_Driver/Inc/Legacy -I../Drivers/CMSIS/Device/ST/STM32F4xx/Include -I../Drivers/CMSIS/Include -O0 -ffunction-sections -fdata-sections -Wall -fstack-usage -MMD -MP -MF"Core/Src/main.d" -MT"Core/Src/main.o" --specs=nano.specs -mfpu=fpv4-sp-d16 -mfloat-abi=hard -mthumb -o "Core/Src/main.o"
../Core/Src/main.c: In function 'ControlDriver':
../Core/Src/main.c:72:8: warning: assignment to 'uint8_t *' {aka 'unsigned char *'} from incompatible pointer type 'float *' [-Wincompatible-pointer-types]
   72 |  pByte = &BLDCSpeed1;
      |        ^
../Core/Src/main.c:76:8: warning: assignment to 'uint8_t *' {aka 'unsigned char *'} from incompatible pointer type 'float *' [-Wincompatible-pointer-types]
   76 |  pByte = &DCPos1;
      |        ^
../Core/Src/main.c:84:8: warning: assignment to 'uint8_t *' {aka 'unsigned char *'} from incompatible pointer type 'float *' [-Wincompatible-pointer-types]
   84 |  pByte = &BLDCSpeed2;
      |        ^
../Core/Src/main.c:88:8: warning: assignment to 'uint8_t *' {aka 'unsigned char *'} from incompatible pointer type 'float *' [-Wincompatible-pointer-types]
   88 |  pByte = &DCPos2;
      |        ^
../Core/Src/main.c: In function 'SolveMainTask':
../Core/Src/main.c:107:9: warning: assignment to 'uint8_t *' {aka 'unsigned char *'} from incompatible pointer type 'float *' [-Wincompatible-pointer-types]
  107 |  pFloat = &BL1;
      |         ^
../Core/Src/main.c:112:9: warning: assignment to 'uint8_t *' {aka 'unsigned char *'} from incompatible pointer type 'float *' [-Wincompatible-pointer-types]
  112 |  pFloat = &DC1;
      |         ^
../Core/Src/main.c:121:9: warning: assignment to 'uint8_t *' {aka 'unsigned char *'} from incompatible pointer type 'float *' [-Wincompatible-pointer-types]
  121 |  pFloat = &BL2;
      |         ^
../Core/Src/main.c:126:9: warning: assignment to 'uint8_t *' {aka 'unsigned char *'} from incompatible pointer type 'float *' [-Wincompatible-pointer-types]
  126 |  pFloat = &DC2;
      |         ^
arm-none-eabi-gcc -o "MainSwerveTurbo.elf" @"objects.list"   -mcpu=cortex-m4 -T"C:\Users\LENOVO\Desktop\Robocon2024Chung\MainSwerveTurbo\STM32F407VETX_FLASH.ld" --specs=nosys.specs -Wl,-Map="MainSwerveTurbo.map" -Wl,--gc-sections -static --specs=nano.specs -mfpu=fpv4-sp-d16 -mfloat-abi=hard -mthumb -Wl,--start-group -lc -lm -Wl,--end-group
Finished building target: MainSwerveTurbo.elf
 
arm-none-eabi-size   MainSwerveTurbo.elf 
arm-none-eabi-objdump -h -S  MainSwerveTurbo.elf  > "MainSwerveTurbo.list"
   text	   data	    bss	    dec	    hex	filename
  21700	    124	   1900	  23724	   5cac	MainSwerveTurbo.elf
Finished building: default.size.stdout
 
Finished building: MainSwerveTurbo.list
 
12:43:17 **** Incremental Build of configuration Debug for project MainSwerveTurbo ****
make -j16 all 
arm-none-eabi-size   MainSwerveTurbo.elf 
   text	   data	    bss	    dec	    hex	filename
  21700	    124	   1900	  23724	   5cac	MainSwerveTurbo.elf
Finished building: default.size.stdout
 
12:45:03 **** Incremental Build of configuration Debug for project MainSwerveTurbo ****
make -j16 all 
arm-none-eabi-gcc "../Core/Src/main.c" -mcpu=cortex-m4 -std=gnu11 -g3 -DDEBUG -DUSE_HAL_DRIVER -DSTM32F407xx -c -I../Core/Inc -I../Drivers/STM32F4xx_HAL_Driver/Inc -I../Drivers/STM32F4xx_HAL_Driver/Inc/Legacy -I../Drivers/CMSIS/Device/ST/STM32F4xx/Include -I../Drivers/CMSIS/Include -O0 -ffunction-sections -fdata-sections -Wall -fstack-usage -MMD -MP -MF"Core/Src/main.d" -MT"Core/Src/main.o" --specs=nano.specs -mfpu=fpv4-sp-d16 -mfloat-abi=hard -mthumb -o "Core/Src/main.o"
../Core/Src/main.c: In function 'ControlDriver':
../Core/Src/main.c:72:8: warning: assignment to 'uint8_t *' {aka 'unsigned char *'} from incompatible pointer type 'float *' [-Wincompatible-pointer-types]
   72 |  pByte = &BLDCSpeed1;
      |        ^
../Core/Src/main.c:76:8: warning: assignment to 'uint8_t *' {aka 'unsigned char *'} from incompatible pointer type 'float *' [-Wincompatible-pointer-types]
   76 |  pByte = &DCPos1;
      |        ^
../Core/Src/main.c:84:8: warning: assignment to 'uint8_t *' {aka 'unsigned char *'} from incompatible pointer type 'float *' [-Wincompatible-pointer-types]
   84 |  pByte = &BLDCSpeed2;
      |        ^
../Core/Src/main.c:88:8: warning: assignment to 'uint8_t *' {aka 'unsigned char *'} from incompatible pointer type 'float *' [-Wincompatible-pointer-types]
   88 |  pByte = &DCPos2;
      |        ^
../Core/Src/main.c: In function 'SolveMainTask':
../Core/Src/main.c:107:9: warning: assignment to 'uint8_t *' {aka 'unsigned char *'} from incompatible pointer type 'float *' [-Wincompatible-pointer-types]
  107 |  pFloat = &BL1;
      |         ^
../Core/Src/main.c:112:9: warning: assignment to 'uint8_t *' {aka 'unsigned char *'} from incompatible pointer type 'float *' [-Wincompatible-pointer-types]
  112 |  pFloat = &DC1;
      |         ^
../Core/Src/main.c:121:9: warning: assignment to 'uint8_t *' {aka 'unsigned char *'} from incompatible pointer type 'float *' [-Wincompatible-pointer-types]
  121 |  pFloat = &BL2;
      |         ^
../Core/Src/main.c:126:9: warning: assignment to 'uint8_t *' {aka 'unsigned char *'} from incompatible pointer type 'float *' [-Wincompatible-pointer-types]
  126 |  pFloat = &DC2;
      |         ^
arm-none-eabi-gcc -o "MainSwerveTurbo.elf" @"objects.list"   -mcpu=cortex-m4 -T"C:\Users\LENOVO\Desktop\Robocon2024Chung\MainSwerveTurbo\STM32F407VETX_FLASH.ld" --specs=nosys.specs -Wl,-Map="MainSwerveTurbo.map" -Wl,--gc-sections -static --specs=nano.specs -mfpu=fpv4-sp-d16 -mfloat-abi=hard -mthumb -Wl,--start-group -lc -lm -Wl,--end-group
Finished building target: MainSwerveTurbo.elf
 
arm-none-eabi-size   MainSwerveTurbo.elf 
arm-none-eabi-objdump -h -S  MainSwerveTurbo.elf  > "MainSwerveTurbo.list"
   text	   data	    bss	    dec	    hex	filename
  21700	    124	   1900	  23724	   5cac	MainSwerveTurbo.elf
Finished building: default.size.stdout
 
Finished building: MainSwerveTurbo.list
 
12:51:56 **** Incremental Build of configuration Debug for project MainSwerveTurbo ****
make -j16 all 
arm-none-eabi-gcc "../Core/Src/main.c" -mcpu=cortex-m4 -std=gnu11 -g3 -DDEBUG -DUSE_HAL_DRIVER -DSTM32F407xx -c -I../Core/Inc -I../Drivers/STM32F4xx_HAL_Driver/Inc -I../Drivers/STM32F4xx_HAL_Driver/Inc/Legacy -I../Drivers/CMSIS/Device/ST/STM32F4xx/Include -I../Drivers/CMSIS/Include -O0 -ffunction-sections -fdata-sections -Wall -fstack-usage -MMD -MP -MF"Core/Src/main.d" -MT"Core/Src/main.o" --specs=nano.specs -mfpu=fpv4-sp-d16 -mfloat-abi=hard -mthumb -o "Core/Src/main.o"
../Core/Src/main.c: In function 'ControlDriver':
../Core/Src/main.c:72:8: warning: assignment to 'uint8_t *' {aka 'unsigned char *'} from incompatible pointer type 'float *' [-Wincompatible-pointer-types]
   72 |  pByte = &BLDCSpeed1;
      |        ^
../Core/Src/main.c:76:8: warning: assignment to 'uint8_t *' {aka 'unsigned char *'} from incompatible pointer type 'float *' [-Wincompatible-pointer-types]
   76 |  pByte = &DCPos1;
      |        ^
../Core/Src/main.c:84:8: warning: assignment to 'uint8_t *' {aka 'unsigned char *'} from incompatible pointer type 'float *' [-Wincompatible-pointer-types]
   84 |  pByte = &BLDCSpeed2;
      |        ^
../Core/Src/main.c:88:8: warning: assignment to 'uint8_t *' {aka 'unsigned char *'} from incompatible pointer type 'float *' [-Wincompatible-pointer-types]
   88 |  pByte = &DCPos2;
      |        ^
../Core/Src/main.c: In function 'SolveMainTask':
../Core/Src/main.c:107:9: warning: assignment to 'uint8_t *' {aka 'unsigned char *'} from incompatible pointer type 'float *' [-Wincompatible-pointer-types]
  107 |  pFloat = &BL1;
      |         ^
../Core/Src/main.c:112:9: warning: assignment to 'uint8_t *' {aka 'unsigned char *'} from incompatible pointer type 'float *' [-Wincompatible-pointer-types]
  112 |  pFloat = &DC1;
      |         ^
../Core/Src/main.c:121:9: warning: assignment to 'uint8_t *' {aka 'unsigned char *'} from incompatible pointer type 'float *' [-Wincompatible-pointer-types]
  121 |  pFloat = &BL2;
      |         ^
../Core/Src/main.c:126:9: warning: assignment to 'uint8_t *' {aka 'unsigned char *'} from incompatible pointer type 'float *' [-Wincompatible-pointer-types]
  126 |  pFloat = &DC2;
      |         ^
arm-none-eabi-gcc -o "MainSwerveTurbo.elf" @"objects.list"   -mcpu=cortex-m4 -T"C:\Users\LENOVO\Desktop\Robocon2024Chung\MainSwerveTurbo\STM32F407VETX_FLASH.ld" --specs=nosys.specs -Wl,-Map="MainSwerveTurbo.map" -Wl,--gc-sections -static --specs=nano.specs -mfpu=fpv4-sp-d16 -mfloat-abi=hard -mthumb -Wl,--start-group -lc -lm -Wl,--end-group
Finished building target: MainSwerveTurbo.elf
 
arm-none-eabi-size   MainSwerveTurbo.elf 
arm-none-eabi-objdump -h -S  MainSwerveTurbo.elf  > "MainSwerveTurbo.list"
   text	   data	    bss	    dec	    hex	filename
  21716	    124	   1900	  23740	   5cbc	MainSwerveTurbo.elf
Finished building: default.size.stdout
 
Finished building: MainSwerveTurbo.list
 
