../Core/Src/main.c:110:6:flagmain_SetFlag	16	static
../Core/Src/main.c:113:6:flagmain_CheckFlag	16	static
../Core/Src/main.c:116:6:flagmain_ClearFlag	16	static
../Core/Src/main.c:123:6:nodeHome_SetFlag	16	static
../Core/Src/main.c:126:6:nodeHome_CheckFlag	16	static
../Core/Src/main.c:129:6:nodeHome_ClearFlag	16	static
../Core/Src/main.c:244:6:HAL_CAN_RxFifo0MsgPendingCallback	32	static,ignoring_inline_asm
../Core/Src/main.c:251:6:HAL_CAN_RxFifo1MsgPendingCallback	32	static,ignoring_inline_asm
../Core/Src/main.c:258:6:CAN_Init	24	static
../Core/Src/main.c:270:6:setHomeComplete	4	static
../Core/Src/main.c:275:6:handleFunctionCAN	32	static
../Core/Src/main.c:306:6:HAL_UART_RxCpltCallback	32	static
../Core/Src/main.c:337:6:HAL_CAN_ErrorCallback	16	static
../Core/Src/main.c:341:6:HAL_UART_ErrorCallback	24	static
../Core/Src/main.c:347:6:HAL_UART_TxCpltCallback	16	static
../Core/Src/main.c:351:6:Send_Data	8	static
../Core/Src/main.c:356:6:Send_Header	8	static
../Core/Src/main.c:370:6:Get_MPU_Angle	8	static
../Core/Src/main.c:378:6:Reset_MPU_Angle	8	static
../Core/Src/main.c:388:6:process_Init	8	static
../Core/Src/main.c:404:6:process_PD_OnStrainghtPath	4	static
../Core/Src/main.c:416:6:process_PD_OnTrajecPath	4	static
../Core/Src/main.c:428:6:process_PD_Auto_Chose	16	static
../Core/Src/main.c:453:6:process_SetFloatingEnc	8	static
../Core/Src/main.c:458:6:process_ResetFloatingEnc	8	static
../Core/Src/main.c:463:6:process_Accel_FloatingEnc	40	static
../Core/Src/main.c:526:6:process_Accel_FloatingEnc2	32	static
../Core/Src/main.c:563:6:process_Accel_FloatingEnc3	48	static
../Core/Src/main.c:607:6:process_LineFollow	4	static
../Core/Src/main.c:622:6:process_RunByAngle	24	static
../Core/Src/main.c:627:6:process_LineApproach	8	static
../Core/Src/main.c:642:6:process_Signal_RotationMatrixTransform	40	static
../Core/Src/main.c:649:6:process_Ball_Approach	8	static
../Core/Src/main.c:712:6:process_Ball_Approach2	8	static
../Core/Src/main.c:775:6:process_Ball_Approach3	24	static
../Core/Src/main.c:835:6:process_ApproachWall	8	static
../Core/Src/main.c:883:6:process_setVal_PutBall	16	static
../Core/Src/main.c:888:6:process_ReleaseBall	8	static
../Core/Src/main.c:899:6:process_getBall	8	static
../Core/Src/main.c:911:6:readADC	8	static
../Core/Src/main.c:928:6:process_WireRelease	8	static
../Core/Src/main.c:944:5:main	128	static
../Core/Src/main.c:1063:6:SystemClock_Config	88	static
../Core/Src/main.c:1110:13:MX_ADC1_Init	24	static
../Core/Src/main.c:1162:13:MX_CAN1_Init	8	static
../Core/Src/main.c:1199:13:MX_TIM1_Init	56	static
../Core/Src/main.c:1249:13:MX_TIM2_Init	56	static
../Core/Src/main.c:1298:13:MX_TIM3_Init	64	static
../Core/Src/main.c:1361:13:MX_TIM4_Init	32	static
../Core/Src/main.c:1406:13:MX_TIM5_Init	64	static
../Core/Src/main.c:1469:13:MX_TIM10_Init	8	static
../Core/Src/main.c:1500:13:MX_USART1_UART_Init	8	static
../Core/Src/main.c:1533:13:MX_USART2_UART_Init	8	static
../Core/Src/main.c:1566:13:MX_USART3_UART_Init	8	static
../Core/Src/main.c:1597:13:MX_DMA_Init	16	static
../Core/Src/main.c:1619:13:MX_GPIO_Init	48	static
../Core/Src/main.c:1666:6:InvCpltCallback	32	static
../Core/Src/main.c:1679:6:setTestModeActuator	8	static
../Core/Src/main.c:1687:6:TestBreakProtection	16	static
../Core/Src/main.c:1700:6:canShoot	8	static
../Core/Src/main.c:1710:6:StopEnc	24	static
../Core/Src/main.c:1719:6:softEmergencyStop	24	static
../Core/Src/main.c:1730:6:Release	16	static
../Core/Src/main.c:1824:6:RTR_SpeedAngle	16	static,ignoring_inline_asm
../Core/Src/main.c:1853:6:StartDefaultTask	16	static
../Core/Src/main.c:1891:6:Drive	16	static
../Core/Src/main.c:1901:6:InverseKinematic	24	static
../Core/Src/main.c:1922:6:CAN_Bus	56	static
../Core/Src/main.c:1960:6:OdometerHandle	16	static
../Core/Src/main.c:2155:6:HAL_TIM_PeriodElapsedCallback	16	static
../Core/Src/main.c:2175:6:Error_Handler	4	static,ignoring_inline_asm
