../Core/Src/main.c:110:6:flagmain_SetFlag	16	static
../Core/Src/main.c:113:6:flagmain_CheckFlag	16	static
../Core/Src/main.c:116:6:flagmain_ClearFlag	16	static
../Core/Src/main.c:123:6:nodeHome_SetFlag	16	static
../Core/Src/main.c:126:6:nodeHome_CheckFlag	16	static
../Core/Src/main.c:129:6:nodeHome_ClearFlag	16	static
../Core/Src/main.c:231:6:HAL_CAN_RxFifo0MsgPendingCallback	32	static,ignoring_inline_asm
../Core/Src/main.c:238:6:HAL_CAN_RxFifo1MsgPendingCallback	32	static,ignoring_inline_asm
../Core/Src/main.c:245:6:CAN_Init	24	static
../Core/Src/main.c:257:6:setHomeComplete	4	static
../Core/Src/main.c:262:6:handleFunctionCAN	32	static
../Core/Src/main.c:293:6:HAL_UART_RxCpltCallback	32	static
../Core/Src/main.c:324:6:HAL_CAN_ErrorCallback	16	static
../Core/Src/main.c:328:6:HAL_UART_ErrorCallback	24	static
../Core/Src/main.c:334:6:HAL_UART_TxCpltCallback	16	static
../Core/Src/main.c:338:6:Send_Data	8	static
../Core/Src/main.c:343:6:Send_Header	8	static
../Core/Src/main.c:357:6:Get_MPU_Angle	8	static
../Core/Src/main.c:365:6:Reset_MPU_Angle	8	static
../Core/Src/main.c:375:6:process_Init	8	static
../Core/Src/main.c:391:6:process_PD_OnStrainghtPath	4	static
../Core/Src/main.c:403:6:process_PD_OnTrajecPath	4	static
../Core/Src/main.c:415:6:process_PD_Auto_Chose	16	static
../Core/Src/main.c:440:6:process_SetFloatingEnc	8	static
../Core/Src/main.c:445:6:process_ResetFloatingEnc	8	static
../Core/Src/main.c:450:6:process_Accel_FloatingEnc	40	static
../Core/Src/main.c:513:6:process_Accel_FloatingEnc2	32	static
../Core/Src/main.c:550:6:process_RunByAngle	24	static
../Core/Src/main.c:556:6:process_Signal_RotationMatrixTransform	40	static
../Core/Src/main.c:563:6:process_Ball_Approach	8	static
../Core/Src/main.c:626:6:process_Ball_Approach2	8	static
../Core/Src/main.c:689:6:process_ApproachWall	8	static
../Core/Src/main.c:737:6:process_setVal_PutBall	16	static
../Core/Src/main.c:742:6:process_ReleaseBall	8	static
../Core/Src/main.c:753:6:process_getBall	8	static
../Core/Src/main.c:765:6:readADC	8	static
../Core/Src/main.c:782:6:process_WireRelease	8	static
../Core/Src/main.c:798:5:main	128	static
../Core/Src/main.c:917:6:SystemClock_Config	88	static
../Core/Src/main.c:964:13:MX_ADC1_Init	24	static
../Core/Src/main.c:1016:13:MX_CAN1_Init	8	static
../Core/Src/main.c:1053:13:MX_TIM1_Init	56	static
../Core/Src/main.c:1103:13:MX_TIM2_Init	56	static
../Core/Src/main.c:1152:13:MX_TIM3_Init	64	static
../Core/Src/main.c:1215:13:MX_TIM4_Init	32	static
../Core/Src/main.c:1260:13:MX_TIM5_Init	64	static
../Core/Src/main.c:1323:13:MX_TIM10_Init	8	static
../Core/Src/main.c:1354:13:MX_USART1_UART_Init	8	static
../Core/Src/main.c:1387:13:MX_USART2_UART_Init	8	static
../Core/Src/main.c:1420:13:MX_USART3_UART_Init	8	static
../Core/Src/main.c:1451:13:MX_DMA_Init	16	static
../Core/Src/main.c:1473:13:MX_GPIO_Init	48	static
../Core/Src/main.c:1520:6:InvCpltCallback	32	static
../Core/Src/main.c:1533:6:setTestModeActuator	8	static
../Core/Src/main.c:1541:6:TestBreakProtection	16	static
../Core/Src/main.c:1554:6:canShoot	8	static
../Core/Src/main.c:1564:6:StopEnc	24	static
../Core/Src/main.c:1573:6:softEmergencyStop	24	static
../Core/Src/main.c:1584:6:Release	16	static
../Core/Src/main.c:1678:6:RTR_SpeedAngle	16	static,ignoring_inline_asm
../Core/Src/main.c:1707:6:StartDefaultTask	16	static
../Core/Src/main.c:1745:6:Drive	16	static
../Core/Src/main.c:1755:6:InverseKinematic	24	static
../Core/Src/main.c:1776:6:CAN_Bus	56	static
../Core/Src/main.c:1814:6:OdometerHandle	16	static
../Core/Src/main.c:2009:6:HAL_TIM_PeriodElapsedCallback	16	static
../Core/Src/main.c:2029:6:Error_Handler	4	static,ignoring_inline_asm
