../Core/Src/main.c:121:6:flagmain_SetFlag	16	static
../Core/Src/main.c:124:6:flagmain_CheckFlag	16	static
../Core/Src/main.c:127:6:flagmain_ClearFlag	16	static
../Core/Src/main.c:134:6:nodeHome_SetFlag	16	static
../Core/Src/main.c:137:6:nodeHome_CheckFlag	16	static
../Core/Src/main.c:140:6:nodeHome_ClearFlag	16	static
../Core/Src/main.c:178:6:HAL_CAN_RxFifo0MsgPendingCallback	32	static,ignoring_inline_asm
../Core/Src/main.c:185:6:HAL_CAN_RxFifo1MsgPendingCallback	32	static,ignoring_inline_asm
../Core/Src/main.c:192:6:CAN_Init	24	static
../Core/Src/main.c:204:6:setHomeComplete	4	static
../Core/Src/main.c:209:6:handleFunctionCAN	32	static
../Core/Src/main.c:241:6:Receive	24	static
../Core/Src/main.c:253:6:HAL_UARTEx_RxEventCallback	16	static
../Core/Src/main.c:263:6:HAL_UART_RxCpltCallback	32	static
../Core/Src/main.c:294:6:HAL_CAN_ErrorCallback	16	static
../Core/Src/main.c:298:6:HAL_UART_ErrorCallback	24	static
../Core/Src/main.c:304:6:HAL_UART_TxCpltCallback	16	static
../Core/Src/main.c:308:6:Send_Data	40	static
../Core/Src/main.c:327:6:Send_Header	8	static
../Core/Src/main.c:341:6:readADC	8	static
../Core/Src/main.c:363:5:main	184	static
../Core/Src/main.c:482:6:SystemClock_Config	88	static
../Core/Src/main.c:529:13:MX_ADC1_Init	24	static
../Core/Src/main.c:581:13:MX_CAN1_Init	8	static
../Core/Src/main.c:618:13:MX_TIM1_Init	56	static
../Core/Src/main.c:668:13:MX_TIM2_Init	56	static
../Core/Src/main.c:717:13:MX_TIM3_Init	64	static
../Core/Src/main.c:780:13:MX_TIM5_Init	64	static
../Core/Src/main.c:843:13:MX_TIM10_Init	8	static
../Core/Src/main.c:874:13:MX_USART1_UART_Init	8	static
../Core/Src/main.c:907:13:MX_USART2_UART_Init	8	static
../Core/Src/main.c:940:13:MX_USART3_UART_Init	8	static
../Core/Src/main.c:971:13:MX_DMA_Init	16	static
../Core/Src/main.c:993:13:MX_GPIO_Init	48	static
../Core/Src/main.c:1040:6:InvCpltCallback	32	static
../Core/Src/main.c:1050:6:setTestModeActuator	8	static
../Core/Src/main.c:1058:6:TestBreakProtection	16	static
../Core/Src/main.c:1071:6:canShoot	8	static
../Core/Src/main.c:1081:6:StopEnc	24	static
../Core/Src/main.c:1090:6:softEmergencyStop	24	static
../Core/Src/main.c:1101:6:Release	16	static
../Core/Src/main.c:1195:6:RTR_SpeedAngle	16	static,ignoring_inline_asm
../Core/Src/main.c:1252:6:omegaToZeta	32	static
../Core/Src/main.c:1296:6:PD_setParam	24	static
../Core/Src/main.c:1303:6:PD_setLimit	24	static
../Core/Src/main.c:1319:7:absFloat	16	static
../Core/Src/main.c:1326:7:min	24	static
../Core/Src/main.c:1335:7:max	24	static
../Core/Src/main.c:1343:5:Isteady	16	static
../Core/Src/main.c:1375:6:ReadIMU	8	static
../Core/Src/main.c:1380:6:ResetIMU	8	static
../Core/Src/main.c:1395:6:StartDefaultTask	16	static
../Core/Src/main.c:1438:6:Drive	16	static
../Core/Src/main.c:1448:6:InverseKinematic	24	static
../Core/Src/main.c:1469:6:CAN_Bus	56	static
../Core/Src/main.c:1504:6:Actuator	16	static
../Core/Src/main.c:1525:6:odo_SpeedAngleUpdate	16	static
../Core/Src/main.c:1531:6:OdometerHandle	16	static
../Core/Src/main.c:1589:6:StartTaskSilo	16	static
../Core/Src/main.c:1611:6:HAL_TIM_PeriodElapsedCallback	16	static
../Core/Src/main.c:1628:6:Error_Handler	4	static,ignoring_inline_asm
