../Core/Src/main.c:110:6:flagmain_SetFlag	16	static
../Core/Src/main.c:113:6:flagmain_CheckFlag	16	static
../Core/Src/main.c:116:6:flagmain_ClearFlag	16	static
../Core/Src/main.c:123:6:nodeHome_SetFlag	16	static
../Core/Src/main.c:126:6:nodeHome_CheckFlag	16	static
../Core/Src/main.c:129:6:nodeHome_ClearFlag	16	static
../Core/Src/main.c:234:6:HAL_CAN_RxFifo0MsgPendingCallback	32	static,ignoring_inline_asm
../Core/Src/main.c:241:6:HAL_CAN_RxFifo1MsgPendingCallback	32	static,ignoring_inline_asm
../Core/Src/main.c:248:6:CAN_Init	24	static
../Core/Src/main.c:260:6:setHomeComplete	4	static
../Core/Src/main.c:265:6:handleFunctionCAN	32	static
../Core/Src/main.c:296:6:HAL_UART_RxCpltCallback	32	static
../Core/Src/main.c:327:6:HAL_CAN_ErrorCallback	16	static
../Core/Src/main.c:331:6:HAL_UART_ErrorCallback	24	static
../Core/Src/main.c:337:6:HAL_UART_TxCpltCallback	16	static
../Core/Src/main.c:341:6:Send_Data	8	static
../Core/Src/main.c:346:6:Send_Header	8	static
../Core/Src/main.c:360:6:Get_MPU_Angle	8	static
../Core/Src/main.c:368:6:Reset_MPU_Angle	8	static
../Core/Src/main.c:378:6:process_Init	8	static
../Core/Src/main.c:394:6:process_PD_OnStrainghtPath	4	static
../Core/Src/main.c:406:6:process_PD_OnTrajecPath	4	static
../Core/Src/main.c:418:6:process_PD_Auto_Chose	16	static
../Core/Src/main.c:443:6:process_SetFloatingEnc	8	static
../Core/Src/main.c:448:6:process_ResetFloatingEnc	8	static
../Core/Src/main.c:453:6:process_Accel_FloatingEnc	40	static
../Core/Src/main.c:516:6:process_Accel_FloatingEnc2	32	static
../Core/Src/main.c:553:6:process_Accel_FloatingEnc3	48	static
../Core/Src/main.c:597:6:process_LineFollow	4	static
../Core/Src/main.c:601:6:process_RunByAngle	24	static
../Core/Src/main.c:607:6:process_Signal_RotationMatrixTransform	40	static
../Core/Src/main.c:614:6:process_Ball_Approach	8	static
../Core/Src/main.c:677:6:process_Ball_Approach2	8	static
../Core/Src/main.c:740:6:process_ApproachWall	8	static
../Core/Src/main.c:788:6:process_setVal_PutBall	16	static
../Core/Src/main.c:793:6:process_ReleaseBall	8	static
../Core/Src/main.c:804:6:process_getBall	8	static
../Core/Src/main.c:816:6:readADC	8	static
../Core/Src/main.c:833:6:process_WireRelease	8	static
../Core/Src/main.c:849:5:main	128	static
../Core/Src/main.c:968:6:SystemClock_Config	88	static
../Core/Src/main.c:1015:13:MX_ADC1_Init	24	static
../Core/Src/main.c:1067:13:MX_CAN1_Init	8	static
../Core/Src/main.c:1104:13:MX_TIM1_Init	56	static
../Core/Src/main.c:1154:13:MX_TIM2_Init	56	static
../Core/Src/main.c:1203:13:MX_TIM3_Init	64	static
../Core/Src/main.c:1266:13:MX_TIM4_Init	32	static
../Core/Src/main.c:1311:13:MX_TIM5_Init	64	static
../Core/Src/main.c:1374:13:MX_TIM10_Init	8	static
../Core/Src/main.c:1405:13:MX_USART1_UART_Init	8	static
../Core/Src/main.c:1438:13:MX_USART2_UART_Init	8	static
../Core/Src/main.c:1471:13:MX_USART3_UART_Init	8	static
../Core/Src/main.c:1502:13:MX_DMA_Init	16	static
../Core/Src/main.c:1524:13:MX_GPIO_Init	48	static
../Core/Src/main.c:1571:6:InvCpltCallback	32	static
../Core/Src/main.c:1584:6:setTestModeActuator	8	static
../Core/Src/main.c:1592:6:TestBreakProtection	16	static
../Core/Src/main.c:1605:6:canShoot	8	static
../Core/Src/main.c:1615:6:StopEnc	24	static
../Core/Src/main.c:1624:6:softEmergencyStop	24	static
../Core/Src/main.c:1635:6:Release	16	static
../Core/Src/main.c:1729:6:RTR_SpeedAngle	16	static,ignoring_inline_asm
../Core/Src/main.c:1758:6:StartDefaultTask	16	static
../Core/Src/main.c:1796:6:Drive	16	static
../Core/Src/main.c:1806:6:InverseKinematic	24	static
../Core/Src/main.c:1827:6:CAN_Bus	56	static
../Core/Src/main.c:1865:6:OdometerHandle	16	static
../Core/Src/main.c:2060:6:HAL_TIM_PeriodElapsedCallback	16	static
../Core/Src/main.c:2080:6:Error_Handler	4	static,ignoring_inline_asm
