../Core/Src/main.c:107:6:flagmain_SetFlag	16	static
../Core/Src/main.c:110:6:flagmain_CheckFlag	16	static
../Core/Src/main.c:113:6:flagmain_ClearFlag	16	static
../Core/Src/main.c:120:6:nodeHome_SetFlag	16	static
../Core/Src/main.c:123:6:nodeHome_CheckFlag	16	static
../Core/Src/main.c:126:6:nodeHome_ClearFlag	16	static
../Core/Src/main.c:154:6:HAL_CAN_RxFifo0MsgPendingCallback	32	static,ignoring_inline_asm
../Core/Src/main.c:161:6:HAL_CAN_RxFifo1MsgPendingCallback	32	static,ignoring_inline_asm
../Core/Src/main.c:168:6:CAN_Init	24	static
../Core/Src/main.c:180:6:setHomeComplete	4	static
../Core/Src/main.c:185:6:handleFunctionCAN	32	static
../Core/Src/main.c:210:6:HAL_UART_RxCpltCallback	32	static
../Core/Src/main.c:241:6:HAL_CAN_ErrorCallback	16	static
../Core/Src/main.c:245:6:HAL_UART_ErrorCallback	24	static
../Core/Src/main.c:257:5:main	160	static
../Core/Src/main.c:357:6:SystemClock_Config	88	static
../Core/Src/main.c:404:13:MX_CAN1_Init	8	static
../Core/Src/main.c:441:13:MX_TIM1_Init	56	static
../Core/Src/main.c:491:13:MX_TIM2_Init	56	static
../Core/Src/main.c:540:13:MX_TIM3_Init	56	static
../Core/Src/main.c:589:13:MX_USART3_UART_Init	8	static
../Core/Src/main.c:622:13:MX_GPIO_Init	16	static
../Core/Src/main.c:637:6:InvCpltCallback	32	static
../Core/Src/main.c:645:6:TestBreakProtection	16	static
../Core/Src/main.c:660:6:softEmergencyStop	24	static
../Core/Src/main.c:752:6:RTR_SpeedAngle	16	static,ignoring_inline_asm
../Core/Src/main.c:771:6:StartDefaultTask	16	static
../Core/Src/main.c:840:6:InverseKinematic	16	static
../Core/Src/main.c:858:6:CAN_Bus	56	static
../Core/Src/main.c:892:6:Actuator	16	static
../Core/Src/main.c:909:6:OdometerHandle	16	static
../Core/Src/main.c:929:6:HAL_TIM_PeriodElapsedCallback	16	static
../Core/Src/main.c:946:6:Error_Handler	4	static,ignoring_inline_asm
