../Core/Src/main.c:109:6:flagmain_SetFlag	16	static
../Core/Src/main.c:112:6:flagmain_CheckFlag	16	static
../Core/Src/main.c:115:6:flagmain_ClearFlag	16	static
../Core/Src/main.c:122:6:nodeHome_SetFlag	16	static
../Core/Src/main.c:125:6:nodeHome_CheckFlag	16	static
../Core/Src/main.c:128:6:nodeHome_ClearFlag	16	static
../Core/Src/main.c:221:6:HAL_CAN_RxFifo0MsgPendingCallback	32	static,ignoring_inline_asm
../Core/Src/main.c:228:6:HAL_CAN_RxFifo1MsgPendingCallback	32	static,ignoring_inline_asm
../Core/Src/main.c:235:6:CAN_Init	24	static
../Core/Src/main.c:247:6:setHomeComplete	4	static
../Core/Src/main.c:252:6:handleFunctionCAN	32	static
../Core/Src/main.c:279:6:HAL_UART_RxCpltCallback	32	static
../Core/Src/main.c:310:6:HAL_CAN_ErrorCallback	16	static
../Core/Src/main.c:314:6:HAL_UART_ErrorCallback	24	static
../Core/Src/main.c:320:6:HAL_UART_TxCpltCallback	16	static
../Core/Src/main.c:324:6:Send_Data	8	static
../Core/Src/main.c:329:6:Send_Header	8	static
../Core/Src/main.c:343:6:Get_MPU_Angle	8	static
../Core/Src/main.c:351:6:Reset_MPU_Angle	8	static
../Core/Src/main.c:358:6:process_Init	8	static
../Core/Src/main.c:373:6:process_Accel_FloatingEnc	40	static
../Core/Src/main.c:422:6:process_SetFloatingEnc	8	static
../Core/Src/main.c:427:6:process_ResetFloatingEnc	8	static
../Core/Src/main.c:432:6:process_Signal_RotationMatrixTransform	40	static
../Core/Src/main.c:442:6:readADC	8	static
../Core/Src/main.c:465:5:main	128	static
../Core/Src/main.c:584:6:SystemClock_Config	88	static
../Core/Src/main.c:631:13:MX_ADC1_Init	24	static
../Core/Src/main.c:683:13:MX_CAN1_Init	8	static
../Core/Src/main.c:720:13:MX_TIM1_Init	56	static
../Core/Src/main.c:770:13:MX_TIM2_Init	56	static
../Core/Src/main.c:819:13:MX_TIM3_Init	64	static
../Core/Src/main.c:882:13:MX_TIM4_Init	32	static
../Core/Src/main.c:927:13:MX_TIM5_Init	64	static
../Core/Src/main.c:990:13:MX_TIM10_Init	8	static
../Core/Src/main.c:1021:13:MX_USART1_UART_Init	8	static
../Core/Src/main.c:1054:13:MX_USART2_UART_Init	8	static
../Core/Src/main.c:1087:13:MX_USART3_UART_Init	8	static
../Core/Src/main.c:1118:13:MX_DMA_Init	16	static
../Core/Src/main.c:1140:13:MX_GPIO_Init	48	static
../Core/Src/main.c:1187:6:InvCpltCallback	32	static
../Core/Src/main.c:1197:6:setTestModeActuator	8	static
../Core/Src/main.c:1205:6:TestBreakProtection	16	static
../Core/Src/main.c:1218:6:canShoot	8	static
../Core/Src/main.c:1228:6:StopEnc	24	static
../Core/Src/main.c:1237:6:softEmergencyStop	24	static
../Core/Src/main.c:1248:6:Release	16	static
../Core/Src/main.c:1342:6:RTR_SpeedAngle	16	static,ignoring_inline_asm
../Core/Src/main.c:1375:6:StartDefaultTask	160	static
../Core/Src/main.c:1462:6:Drive	16	static
../Core/Src/main.c:1472:6:InverseKinematic	24	static
../Core/Src/main.c:1493:6:CAN_Bus	56	static
../Core/Src/main.c:1529:6:OdometerHandle	16	static
../Core/Src/main.c:1646:6:HAL_TIM_PeriodElapsedCallback	16	static
../Core/Src/main.c:1667:6:Error_Handler	4	static,ignoring_inline_asm
